Error on programNid=9005: 
Invalid `model.create()` invocation in
C:\Users\ryanr\Documents\dev\NOC-data-2025\index.js:35:17

  32 
  33 async function safeCreate(model, data, idLabel) {
  34   try {
→ 35     await model.create({
           data: {
             nid: 9005,
             title: "Baking and Pastry Arts Management",
             duration: null,
             credential: "Diploma",
             programAreaNid: 4,
             viuSearchKeywords: "baker",
             nocSearchKeywords: [
               "baking"
             ],
             knownNocGroups: [],
         +   programArea: {
         +     create: ProgramAreaCreateWithoutProgramsInput | ProgramAreaUncheckedCreateWithoutProgramsInput,
         +     connectOrCreate: ProgramAreaCreateOrConnectWithoutProgramsInput,
         +     connect: ProgramAreaWhereUniqueInput
         +   }
           }
         })

Argument `programArea` is missing.
Error on programNid=3481: 
Invalid `model.create()` invocation in
C:\Users\ryanr\Documents\dev\NOC-data-2025\index.js:35:17

  32 
  33 async function safeCreate(model, data, idLabel) {
  34   try {
→ 35     await model.create({
           data: {
             nid: 3481,
             title: "International Business (BBA)",
             duration: "Bachelor's",
             credential: "Degree",
             programAreaNid: 2,
             viuSearchKeywords: "analytics, buisness, commerce, international relations",
             nocSearchKeywords: [
               "business administration",
               "international business",
               "international"
             ],
             knownNocGroups: [],
         +   programArea: {
         +     create: ProgramAreaCreateWithoutProgramsInput | ProgramAreaUncheckedCreateWithoutProgramsInput,
         +     connectOrCreate: ProgramAreaCreateOrConnectWithoutProgramsInput,
         +     connect: ProgramAreaWhereUniqueInput
         +   }
           }
         })

Argument `programArea` is missing.
Error on programNid=4123: 
Invalid `model.create()` invocation in
C:\Users\ryanr\Documents\dev\NOC-data-2025\index.js:35:17

  32 
  33 async function safeCreate(model, data, idLabel) {
  34   try {
→ 35     await model.create({
           data: {
             nid: 4123,
             title: "Biology Honours",
             duration: "Bachelor's",
             credential: "Degree",
             programAreaNid: 9,
             viuSearchKeywords: "biotechnology, biotechnologist, botany, dentistry, ecology, environmental, food sciences, Marine, marine biologist, marine biology, nutritionist, phycology, vet, veterinary, veterinarian, vetinary, vetinarian, zoology",
             nocSearchKeywords: [
               "biology"
             ],
             knownNocGroups: [
               "2121"
             ],
         +   programArea: {
         +     create: ProgramAreaCreateWithoutProgramsInput | ProgramAreaUncheckedCreateWithoutProgramsInput,
         +     connectOrCreate: ProgramAreaCreateOrConnectWithoutProgramsInput,
         +     connect: ProgramAreaWhereUniqueInput
         +   }
           }
         })

Argument `programArea` is missing.
Error on programNid=7222: 
Invalid `model.create()` invocation in
C:\Users\ryanr\Documents\dev\NOC-data-2025\index.js:35:17

  32 
  33 async function safeCreate(model, data, idLabel) {
  34   try {
→ 35     await model.create({
           data: {
             nid: 7222,
             title: "Information Technology and Applied Systems – Web and Mobile Development Diploma",
             duration: null,
             credential: "Diploma",
             programAreaNid: 4,
             viuSearchKeywords: "itas, software engineering",
             nocSearchKeywords: [
               "computer science",
               "analytics",
               "artificial intelligence",
               "software engineering",
               "computer programming",
               "web design",
               "web development",
               "mobile development"
             ],
             knownNocGroups: [],
         +   programArea: {
         +     create: ProgramAreaCreateWithoutProgramsInput | ProgramAreaUncheckedCreateWithoutProgramsInput,
         +     connectOrCreate: ProgramAreaCreateOrConnectWithoutProgramsInput,
         +     connect: ProgramAreaWhereUniqueInput
         +   }
           }
         })

Argument `programArea` is missing.
Error on programNid=3483: 
Invalid `model.create()` invocation in
C:\Users\ryanr\Documents\dev\NOC-data-2025\index.js:35:17

  32 
  33 async function safeCreate(model, data, idLabel) {
  34   try {
→ 35     await model.create({
           data: {
             nid: 3483,
             title: "Management (BBA)",
             duration: "Bachelor's",
             credential: "Degree",
             programAreaNid: 2,
             viuSearchKeywords: null,
             nocSearchKeywords: [
               "business administration",
               "business management",
               "management"
             ],
             knownNocGroups: [],
         +   programArea: {
         +     create: ProgramAreaCreateWithoutProgramsInput | ProgramAreaUncheckedCreateWithoutProgramsInput,
         +     connectOrCreate: ProgramAreaCreateOrConnectWithoutProgramsInput,
         +     connect: ProgramAreaWhereUniqueInput
         +   }
           }
         })

Argument `programArea` is missing.
Error on programNid=7095: 
Invalid `model.create()` invocation in
C:\Users\ryanr\Documents\dev\NOC-data-2025\index.js:35:17

  32 
  33 async function safeCreate(model, data, idLabel) {
  34   try {
→ 35     await model.create({
           data: {
             nid: 7095,
             title: "Integrated Engineering Technologist Diploma",
             duration: null,
             credential: "Diploma",
             programAreaNid: 9,
             viuSearchKeywords: "architecture, aerospace, aviation, civil engineering, civil technologist, engineering, engineering diploma, engineering technologist, mechanical, mechanics, tech sector",
             nocSearchKeywords: [
               "engineering technology"
             ],
             knownNocGroups: [],
         +   programArea: {
         +     create: ProgramAreaCreateWithoutProgramsInput | ProgramAreaUncheckedCreateWithoutProgramsInput,
         +     connectOrCreate: ProgramAreaCreateOrConnectWithoutProgramsInput,
         +     connect: ProgramAreaWhereUniqueInput
         +   }
           }
         })

Argument `programArea` is missing.
Error on programNid=7138: 
Invalid `model.create()` invocation in
C:\Users\ryanr\Documents\dev\NOC-data-2025\index.js:35:17

  32 
  33 async function safeCreate(model, data, idLabel) {
  34   try {
→ 35     await model.create({
           data: {
             nid: 7138,
             title: "Professional Indigenous Lands Management Certificate",
             duration: null,
             credential: "Certificate",
             programAreaNid: 3,
             viuSearchKeywords: "First Nations, indigenous",
             nocSearchKeywords: [],
             knownNocGroups: [],
         +   programArea: {
         +     create: ProgramAreaCreateWithoutProgramsInput | ProgramAreaUncheckedCreateWithoutProgramsInput,
         +     connectOrCreate: ProgramAreaCreateOrConnectWithoutProgramsInput,
         +     connect: ProgramAreaWhereUniqueInput
         +   }
           }
         })

Argument `programArea` is missing.
Error on programNid=9185: 
Invalid `model.create()` invocation in
C:\Users\ryanr\Documents\dev\NOC-data-2025\index.js:35:17

  32 
  33 async function safeCreate(model, data, idLabel) {
  34   try {
→ 35     await model.create({
           data: {
             nid: 9185,
             title: "Esthetics and Spa Therapy",
             duration: null,
             credential: "Certificate",
             programAreaNid: 4,
             viuSearchKeywords: "Esthetics and Spa Therapy, Continuing Education, Continuing Studies",
             nocSearchKeywords: [
               "estheticians"
             ],
             knownNocGroups: [
               "6562"
             ],
         +   programArea: {
         +     create: ProgramAreaCreateWithoutProgramsInput | ProgramAreaUncheckedCreateWithoutProgramsInput,
         +     connectOrCreate: ProgramAreaCreateOrConnectWithoutProgramsInput,
         +     connect: ProgramAreaWhereUniqueInput
         +   }
           }
         })

Argument `programArea` is missing.
Error on programNid=3527: 
Invalid `model.create()` invocation in
C:\Users\ryanr\Documents\dev\NOC-data-2025\index.js:35:17

  32 
  33 async function safeCreate(model, data, idLabel) {
  34   try {
→ 35     await model.create({
           data: {
             nid: 3527,
             title: "Bachelor of Business Administration (BBA), Majors and Minors",
             duration: "Bachelor's",
             credential: "Degree",
             programAreaNid: 2,
             viuSearchKeywords: "analytics, buisness, commerce, supply chain",
             nocSearchKeywords: [
               "business administration"
             ],
             knownNocGroups: [],
         +   programArea: {
         +     create: ProgramAreaCreateWithoutProgramsInput | ProgramAreaUncheckedCreateWithoutProgramsInput,
         +     connectOrCreate: ProgramAreaCreateOrConnectWithoutProgramsInput,
         +     connect: ProgramAreaWhereUniqueInput
         +   }
           }
         })

Argument `programArea` is missing.
Error on programNid=7113: 
Invalid `model.create()` invocation in
C:\Users\ryanr\Documents\dev\NOC-data-2025\index.js:35:17

  32 
  33 async function safeCreate(model, data, idLabel) {
  34   try {
→ 35     await model.create({
           data: {
             nid: 7113,
             title: "Geography Honours (BA)",
             duration: "Bachelor's",
             credential: "Degree",
             programAreaNid: 3,
             viuSearchKeywords: "urban planning",
             nocSearchKeywords: [
               " urban and regional planning",
               "geography"
             ],
             knownNocGroups: [
               "2153"
             ],
         +   programArea: {
         +     create: ProgramAreaCreateWithoutProgramsInput | ProgramAreaUncheckedCreateWithoutProgramsInput,
         +     connectOrCreate: ProgramAreaCreateOrConnectWithoutProgramsInput,
         +     connect: ProgramAreaWhereUniqueInput
         +   }
           }
         })

Argument `programArea` is missing.
Error on programNid=9115: 
Invalid `model.create()` invocation in
C:\Users\ryanr\Documents\dev\NOC-data-2025\index.js:35:17

  32 
  33 async function safeCreate(model, data, idLabel) {
  34   try {
→ 35     await model.create({
           data: {
             nid: 9115,
             title: "Psychology Honours (BSc)",
             duration: "Bachelor's",
             credential: "Degree",
             programAreaNid: 9,
             viuSearchKeywords: "counseling, counselling, psycology",
             nocSearchKeywords: [
               "psychology"
             ],
             knownNocGroups: [],
         +   programArea: {
         +     create: ProgramAreaCreateWithoutProgramsInput | ProgramAreaUncheckedCreateWithoutProgramsInput,
         +     connectOrCreate: ProgramAreaCreateOrConnectWithoutProgramsInput,
         +     connect: ProgramAreaWhereUniqueInput
         +   }
           }
         })

Argument `programArea` is missing.
Error on programNid=3482: 
Invalid `model.create()` invocation in
C:\Users\ryanr\Documents\dev\NOC-data-2025\index.js:35:17

  32 
  33 async function safeCreate(model, data, idLabel) {
  34   try {
→ 35     await model.create({
           data: {
             nid: 3482,
             title: "Marketing (BBA)",
             duration: "Bachelor's",
             credential: "Degree",
             programAreaNid: 2,
             viuSearchKeywords: null,
             nocSearchKeywords: [
               "business administration",
               "business marketing",
               "marketing"
             ],
             knownNocGroups: [],
         +   programArea: {
         +     create: ProgramAreaCreateWithoutProgramsInput | ProgramAreaUncheckedCreateWithoutProgramsInput,
         +     connectOrCreate: ProgramAreaCreateOrConnectWithoutProgramsInput,
         +     connect: ProgramAreaWhereUniqueInput
         +   }
           }
         })

Argument `programArea` is missing.
Error on programNid=9004: 
Invalid `model.create()` invocation in
C:\Users\ryanr\Documents\dev\NOC-data-2025\index.js:35:17

  32 
  33 async function safeCreate(model, data, idLabel) {
  34   try {
→ 35     await model.create({
           data: {
             nid: 9004,
             title: "Aquaculture (BSc)",
             duration: "Bachelor's",
             credential: "Degree",
             programAreaNid: 9,
             viuSearchKeywords: null,
             nocSearchKeywords: [
               "aquaculture"
             ],
             knownNocGroups: [
               "0823"
             ],
         +   programArea: {
         +     create: ProgramAreaCreateWithoutProgramsInput | ProgramAreaUncheckedCreateWithoutProgramsInput,
         +     connectOrCreate: ProgramAreaCreateOrConnectWithoutProgramsInput,
         +     connect: ProgramAreaWhereUniqueInput
         +   }
           }
         })

Argument `programArea` is missing.
Error on programNid=4194: 
Invalid `model.create()` invocation in
C:\Users\ryanr\Documents\dev\NOC-data-2025\index.js:35:17

  32 
  33 async function safeCreate(model, data, idLabel) {
  34   try {
→ 35     await model.create({
           data: {
             nid: 4194,
             title: "Fundamentals of Forest Harvesting Practices",
             duration: null,
             credential: "Certificate",
             programAreaNid: 4,
             viuSearchKeywords: "forestry, forester",
             nocSearchKeywords: [],
             knownNocGroups: [
               "8241",
               "7511",
               "8211",
               "8616",
               "7521"
             ],
         +   programArea: {
         +     create: ProgramAreaCreateWithoutProgramsInput | ProgramAreaUncheckedCreateWithoutProgramsInput,
         +     connectOrCreate: ProgramAreaCreateOrConnectWithoutProgramsInput,
         +     connect: ProgramAreaWhereUniqueInput
         +   }
           }
         })

Argument `programArea` is missing.
Error on programNid=4980: 
Invalid `model.create()` invocation in
C:\Users\ryanr\Documents\dev\NOC-data-2025\index.js:35:17

  32 
  33 async function safeCreate(model, data, idLabel) {
  34   try {
→ 35     await model.create({
           data: {
             nid: 4980,
             title: "Indigenous/Xwulmuxw Studies (BA)",
             duration: "Bachelor's",
             credential: "Degree",
             programAreaNid: 3,
             viuSearchKeywords: "Aboriginal, First Nations, indigenous",
             nocSearchKeywords: [],
             knownNocGroups: [],
         +   programArea: {
         +     create: ProgramAreaCreateWithoutProgramsInput | ProgramAreaUncheckedCreateWithoutProgramsInput,
         +     connectOrCreate: ProgramAreaCreateOrConnectWithoutProgramsInput,
         +     connect: ProgramAreaWhereUniqueInput
         +   }
           }
         })

Argument `programArea` is missing.
Error on programNid=7125: 
Invalid `model.create()` invocation in
C:\Users\ryanr\Documents\dev\NOC-data-2025\index.js:35:17

  32 
  33 async function safeCreate(model, data, idLabel) {
  34   try {
→ 35     await model.create({
           data: {
             nid: 7125,
             title: "Bachelor of Kinesiology",
             duration: "Bachelor's",
             credential: "Degree",
             programAreaNid: 11,
             viuSearchKeywords: "athletics, biomechanics, kinesiology, medical terminology, occupational therapy, personal trainer, physiotherapy",
             nocSearchKeywords: [
               "kinesiology",
               "human kinetics",
               "sport therapy",
               "health sciences",
               "sports injury management"
             ],
             knownNocGroups: [
               "3144"
             ],
         +   programArea: {
         +     create: ProgramAreaCreateWithoutProgramsInput | ProgramAreaUncheckedCreateWithoutProgramsInput,
         +     connectOrCreate: ProgramAreaCreateOrConnectWithoutProgramsInput,
         +     connect: ProgramAreaWhereUniqueInput
         +   }
           }
         })

Argument `programArea` is missing.
Error on programNid=6530: 
Invalid `model.create()` invocation in
C:\Users\ryanr\Documents\dev\NOC-data-2025\index.js:35:17

  32 
  33 async function safeCreate(model, data, idLabel) {
  34   try {
→ 35     await model.create({
           data: {
             nid: 6530,
             title: "Anthropology Honours (BA)",
             duration: "Bachelor's",
             credential: "Degree",
             programAreaNid: 3,
             viuSearchKeywords: null,
             nocSearchKeywords: [],
             knownNocGroups: [
               "4169"
             ],
         +   programArea: {
         +     create: ProgramAreaCreateWithoutProgramsInput | ProgramAreaUncheckedCreateWithoutProgramsInput,
         +     connectOrCreate: ProgramAreaCreateOrConnectWithoutProgramsInput,
         +     connect: ProgramAreaWhereUniqueInput
         +   }
           }
         })

Argument `programArea` is missing.
Error on programNid=9143: 
Invalid `model.create()` invocation in
C:\Users\ryanr\Documents\dev\NOC-data-2025\index.js:35:17

  32 
  33 async function safeCreate(model, data, idLabel) {
  34   try {
→ 35     await model.create({
           data: {
             nid: 9143,
             title: "Computer Science Honours",
             duration: "Bachelor's",
             credential: "Degree",
             programAreaNid: 3,
             viuSearchKeywords: "analytics, artificial intelligence, data, information technology, software engineering",
             nocSearchKeywords: [
               "computer science",
               "analytics",
               "artificial intelligence",
               "software engineering"
             ],
             knownNocGroups: [],
         +   programArea: {
         +     create: ProgramAreaCreateWithoutProgramsInput | ProgramAreaUncheckedCreateWithoutProgramsInput,
         +     connectOrCreate: ProgramAreaCreateOrConnectWithoutProgramsInput,
         +     connect: ProgramAreaWhereUniqueInput
         +   }
           }
         })

Argument `programArea` is missing.
Error on programNid=3480: 
Invalid `model.create()` invocation in
C:\Users\ryanr\Documents\dev\NOC-data-2025\index.js:35:17

  32 
  33 async function safeCreate(model, data, idLabel) {
  34   try {
→ 35     await model.create({
           data: {
             nid: 3480,
             title: "Human Resources Management (BBA)",
             duration: "Bachelor's",
             credential: "Degree",
             programAreaNid: 2,
             viuSearchKeywords: null,
             nocSearchKeywords: [
               "business administration",
               "business human resources",
               "human resources"
             ],
             knownNocGroups: [],
         +   programArea: {
         +     create: ProgramAreaCreateWithoutProgramsInput | ProgramAreaUncheckedCreateWithoutProgramsInput,
         +     connectOrCreate: ProgramAreaCreateOrConnectWithoutProgramsInput,
         +     connect: ProgramAreaWhereUniqueInput
         +   }
           }
         })

Argument `programArea` is missing.
Error on programNid=9000: 
Invalid `model.create()` invocation in
C:\Users\ryanr\Documents\dev\NOC-data-2025\index.js:35:17

  32 
  33 async function safeCreate(model, data, idLabel) {
  34   try {
→ 35     await model.create({
           data: {
             nid: 9000,
             title: "Aquaculture (BA)",
             duration: "Bachelor's",
             credential: "Degree",
             programAreaNid: 3,
             viuSearchKeywords: null,
             nocSearchKeywords: [
               "aquaculture"
             ],
             knownNocGroups: [
               "0823"
             ],
         +   programArea: {
         +     create: ProgramAreaCreateWithoutProgramsInput | ProgramAreaUncheckedCreateWithoutProgramsInput,
         +     connectOrCreate: ProgramAreaCreateOrConnectWithoutProgramsInput,
         +     connect: ProgramAreaWhereUniqueInput
         +   }
           }
         })

Argument `programArea` is missing.
Error on programNid=3478: 
Invalid `model.create()` invocation in
C:\Users\ryanr\Documents\dev\NOC-data-2025\index.js:35:17

  32 
  33 async function safeCreate(model, data, idLabel) {
  34   try {
→ 35     await model.create({
           data: {
             nid: 3478,
             title: "Economics (BBA)",
             duration: "Bachelor's",
             credential: "Degree",
             programAreaNid: 2,
             viuSearchKeywords: null,
             nocSearchKeywords: [
               "business administration",
               "business economics",
               "economics"
             ],
             knownNocGroups: [],
         +   programArea: {
         +     create: ProgramAreaCreateWithoutProgramsInput | ProgramAreaUncheckedCreateWithoutProgramsInput,
         +     connectOrCreate: ProgramAreaCreateOrConnectWithoutProgramsInput,
         +     connect: ProgramAreaWhereUniqueInput
         +   }
           }
         })

Argument `programArea` is missing.
Error on programNid=319: 
Invalid `model.create()` invocation in
C:\Users\ryanr\Documents\dev\NOC-data-2025\index.js:35:17

  32 
  33 async function safeCreate(model, data, idLabel) {
  34   try {
→ 35     await model.create({
           data: {
             nid: 319,
             title: "Languages and Culture (Romance Languages) (BA)",
             duration: "Bachelor's",
             credential: "Degree",
             programAreaNid: 3,
             viuSearchKeywords: null,
             nocSearchKeywords: [],
             knownNocGroups: [],
         +   programArea: {
         +     create: ProgramAreaCreateWithoutProgramsInput | ProgramAreaUncheckedCreateWithoutProgramsInput,
         +     connectOrCreate: ProgramAreaCreateOrConnectWithoutProgramsInput,
         +     connect: ProgramAreaWhereUniqueInput
         +   }
           }
         })

Argument `programArea` is missing.
Error on programNid=295: 
Invalid `model.create()` invocation in
C:\Users\ryanr\Documents\dev\NOC-data-2025\index.js:35:17

  32 
  33 async function safeCreate(model, data, idLabel) {
  34   try {
→ 35     await model.create({
           data: {
             nid: 295,
             title: "Proficiency in Language and Culture",
             duration: null,
             credential: "Certificate",
             programAreaNid: 3,
             viuSearchKeywords: null,
             nocSearchKeywords: [],
             knownNocGroups: [],
         +   programArea: {
         +     create: ProgramAreaCreateWithoutProgramsInput | ProgramAreaUncheckedCreateWithoutProgramsInput,
         +     connectOrCreate: ProgramAreaCreateOrConnectWithoutProgramsInput,
         +     connect: ProgramAreaWhereUniqueInput
         +   }
           }
         })

Argument `programArea` is missing.
Error on programNid=313: 
Invalid `model.create()` invocation in
C:\Users\ryanr\Documents\dev\NOC-data-2025\index.js:35:17

  32 
  33 async function safeCreate(model, data, idLabel) {
  34   try {
→ 35     await model.create({
           data: {
             nid: 313,
             title: "Physical Education",
             duration: null,
             credential: "Diploma",
             programAreaNid: 11,
             viuSearchKeywords: "kinesiology, physiotherapy, occupational therapy, biomechanics, personal trainer",
             nocSearchKeywords: [
               "physical education",
               "recreation",
               "occupational therapy",
               "physiotherapy",
               "rehabilitation therapists"
             ],
             knownNocGroups: [],
         +   programArea: {
         +     create: ProgramAreaCreateWithoutProgramsInput | ProgramAreaUncheckedCreateWithoutProgramsInput,
         +     connectOrCreate: ProgramAreaCreateOrConnectWithoutProgramsInput,
         +     connect: ProgramAreaWhereUniqueInput
         +   }
           }
         })

Argument `programArea` is missing.
Error on programNid=290: 
Invalid `model.create()` invocation in
C:\Users\ryanr\Documents\dev\NOC-data-2025\index.js:35:17

  32 
  33 async function safeCreate(model, data, idLabel) {
  34   try {
→ 35     await model.create({
           data: {
             nid: 290,
             title: "Earth Science (BA)",
             duration: "Bachelor's",
             credential: "Degree",
             programAreaNid: 3,
             viuSearchKeywords: null,
             nocSearchKeywords: [],
             knownNocGroups: [
               "4161"
             ],
         +   programArea: {
         +     create: ProgramAreaCreateWithoutProgramsInput | ProgramAreaUncheckedCreateWithoutProgramsInput,
         +     connectOrCreate: ProgramAreaCreateOrConnectWithoutProgramsInput,
         +     connect: ProgramAreaWhereUniqueInput
         +   }
           }
         })

Argument `programArea` is missing.
Error on programNid=294: 
Invalid `model.create()` invocation in
C:\Users\ryanr\Documents\dev\NOC-data-2025\index.js:35:17

  32 
  33 async function safeCreate(model, data, idLabel) {
  34   try {
→ 35     await model.create({
           data: {
             nid: 294,
             title: "Master of Community Planning",
             duration: "Master's",
             credential: "Degree",
             programAreaNid: 3,
             viuSearchKeywords: "architecture, civil engineering, urban planning",
             nocSearchKeywords: [
               "urban and regional planning"
             ],
             knownNocGroups: [],
         +   programArea: {
         +     create: ProgramAreaCreateWithoutProgramsInput | ProgramAreaUncheckedCreateWithoutProgramsInput,
         +     connectOrCreate: ProgramAreaCreateOrConnectWithoutProgramsInput,
         +     connect: ProgramAreaWhereUniqueInput
         +   }
           }
         })

Argument `programArea` is missing.
Error on programNid=3477: 
Invalid `model.create()` invocation in
C:\Users\ryanr\Documents\dev\NOC-data-2025\index.js:35:17

  32 
  33 async function safeCreate(model, data, idLabel) {
  34   try {
→ 35     await model.create({
           data: {
             nid: 3477,
             title: "Accounting (BBA)",
             duration: "Bachelor's",
             credential: "Degree",
             programAreaNid: 2,
             viuSearchKeywords: "book keeping, bookkeeping",
             nocSearchKeywords: [
               "business administration",
               "business accounting",
               "accounting"
             ],
             knownNocGroups: [],
         +   programArea: {
         +     create: ProgramAreaCreateWithoutProgramsInput | ProgramAreaUncheckedCreateWithoutProgramsInput,
         +     connectOrCreate: ProgramAreaCreateOrConnectWithoutProgramsInput,
         +     connect: ProgramAreaWhereUniqueInput
         +   }
           }
         })

Argument `programArea` is missing.
Error on programNid=3356: 
Invalid `model.create()` invocation in
C:\Users\ryanr\Documents\dev\NOC-data-2025\index.js:35:17

  32 
  33 async function safeCreate(model, data, idLabel) {
  34   try {
→ 35     await model.create({
           data: {
             nid: 3356,
             title: "Languages and Culture (Romance Languages) (BSc)",
             duration: "Bachelor's",
             credential: "Degree",
             programAreaNid: 9,
             viuSearchKeywords: null,
             nocSearchKeywords: [],
             knownNocGroups: [],
         +   programArea: {
         +     create: ProgramAreaCreateWithoutProgramsInput | ProgramAreaUncheckedCreateWithoutProgramsInput,
         +     connectOrCreate: ProgramAreaCreateOrConnectWithoutProgramsInput,
         +     connect: ProgramAreaWhereUniqueInput
         +   }
           }
         })

Argument `programArea` is missing.
Error on programNid=1338: 
Invalid `model.create()` invocation in
C:\Users\ryanr\Documents\dev\NOC-data-2025\index.js:35:17

  32 
  33 async function safeCreate(model, data, idLabel) {
  34   try {
→ 35     await model.create({
           data: {
             nid: 1338,
             title: "Education Assistant and Community Support",
             duration: null,
             credential: "Certificate",
             programAreaNid: 13,
             viuSearchKeywords: "Educational Assistant",
             nocSearchKeywords: [
               "teaching assistance",
               "educational assistance",
               "social science"
             ],
             knownNocGroups: [],
         +   programArea: {
         +     create: ProgramAreaCreateWithoutProgramsInput | ProgramAreaUncheckedCreateWithoutProgramsInput,
         +     connectOrCreate: ProgramAreaCreateOrConnectWithoutProgramsInput,
         +     connect: ProgramAreaWhereUniqueInput
         +   }
           }
         })

Argument `programArea` is missing.
Error on programNid=1301: 
Invalid `model.create()` invocation in
C:\Users\ryanr\Documents\dev\NOC-data-2025\index.js:35:17

  32 
  33 async function safeCreate(model, data, idLabel) {
  34   try {
→ 35     await model.create({
           data: {
             nid: 1301,
             title: "Certificate in Adventure Tourism and Recreation",
             duration: null,
             credential: "Certificate",
             programAreaNid: 1,
             viuSearchKeywords: null,
             nocSearchKeywords: [],
             knownNocGroups: [
               "6531",
               "6313"
             ],
         +   programArea: {
         +     create: ProgramAreaCreateWithoutProgramsInput | ProgramAreaUncheckedCreateWithoutProgramsInput,
         +     connectOrCreate: ProgramAreaCreateOrConnectWithoutProgramsInput,
         +     connect: ProgramAreaWhereUniqueInput
         +   }
           }
         })

Argument `programArea` is missing.
Error on programNid=3479: 
Invalid `model.create()` invocation in
C:\Users\ryanr\Documents\dev\NOC-data-2025\index.js:35:17

  32 
  33 async function safeCreate(model, data, idLabel) {
  34   try {
→ 35     await model.create({
           data: {
             nid: 3479,
             title: "Financial Services (BBA)",
             duration: "Bachelor's",
             credential: "Degree",
             programAreaNid: 2,
             viuSearchKeywords: null,
             nocSearchKeywords: [
               "business administration",
               "business financial services",
               "financial services"
             ],
             knownNocGroups: [],
         +   programArea: {
         +     create: ProgramAreaCreateWithoutProgramsInput | ProgramAreaUncheckedCreateWithoutProgramsInput,
         +     connectOrCreate: ProgramAreaCreateOrConnectWithoutProgramsInput,
         +     connect: ProgramAreaWhereUniqueInput
         +   }
           }
         })

Argument `programArea` is missing.
Error on programNid=3318: 
Invalid `model.create()` invocation in
C:\Users\ryanr\Documents\dev\NOC-data-2025\index.js:35:17

  32 
  33 async function safeCreate(model, data, idLabel) {
  34   try {
→ 35     await model.create({
           data: {
             nid: 3318,
             title: "History Honours (BA)",
             duration: "Bachelor's",
             credential: "Degree",
             programAreaNid: 3,
             viuSearchKeywords: null,
             nocSearchKeywords: [
               "History"
             ],
             knownNocGroups: [],
         +   programArea: {
         +     create: ProgramAreaCreateWithoutProgramsInput | ProgramAreaUncheckedCreateWithoutProgramsInput,
         +     connectOrCreate: ProgramAreaCreateOrConnectWithoutProgramsInput,
         +     connect: ProgramAreaWhereUniqueInput
         +   }
           }
         })

Argument `programArea` is missing.
Error on programNid=1341: 
Invalid `model.create()` invocation in
C:\Users\ryanr\Documents\dev\NOC-data-2025\index.js:35:17

  32 
  33 async function safeCreate(model, data, idLabel) {
  34   try {
→ 35     await model.create({
           data: {
             nid: 1341,
             title: "English Honours (BA)",
             duration: "Bachelor's",
             credential: "Degree",
             programAreaNid: 3,
             viuSearchKeywords: null,
             nocSearchKeywords: [
               "english"
             ],
             knownNocGroups: [],
         +   programArea: {
         +     create: ProgramAreaCreateWithoutProgramsInput | ProgramAreaUncheckedCreateWithoutProgramsInput,
         +     connectOrCreate: ProgramAreaCreateOrConnectWithoutProgramsInput,
         +     connect: ProgramAreaWhereUniqueInput
         +   }
           }
         })

Argument `programArea` is missing.
Error on programNid=3270: 
Invalid `model.create()` invocation in
C:\Users\ryanr\Documents\dev\NOC-data-2025\index.js:35:17

  32 
  33 async function safeCreate(model, data, idLabel) {
  34   try {
→ 35     await model.create({
           data: {
             nid: 3270,
             title: "Philosophy Honours (BA)",
             duration: "Bachelor's",
             credential: "Degree",
             programAreaNid: 3,
             viuSearchKeywords: null,
             nocSearchKeywords: [],
             knownNocGroups: [],
         +   programArea: {
         +     create: ProgramAreaCreateWithoutProgramsInput | ProgramAreaUncheckedCreateWithoutProgramsInput,
         +     connectOrCreate: ProgramAreaCreateOrConnectWithoutProgramsInput,
         +     connect: ProgramAreaWhereUniqueInput
         +   }
           }
         })

Argument `programArea` is missing.
Error on programNid=3322: 
Invalid `model.create()` invocation in
C:\Users\ryanr\Documents\dev\NOC-data-2025\index.js:35:17

  32 
  33 async function safeCreate(model, data, idLabel) {
  34   try {
→ 35     await model.create({
           data: {
             nid: 3322,
             title: "Psychology Honours (BA)",
             duration: "Bachelor's",
             credential: "Degree",
             programAreaNid: 3,
             viuSearchKeywords: "counseling, counselling, psycology",
             nocSearchKeywords: [
               "psychology"
             ],
             knownNocGroups: [],
         +   programArea: {
         +     create: ProgramAreaCreateWithoutProgramsInput | ProgramAreaUncheckedCreateWithoutProgramsInput,
         +     connectOrCreate: ProgramAreaCreateOrConnectWithoutProgramsInput,
         +     connect: ProgramAreaWhereUniqueInput
         +   }
           }
         })

Argument `programArea` is missing.
Error on programNid=3442: 
Invalid `model.create()` invocation in
C:\Users\ryanr\Documents\dev\NOC-data-2025\index.js:35:17

  32 
  33 async function safeCreate(model, data, idLabel) {
  34   try {
→ 35     await model.create({
           data: {
             nid: 3442,
             title: "Legal Studies",
             duration: null,
             credential: "Certificate",
             programAreaNid: 3,
             viuSearchKeywords: null,
             nocSearchKeywords: [],
             knownNocGroups: [],
         +   programArea: {
         +     create: ProgramAreaCreateWithoutProgramsInput | ProgramAreaUncheckedCreateWithoutProgramsInput,
         +     connectOrCreate: ProgramAreaCreateOrConnectWithoutProgramsInput,
         +     connect: ProgramAreaWhereUniqueInput
         +   }
           }
         })

Argument `programArea` is missing.
Error on programNid=293: 
Invalid `model.create()` invocation in
C:\Users\ryanr\Documents\dev\NOC-data-2025\index.js:35:17

  32 
  33 async function safeCreate(model, data, idLabel) {
  34   try {
→ 35     await model.create({
           data: {
             nid: 293,
             title: "Master of Geographic Information Systems (GIS) Applications",
             duration: "Master's",
             credential: "Degree",
             programAreaNid: 3,
             viuSearchKeywords: "data, geomatics, information management, remote sensing",
             nocSearchKeywords: [],
             knownNocGroups: [],
         +   programArea: {
         +     create: ProgramAreaCreateWithoutProgramsInput | ProgramAreaUncheckedCreateWithoutProgramsInput,
         +     connectOrCreate: ProgramAreaCreateOrConnectWithoutProgramsInput,
         +     connect: ProgramAreaWhereUniqueInput
         +   }
           }
         })

Argument `programArea` is missing.
Error on programNid=289: 
Invalid `model.create()` invocation in
C:\Users\ryanr\Documents\dev\NOC-data-2025\index.js:35:17

  32 
  33 async function safeCreate(model, data, idLabel) {
  34   try {
→ 35     await model.create({
           data: {
             nid: 289,
             title: "Bachelor of Arts (BA), Honours, Majors, and Minors",
             duration: "Bachelor's",
             credential: "Degree",
             programAreaNid: 3,
             viuSearchKeywords: "ba, bachelor of arts",
             nocSearchKeywords: [],
             knownNocGroups: [],
         +   programArea: {
         +     create: ProgramAreaCreateWithoutProgramsInput | ProgramAreaUncheckedCreateWithoutProgramsInput,
         +     connectOrCreate: ProgramAreaCreateOrConnectWithoutProgramsInput,
         +     connect: ProgramAreaWhereUniqueInput
         +   }
           }
         })

Argument `programArea` is missing.
Error on programNid=3326: 
Invalid `model.create()` invocation in
C:\Users\ryanr\Documents\dev\NOC-data-2025\index.js:35:17

  32 
  33 async function safeCreate(model, data, idLabel) {
  34   try {
→ 35     await model.create({
           data: {
             nid: 3326,
             title: "Sociology Honours (BA)",
             duration: "Bachelor's",
             credential: "Degree",
             programAreaNid: 3,
             viuSearchKeywords: null,
             nocSearchKeywords: [
               "sociology"
             ],
             knownNocGroups: [],
         +   programArea: {
         +     create: ProgramAreaCreateWithoutProgramsInput | ProgramAreaUncheckedCreateWithoutProgramsInput,
         +     connectOrCreate: ProgramAreaCreateOrConnectWithoutProgramsInput,
         +     connect: ProgramAreaWhereUniqueInput
         +   }
           }
         })

Argument `programArea` is missing.
Error on programNid=287: 
Invalid `model.create()` invocation in
C:\Users\ryanr\Documents\dev\NOC-data-2025\index.js:35:17

  32 
  33 async function safeCreate(model, data, idLabel) {
  34   try {
→ 35     await model.create({
           data: {
             nid: 287,
             title: "Culinary Management",
             duration: null,
             credential: "Diploma",
             programAreaNid: 4,
             viuSearchKeywords: "cook, food",
             nocSearchKeywords: [
               "food service administration",
               "hotel and restaurant management"
             ],
             knownNocGroups: [],
         +   programArea: {
         +     create: ProgramAreaCreateWithoutProgramsInput | ProgramAreaUncheckedCreateWithoutProgramsInput,
         +     connectOrCreate: ProgramAreaCreateOrConnectWithoutProgramsInput,
         +     connect: ProgramAreaWhereUniqueInput
         +   }
           }
         })

Argument `programArea` is missing.
Error on programNid=249: 
Invalid `model.create()` invocation in
C:\Users\ryanr\Documents\dev\NOC-data-2025\index.js:35:17

  32 
  33 async function safeCreate(model, data, idLabel) {
  34   try {
→ 35     await model.create({
           data: {
             nid: 249,
             title: "Theatre",
             duration: null,
             credential: "Diploma",
             programAreaNid: 6,
             viuSearchKeywords: "actor, actress, acting",
             nocSearchKeywords: [
               "Acting programs"
             ],
             knownNocGroups: [],
         +   programArea: {
         +     create: ProgramAreaCreateWithoutProgramsInput | ProgramAreaUncheckedCreateWithoutProgramsInput,
         +     connectOrCreate: ProgramAreaCreateOrConnectWithoutProgramsInput,
         +     connect: ProgramAreaWhereUniqueInput
         +   }
           }
         })

Argument `programArea` is missing.
Error on programNid=221: 
Invalid `model.create()` invocation in
C:\Users\ryanr\Documents\dev\NOC-data-2025\index.js:35:17

  32 
  33 async function safeCreate(model, data, idLabel) {
  34   try {
→ 35     await model.create({
           data: {
             nid: 221,
             title: "Jazz Studies",
             duration: null,
             credential: "Diploma",
             programAreaNid: 6,
             viuSearchKeywords: null,
             nocSearchKeywords: [
               "Musical training"
             ],
             knownNocGroups: [],
         +   programArea: {
         +     create: ProgramAreaCreateWithoutProgramsInput | ProgramAreaUncheckedCreateWithoutProgramsInput,
         +     connectOrCreate: ProgramAreaCreateOrConnectWithoutProgramsInput,
         +     connect: ProgramAreaWhereUniqueInput
         +   }
           }
         })

Argument `programArea` is missing.
Error on programNid=175: 
Invalid `model.create()` invocation in
C:\Users\ryanr\Documents\dev\NOC-data-2025\index.js:35:17

  32 
  33 async function safeCreate(model, data, idLabel) {
  34   try {
→ 35     await model.create({
           data: {
             nid: 175,
             title: "Carpentry",
             duration: null,
             credential: "Certificate",
             programAreaNid: 4,
             viuSearchKeywords: "apprenticeship, carpenter, construction, red seal",
             nocSearchKeywords: [],
             knownNocGroups: [],
         +   programArea: {
         +     create: ProgramAreaCreateWithoutProgramsInput | ProgramAreaUncheckedCreateWithoutProgramsInput,
         +     connectOrCreate: ProgramAreaCreateOrConnectWithoutProgramsInput,
         +     connect: ProgramAreaWhereUniqueInput
         +   }
           }
         })

Argument `programArea` is missing.
Error on programNid=205: 
Invalid `model.create()` invocation in
C:\Users\ryanr\Documents\dev\NOC-data-2025\index.js:35:17

  32 
  33 async function safeCreate(model, data, idLabel) {
  34   try {
→ 35     await model.create({
           data: {
             nid: 205,
             title: "Hairstylist Foundation",
             duration: null,
             credential: "Certificate",
             programAreaNid: 4,
             viuSearchKeywords: null,
             nocSearchKeywords: [],
             knownNocGroups: [],
         +   programArea: {
         +     create: ProgramAreaCreateWithoutProgramsInput | ProgramAreaUncheckedCreateWithoutProgramsInput,
         +     connectOrCreate: ProgramAreaCreateOrConnectWithoutProgramsInput,
         +     connect: ProgramAreaWhereUniqueInput
         +   }
           }
         })

Argument `programArea` is missing.
Error on programNid=183: 
Invalid `model.create()` invocation in
C:\Users\ryanr\Documents\dev\NOC-data-2025\index.js:35:17

  32 
  33 async function safeCreate(model, data, idLabel) {
  34   try {
→ 35     await model.create({
           data: {
             nid: 183,
             title: "Electrician",
             duration: null,
             credential: "Certificate",
             programAreaNid: 4,
             viuSearchKeywords: "electrician, plumbing, red seal, apprenticeship",
             nocSearchKeywords: [],
             knownNocGroups: [],
         +   programArea: {
         +     create: ProgramAreaCreateWithoutProgramsInput | ProgramAreaUncheckedCreateWithoutProgramsInput,
         +     connectOrCreate: ProgramAreaCreateOrConnectWithoutProgramsInput,
         +     connect: ProgramAreaWhereUniqueInput
         +   }
           }
         })

Argument `programArea` is missing.
Error on programNid=179: 
Invalid `model.create()` invocation in
C:\Users\ryanr\Documents\dev\NOC-data-2025\index.js:35:17

  32 
  33 async function safeCreate(model, data, idLabel) {
  34   try {
→ 35     await model.create({
           data: {
             nid: 179,
             title: "Culinary Arts",
             duration: null,
             credential: "Certificate",
             programAreaNid: 4,
             viuSearchKeywords: "apprenticeship, cook, food, professional cook, red seal",
             nocSearchKeywords: [],
             knownNocGroups: [],
         +   programArea: {
         +     create: ProgramAreaCreateWithoutProgramsInput | ProgramAreaUncheckedCreateWithoutProgramsInput,
         +     connectOrCreate: ProgramAreaCreateOrConnectWithoutProgramsInput,
         +     connect: ProgramAreaWhereUniqueInput
         +   }
           }
         })

Argument `programArea` is missing.
Error on programNid=197: 
Invalid `model.create()` invocation in
C:\Users\ryanr\Documents\dev\NOC-data-2025\index.js:35:17

  32 
  33 async function safeCreate(model, data, idLabel) {
  34   try {
→ 35     await model.create({
           data: {
             nid: 197,
             title: "Criminology",
             duration: null,
             credential: "Diploma",
             programAreaNid: 3,
             viuSearchKeywords: "criminal justice, law enforcement, police",
             nocSearchKeywords: [
               "law and security"
             ],
             knownNocGroups: [],
         +   programArea: {
         +     create: ProgramAreaCreateWithoutProgramsInput | ProgramAreaUncheckedCreateWithoutProgramsInput,
         +     connectOrCreate: ProgramAreaCreateOrConnectWithoutProgramsInput,
         +     connect: ProgramAreaWhereUniqueInput
         +   }
           }
         })

Argument `programArea` is missing.
Error on programNid=240: 
Invalid `model.create()` invocation in
C:\Users\ryanr\Documents\dev\NOC-data-2025\index.js:35:17

  32 
  33 async function safeCreate(model, data, idLabel) {
  34   try {
→ 35     await model.create({
           data: {
             nid: 240,
             title: "Power Engineering/Process Operator - 4th Class",
             duration: null,
             credential: "Certificate",
             programAreaNid: 4,
             viuSearchKeywords: "mechanical, mechanics",
             nocSearchKeywords: [
               "power engineering"
             ],
             knownNocGroups: [],
         +   programArea: {
         +     create: ProgramAreaCreateWithoutProgramsInput | ProgramAreaUncheckedCreateWithoutProgramsInput,
         +     connectOrCreate: ProgramAreaCreateOrConnectWithoutProgramsInput,
         +     connect: ProgramAreaWhereUniqueInput
         +   }
           }
         })

Argument `programArea` is missing.
Error on programNid=204: 
Invalid `model.create()` invocation in
C:\Users\ryanr\Documents\dev\NOC-data-2025\index.js:35:17

  32 
  33 async function safeCreate(model, data, idLabel) {
  34   try {
→ 35     await model.create({
           data: {
             nid: 204,
             title: "Heavy Equipment Operator",
             duration: null,
             credential: "Certificate",
             programAreaNid: 4,
             viuSearchKeywords: null,
             nocSearchKeywords: [],
             knownNocGroups: [],
         +   programArea: {
         +     create: ProgramAreaCreateWithoutProgramsInput | ProgramAreaUncheckedCreateWithoutProgramsInput,
         +     connectOrCreate: ProgramAreaCreateOrConnectWithoutProgramsInput,
         +     connect: ProgramAreaWhereUniqueInput
         +   }
           }
         })

Argument `programArea` is missing.
Error on programNid=253: 
Invalid `model.create()` invocation in
C:\Users\ryanr\Documents\dev\NOC-data-2025\index.js:35:17

  32 
  33 async function safeCreate(model, data, idLabel) {
  34   try {
→ 35     await model.create({
           data: {
             nid: 253,
             title: "Refrigeration Air-Conditioning Mechanic",
             duration: null,
             credential: "Certificate",
             programAreaNid: 4,
             viuSearchKeywords: "apprenticeship, plumbing, red seal",
             nocSearchKeywords: [],
             knownNocGroups: [],
         +   programArea: {
         +     create: ProgramAreaCreateWithoutProgramsInput | ProgramAreaUncheckedCreateWithoutProgramsInput,
         +     connectOrCreate: ProgramAreaCreateOrConnectWithoutProgramsInput,
         +     connect: ProgramAreaWhereUniqueInput
         +   }
           }
         })

Argument `programArea` is missing.
Error on programNid=194: 
Invalid `model.create()` invocation in
C:\Users\ryanr\Documents\dev\NOC-data-2025\index.js:35:17

  32 
  33 async function safeCreate(model, data, idLabel) {
  34   try {
→ 35     await model.create({
           data: {
             nid: 194,
             title: "First Nations Housing Manager",
             duration: null,
             credential: "Certificate",
             programAreaNid: 4,
             viuSearchKeywords: "Aboriginal, Continuing Education, Continuing Studies, indigenous",
             nocSearchKeywords: [],
             knownNocGroups: [],
         +   programArea: {
         +     create: ProgramAreaCreateWithoutProgramsInput | ProgramAreaUncheckedCreateWithoutProgramsInput,
         +     connectOrCreate: ProgramAreaCreateOrConnectWithoutProgramsInput,
         +     connect: ProgramAreaWhereUniqueInput
         +   }
           }
         })

Argument `programArea` is missing.
Error on programNid=252: 
Invalid `model.create()` invocation in
C:\Users\ryanr\Documents\dev\NOC-data-2025\index.js:35:17

  32 
  33 async function safeCreate(model, data, idLabel) {
  34   try {
→ 35     await model.create({
           data: {
             nid: 252,
             title: "Welding",
             duration: null,
             credential: "Certificate",
             programAreaNid: 4,
             viuSearchKeywords: "apprenticeship, plumbing, red seal, welder",
             nocSearchKeywords: [
               "welding"
             ],
             knownNocGroups: [],
         +   programArea: {
         +     create: ProgramAreaCreateWithoutProgramsInput | ProgramAreaUncheckedCreateWithoutProgramsInput,
         +     connectOrCreate: ProgramAreaCreateOrConnectWithoutProgramsInput,
         +     connect: ProgramAreaWhereUniqueInput
         +   }
           }
         })

Argument `programArea` is missing.
Error on programNid=216: 
Invalid `model.create()` invocation in
C:\Users\ryanr\Documents\dev\NOC-data-2025\index.js:35:17

  32 
  33 async function safeCreate(model, data, idLabel) {
  34   try {
→ 35     await model.create({
           data: {
             nid: 216,
             title: "Heavy Mechanical Trades Foundation",
             duration: null,
             credential: "Certificate",
             programAreaNid: 4,
             viuSearchKeywords: "heavy duty, apprenticeship, red seal",
             nocSearchKeywords: [],
             knownNocGroups: [],
         +   programArea: {
         +     create: ProgramAreaCreateWithoutProgramsInput | ProgramAreaUncheckedCreateWithoutProgramsInput,
         +     connectOrCreate: ProgramAreaCreateOrConnectWithoutProgramsInput,
         +     connect: ProgramAreaWhereUniqueInput
         +   }
           }
         })

Argument `programArea` is missing.
Error on programNid=230: 
Invalid `model.create()` invocation in
C:\Users\ryanr\Documents\dev\NOC-data-2025\index.js:35:17

  32 
  33 async function safeCreate(model, data, idLabel) {
  34   try {
→ 35     await model.create({
           data: {
             nid: 230,
             title: "Marine and Motorcycle Mechanical Technician",
             duration: null,
             credential: "Certificate",
             programAreaNid: 4,
             viuSearchKeywords: null,
             nocSearchKeywords: [],
             knownNocGroups: [],
         +   programArea: {
         +     create: ProgramAreaCreateWithoutProgramsInput | ProgramAreaUncheckedCreateWithoutProgramsInput,
         +     connectOrCreate: ProgramAreaCreateOrConnectWithoutProgramsInput,
         +     connect: ProgramAreaWhereUniqueInput
         +   }
           }
         })

Argument `programArea` is missing.
Error on programNid=260: 
Invalid `model.create()` invocation in
C:\Users\ryanr\Documents\dev\NOC-data-2025\index.js:35:17

  32 
  33 async function safeCreate(model, data, idLabel) {
  34   try {
→ 35     await model.create({
           data: {
             nid: 260,
             title: "Professional Baking and Pastry Arts",
             duration: null,
             credential: "Certificate",
             programAreaNid: 4,
             viuSearchKeywords: "baker, apprenticeship, red seal",
             nocSearchKeywords: [
               "baking",
               "bakers"
             ],
             knownNocGroups: [],
         +   programArea: {
         +     create: ProgramAreaCreateWithoutProgramsInput | ProgramAreaUncheckedCreateWithoutProgramsInput,
         +     connectOrCreate: ProgramAreaCreateOrConnectWithoutProgramsInput,
         +     connect: ProgramAreaWhereUniqueInput
         +   }
           }
         })

Argument `programArea` is missing.
Error on programNid=161: 
Invalid `model.create()` invocation in
C:\Users\ryanr\Documents\dev\NOC-data-2025\index.js:35:17

  32 
  33 async function safeCreate(model, data, idLabel) {
  34   try {
→ 35     await model.create({
           data: {
             nid: 161,
             title: "Bachelor of Tourism Management",
             duration: "Bachelor's",
             credential: "Degree",
             programAreaNid: 1,
             viuSearchKeywords: null,
             nocSearchKeywords: [
               "hotel management"
             ],
             knownNocGroups: [
               "6313"
             ],
         +   programArea: {
         +     create: ProgramAreaCreateWithoutProgramsInput | ProgramAreaUncheckedCreateWithoutProgramsInput,
         +     connectOrCreate: ProgramAreaCreateOrConnectWithoutProgramsInput,
         +     connect: ProgramAreaWhereUniqueInput
         +   }
           }
         })

Argument `programArea` is missing.
Error on programNid=210: 
Invalid `model.create()` invocation in
C:\Users\ryanr\Documents\dev\NOC-data-2025\index.js:35:17

  32 
  33 async function safeCreate(model, data, idLabel) {
  34   try {
→ 35     await model.create({
           data: {
             nid: 210,
             title: "Horticultural Technician Foundation",
             duration: null,
             credential: "Certificate",
             programAreaNid: 4,
             viuSearchKeywords: "agriculture, agricultural",
             nocSearchKeywords: [],
             knownNocGroups: [],
         +   programArea: {
         +     create: ProgramAreaCreateWithoutProgramsInput | ProgramAreaUncheckedCreateWithoutProgramsInput,
         +     connectOrCreate: ProgramAreaCreateOrConnectWithoutProgramsInput,
         +     connect: ProgramAreaWhereUniqueInput
         +   }
           }
         })

Argument `programArea` is missing.
Error on programNid=147: 
Invalid `model.create()` invocation in
C:\Users\ryanr\Documents\dev\NOC-data-2025\index.js:35:17

  32 
  33 async function safeCreate(model, data, idLabel) {
  34   try {
→ 35     await model.create({
           data: {
             nid: 147,
             title: "Automotive Service Technician",
             duration: null,
             credential: "Certificate",
             programAreaNid: 4,
             viuSearchKeywords: "apprenticeship, car, glass technician, mechanic, mechanics, red seal",
             nocSearchKeywords: [],
             knownNocGroups: [],
         +   programArea: {
         +     create: ProgramAreaCreateWithoutProgramsInput | ProgramAreaUncheckedCreateWithoutProgramsInput,
         +     connectOrCreate: ProgramAreaCreateOrConnectWithoutProgramsInput,
         +     connect: ProgramAreaWhereUniqueInput
         +   }
           }
         })

Argument `programArea` is missing.
Error on programNid=153: 
Invalid `model.create()` invocation in
C:\Users\ryanr\Documents\dev\NOC-data-2025\index.js:35:17

  32 
  33 async function safeCreate(model, data, idLabel) {
  34   try {
→ 35     await model.create({
           data: {
             nid: 153,
             title: "Aboriginal Construction",
             duration: null,
             credential: "Certificate",
             programAreaNid: 4,
             viuSearchKeywords: "First Nations, indigenous",
             nocSearchKeywords: [],
             knownNocGroups: [],
         +   programArea: {
         +     create: ProgramAreaCreateWithoutProgramsInput | ProgramAreaUncheckedCreateWithoutProgramsInput,
         +     connectOrCreate: ProgramAreaCreateOrConnectWithoutProgramsInput,
         +     connect: ProgramAreaWhereUniqueInput
         +   }
           }
         })

Argument `programArea` is missing.
Error on programNid=189: 
Invalid `model.create()` invocation in
C:\Users\ryanr\Documents\dev\NOC-data-2025\index.js:35:17

  32 
  33 async function safeCreate(model, data, idLabel) {
  34   try {
→ 35     await model.create({
           data: {
             nid: 189,
             title: "Digital Media (BA)",
             duration: "Bachelor's",
             credential: "Degree",
             programAreaNid: 3,
             viuSearchKeywords: "photography, videography",
             nocSearchKeywords: [],
             knownNocGroups: [],
         +   programArea: {
         +     create: ProgramAreaCreateWithoutProgramsInput | ProgramAreaUncheckedCreateWithoutProgramsInput,
         +     connectOrCreate: ProgramAreaCreateOrConnectWithoutProgramsInput,
         +     connect: ProgramAreaWhereUniqueInput
         +   }
           }
         })

Argument `programArea` is missing.
Error on programNid=225: 
Invalid `model.create()` invocation in
C:\Users\ryanr\Documents\dev\NOC-data-2025\index.js:35:17

  32 
  33 async function safeCreate(model, data, idLabel) {
  34   try {
→ 35     await model.create({
           data: {
             nid: 225,
             title: "Mathematics (BSc)",
             duration: "Bachelor's",
             credential: "Degree",
             programAreaNid: 9,
             viuSearchKeywords: null,
             nocSearchKeywords: [
               "math",
               "mathematics"
             ],
             knownNocGroups: [],
         +   programArea: {
         +     create: ProgramAreaCreateWithoutProgramsInput | ProgramAreaUncheckedCreateWithoutProgramsInput,
         +     connectOrCreate: ProgramAreaCreateOrConnectWithoutProgramsInput,
         +     connect: ProgramAreaWhereUniqueInput
         +   }
           }
         })

Argument `programArea` is missing.
Error on programNid=228: 
Invalid `model.create()` invocation in
C:\Users\ryanr\Documents\dev\NOC-data-2025\index.js:35:17

  32 
  33 async function safeCreate(model, data, idLabel) {
  34   try {
→ 35     await model.create({
           data: {
             nid: 228,
             title: "Information Technology and Applied Systems – Systems Administration and Networking Diploma",
             duration: null,
             credential: "Diploma",
             programAreaNid: 4,
             viuSearchKeywords: "itas",
             nocSearchKeywords: [],
             knownNocGroups: [],
         +   programArea: {
         +     create: ProgramAreaCreateWithoutProgramsInput | ProgramAreaUncheckedCreateWithoutProgramsInput,
         +     connectOrCreate: ProgramAreaCreateOrConnectWithoutProgramsInput,
         +     connect: ProgramAreaWhereUniqueInput
         +   }
           }
         })

Argument `programArea` is missing.
Error on programNid=162: 
Invalid `model.create()` invocation in
C:\Users\ryanr\Documents\dev\NOC-data-2025\index.js:35:17

  32 
  33 async function safeCreate(model, data, idLabel) {
  34   try {
→ 35     await model.create({
           data: {
             nid: 162,
             title: "Chemistry (BSc)",
             duration: "Bachelor's",
             credential: "Degree",
             programAreaNid: 9,
             viuSearchKeywords: "bachelor of medicine, biochemistry, chemical engineering, dentistry, environmental, food sciences, medical, medicine, nutritionist, pharmacist, pharmacology, pharmacy, pharmaceuticals",
             nocSearchKeywords: [
               "chemistry"
             ],
             knownNocGroups: [],
         +   programArea: {
         +     create: ProgramAreaCreateWithoutProgramsInput | ProgramAreaUncheckedCreateWithoutProgramsInput,
         +     connectOrCreate: ProgramAreaCreateOrConnectWithoutProgramsInput,
         +     connect: ProgramAreaWhereUniqueInput
         +   }
           }
         })

Argument `programArea` is missing.
Error on programNid=215: 
Invalid `model.create()` invocation in
C:\Users\ryanr\Documents\dev\NOC-data-2025\index.js:35:17

  32 
  33 async function safeCreate(model, data, idLabel) {
  34   try {
→ 35     await model.create({
           data: {
             nid: 215,
             title: "Forest Resources Technology",
             duration: null,
             credential: "Diploma",
             programAreaNid: 9,
             viuSearchKeywords: null,
             nocSearchKeywords: [],
             knownNocGroups: [],
         +   programArea: {
         +     create: ProgramAreaCreateWithoutProgramsInput | ProgramAreaUncheckedCreateWithoutProgramsInput,
         +     connectOrCreate: ProgramAreaCreateOrConnectWithoutProgramsInput,
         +     connect: ProgramAreaWhereUniqueInput
         +   }
           }
         })

Argument `programArea` is missing.
Error on programNid=236: 
Invalid `model.create()` invocation in
C:\Users\ryanr\Documents\dev\NOC-data-2025\index.js:35:17

  32 
  33 async function safeCreate(model, data, idLabel) {
  34   try {
→ 35     await model.create({
           data: {
             nid: 236,
             title: "Media Studies (BA)",
             duration: "Bachelor's",
             credential: "Degree",
             programAreaNid: 3,
             viuSearchKeywords: null,
             nocSearchKeywords: [],
             knownNocGroups: [],
         +   programArea: {
         +     create: ProgramAreaCreateWithoutProgramsInput | ProgramAreaUncheckedCreateWithoutProgramsInput,
         +     connectOrCreate: ProgramAreaCreateOrConnectWithoutProgramsInput,
         +     connect: ProgramAreaWhereUniqueInput
         +   }
           }
         })

Argument `programArea` is missing.
Error on programNid=203: 
Invalid `model.create()` invocation in
C:\Users\ryanr\Documents\dev\NOC-data-2025\index.js:35:17

  32 
  33 async function safeCreate(model, data, idLabel) {
  34   try {
→ 35     await model.create({
           data: {
             nid: 203,
             title: "Fisheries and Aquaculture Technology",
             duration: null,
             credential: "Diploma",
             programAreaNid: 9,
             viuSearchKeywords: null,
             nocSearchKeywords: [
               "aquaculture",
               "fisheries"
             ],
             knownNocGroups: [],
         +   programArea: {
         +     create: ProgramAreaCreateWithoutProgramsInput | ProgramAreaUncheckedCreateWithoutProgramsInput,
         +     connectOrCreate: ProgramAreaCreateOrConnectWithoutProgramsInput,
         +     connect: ProgramAreaWhereUniqueInput
         +   }
           }
         })

Argument `programArea` is missing.
Error on programNid=163: 
Invalid `model.create()` invocation in
C:\Users\ryanr\Documents\dev\NOC-data-2025\index.js:35:17

  32 
  33 async function safeCreate(model, data, idLabel) {
  34   try {
→ 35     await model.create({
           data: {
             nid: 163,
             title: "Bachelor of Science in Fisheries and Aquaculture",
             duration: "Bachelor's",
             credential: "Degree",
             programAreaNid: 9,
             viuSearchKeywords: null,
             nocSearchKeywords: [
               "fisheries",
               "aquaculture",
               "fishing"
             ],
             knownNocGroups: [],
         +   programArea: {
         +     create: ProgramAreaCreateWithoutProgramsInput | ProgramAreaUncheckedCreateWithoutProgramsInput,
         +     connectOrCreate: ProgramAreaCreateOrConnectWithoutProgramsInput,
         +     connect: ProgramAreaWhereUniqueInput
         +   }
           }
         })

Argument `programArea` is missing.
Error on programNid=165: 
Invalid `model.create()` invocation in
C:\Users\ryanr\Documents\dev\NOC-data-2025\index.js:35:17

  32 
  33 async function safeCreate(model, data, idLabel) {
  34   try {
→ 35     await model.create({
           data: {
             nid: 165,
             title: "Biology (BSc)",
             duration: "Bachelor's",
             credential: "Degree",
             programAreaNid: 9,
             viuSearchKeywords: "bachelor of medicine, biotechnology, biotechnologist, botany, dentistry, ecology, environmental, food sciences, Marine, marine biologist, marine biology, medical, medicine, nutritionist, pharmacist, pharmacology, pharmacy, pharmaceuticals, phycology, vet, veterinary, veterinarian, vetinary, vetinarian, zoology",
             nocSearchKeywords: [],
             knownNocGroups: [],
         +   programArea: {
         +     create: ProgramAreaCreateWithoutProgramsInput | ProgramAreaUncheckedCreateWithoutProgramsInput,
         +     connectOrCreate: ProgramAreaCreateOrConnectWithoutProgramsInput,
         +     connect: ProgramAreaWhereUniqueInput
         +   }
           }
         })

Argument `programArea` is missing.
Error on programNid=166: 
Invalid `model.create()` invocation in
C:\Users\ryanr\Documents\dev\NOC-data-2025\index.js:35:17

  32 
  33 async function safeCreate(model, data, idLabel) {
  34   try {
→ 35     await model.create({
           data: {
             nid: 166,
             title: "Computer Science (BSc)",
             duration: "Bachelor's",
             credential: "Degree",
             programAreaNid: 9,
             viuSearchKeywords: "analytics, artificial intelligence, computer engineering, computers, cyber, cybersecurity, data, information, information technology, security, software engineering",
             nocSearchKeywords: [
               "computer science",
               "analytics",
               "artificial intelligence",
               "software engineering"
             ],
             knownNocGroups: [],
         +   programArea: {
         +     create: ProgramAreaCreateWithoutProgramsInput | ProgramAreaUncheckedCreateWithoutProgramsInput,
         +     connectOrCreate: ProgramAreaCreateOrConnectWithoutProgramsInput,
         +     connect: ProgramAreaWhereUniqueInput
         +   }
           }
         })

Argument `programArea` is missing.
Error on programNid=178: 
Invalid `model.create()` invocation in
C:\Users\ryanr\Documents\dev\NOC-data-2025\index.js:35:17

  32 
  33 async function safeCreate(model, data, idLabel) {
  34   try {
→ 35     await model.create({
           data: {
             nid: 178,
             title: "Bachelor of Natural Resource Protection",
             duration: "Bachelor's",
             credential: "Degree",
             programAreaNid: 9,
             viuSearchKeywords: "environmental",
             nocSearchKeywords: [],
             knownNocGroups: [],
         +   programArea: {
         +     create: ProgramAreaCreateWithoutProgramsInput | ProgramAreaUncheckedCreateWithoutProgramsInput,
         +     connectOrCreate: ProgramAreaCreateOrConnectWithoutProgramsInput,
         +     connect: ProgramAreaWhereUniqueInput
         +   }
           }
         })

Argument `programArea` is missing.
Error on programNid=164: 
Invalid `model.create()` invocation in
C:\Users\ryanr\Documents\dev\NOC-data-2025\index.js:35:17

  32 
  33 async function safeCreate(model, data, idLabel) {
  34   try {
→ 35     await model.create({
           data: {
             nid: 164,
             title: "Bachelor of Science (BSc), Honours, Majors, Minors, and Transfer",
             duration: "Bachelor's",
             credential: "Degree",
             programAreaNid: 9,
             viuSearchKeywords: "environmental, medical, medicine, pharmaceuticals, pharmacology, pharmacy, science, bach, bachelor of science, bachelor",
             nocSearchKeywords: [],
             knownNocGroups: [],
         +   programArea: {
         +     create: ProgramAreaCreateWithoutProgramsInput | ProgramAreaUncheckedCreateWithoutProgramsInput,
         +     connectOrCreate: ProgramAreaCreateOrConnectWithoutProgramsInput,
         +     connect: ProgramAreaWhereUniqueInput
         +   }
           }
         })

Argument `programArea` is missing.
Error on programNid=211: 
Invalid `model.create()` invocation in
C:\Users\ryanr\Documents\dev\NOC-data-2025\index.js:35:17

  32 
  33 async function safeCreate(model, data, idLabel) {
  34   try {
→ 35     await model.create({
           data: {
             nid: 211,
             title: "Geoscience (BSc)",
             duration: "Bachelor's",
             credential: "Degree",
             programAreaNid: 9,
             viuSearchKeywords: null,
             nocSearchKeywords: [
               "geoscience",
               "geology"
             ],
             knownNocGroups: [],
         +   programArea: {
         +     create: ProgramAreaCreateWithoutProgramsInput | ProgramAreaUncheckedCreateWithoutProgramsInput,
         +     connectOrCreate: ProgramAreaCreateOrConnectWithoutProgramsInput,
         +     connect: ProgramAreaWhereUniqueInput
         +   }
           }
         })

Argument `programArea` is missing.
Error on programNid=247: 
Invalid `model.create()` invocation in
C:\Users\ryanr\Documents\dev\NOC-data-2025\index.js:35:17

  32 
  33 async function safeCreate(model, data, idLabel) {
  34   try {
→ 35     await model.create({
           data: {
             nid: 247,
             title: "Psychology (BSc)",
             duration: "Bachelor's",
             credential: "Degree",
             programAreaNid: 9,
             viuSearchKeywords: "counseling, counselling, psycology",
             nocSearchKeywords: [
               "psycology"
             ],
             knownNocGroups: [],
         +   programArea: {
         +     create: ProgramAreaCreateWithoutProgramsInput | ProgramAreaUncheckedCreateWithoutProgramsInput,
         +     connectOrCreate: ProgramAreaCreateOrConnectWithoutProgramsInput,
         +     connect: ProgramAreaWhereUniqueInput
         +   }
           }
         })

Argument `programArea` is missing.
Error on programNid=209: 
Invalid `model.create()` invocation in
C:\Users\ryanr\Documents\dev\NOC-data-2025\index.js:35:17

  32 
  33 async function safeCreate(model, data, idLabel) {
  34   try {
→ 35     await model.create({
           data: {
             nid: 209,
             title: "Geography (BSc)",
             duration: "Bachelor's",
             credential: "Degree",
             programAreaNid: 9,
             viuSearchKeywords: "civil engineering, urban planning",
             nocSearchKeywords: [
               "geographic",
               "geography"
             ],
             knownNocGroups: [],
         +   programArea: {
         +     create: ProgramAreaCreateWithoutProgramsInput | ProgramAreaUncheckedCreateWithoutProgramsInput,
         +     connectOrCreate: ProgramAreaCreateOrConnectWithoutProgramsInput,
         +     connect: ProgramAreaWhereUniqueInput
         +   }
           }
         })

Argument `programArea` is missing.
Error on programNid=182: 
Invalid `model.create()` invocation in
C:\Users\ryanr\Documents\dev\NOC-data-2025\index.js:35:17

  32 
  33 async function safeCreate(model, data, idLabel) {
  34   try {
→ 35     await model.create({
           data: {
             nid: 182,
             title: "Earth Science (BSc)",
             duration: "Bachelor's",
             credential: "Degree",
             programAreaNid: 9,
             viuSearchKeywords: null,
             nocSearchKeywords: [
               "earth science",
               "geology",
               "oceanography",
               "meterology"
             ],
             knownNocGroups: [],
         +   programArea: {
         +     create: ProgramAreaCreateWithoutProgramsInput | ProgramAreaUncheckedCreateWithoutProgramsInput,
         +     connectOrCreate: ProgramAreaCreateOrConnectWithoutProgramsInput,
         +     connect: ProgramAreaWhereUniqueInput
         +   }
           }
         })

Argument `programArea` is missing.
Error on programNid=168: 
Invalid `model.create()` invocation in
C:\Users\ryanr\Documents\dev\NOC-data-2025\index.js:35:17

  32 
  33 async function safeCreate(model, data, idLabel) {
  34   try {
→ 35     await model.create({
           data: {
             nid: 168,
             title: "Computer Science",
             duration: null,
             credential: "Diploma",
             programAreaNid: 9,
             viuSearchKeywords: "analytics, artificial intelligence, computer engineering, computers, cyber, cybersecurity, data, information, information technology, security, software engineering",
             nocSearchKeywords: [
               "computer science",
               "analytics",
               "artificial intelligence",
               "software engineering"
             ],
             knownNocGroups: [],
         +   programArea: {
         +     create: ProgramAreaCreateWithoutProgramsInput | ProgramAreaUncheckedCreateWithoutProgramsInput,
         +     connectOrCreate: ProgramAreaCreateOrConnectWithoutProgramsInput,
         +     connect: ProgramAreaWhereUniqueInput
         +   }
           }
         })

Argument `programArea` is missing.
Error on programNid=171: 
Invalid `model.create()` invocation in
C:\Users\ryanr\Documents\dev\NOC-data-2025\index.js:35:17

  32 
  33 async function safeCreate(model, data, idLabel) {
  34   try {
→ 35     await model.create({
           data: {
             nid: 171,
             title: "Chemistry (BA)",
             duration: "Bachelor's",
             credential: "Degree",
             programAreaNid: 3,
             viuSearchKeywords: "biochemistry, environmental, food sciences, medical, medicine, nutritionist, pharmacist, pharmacology, pharmacy, pharmaceuticals",
             nocSearchKeywords: [],
             knownNocGroups: [],
         +   programArea: {
         +     create: ProgramAreaCreateWithoutProgramsInput | ProgramAreaUncheckedCreateWithoutProgramsInput,
         +     connectOrCreate: ProgramAreaCreateOrConnectWithoutProgramsInput,
         +     connect: ProgramAreaWhereUniqueInput
         +   }
           }
         })

Argument `programArea` is missing.
Error on programNid=173: 
Invalid `model.create()` invocation in
C:\Users\ryanr\Documents\dev\NOC-data-2025\index.js:35:17

  32 
  33 async function safeCreate(model, data, idLabel) {
  34   try {
→ 35     await model.create({
           data: {
             nid: 173,
             title: "Computer Science (BA)",
             duration: "Bachelor's",
             credential: "Degree",
             programAreaNid: 3,
             viuSearchKeywords: "analytics, artificial intelligence, computers, cyber, cybersecurity, data, information, information technology, security, software engineering",
             nocSearchKeywords: [
               "computer science",
               "analytics",
               "artificial intelligence",
               "software engineering"
             ],
             knownNocGroups: [],
         +   programArea: {
         +     create: ProgramAreaCreateWithoutProgramsInput | ProgramAreaUncheckedCreateWithoutProgramsInput,
         +     connectOrCreate: ProgramAreaCreateOrConnectWithoutProgramsInput,
         +     connect: ProgramAreaWhereUniqueInput
         +   }
           }
         })

Argument `programArea` is missing.
Error on programNid=223: 
Invalid `model.create()` invocation in
C:\Users\ryanr\Documents\dev\NOC-data-2025\index.js:35:17

  32 
  33 async function safeCreate(model, data, idLabel) {
  34   try {
→ 35     await model.create({
           data: {
             nid: 223,
             title: "Mathematics (BA)",
             duration: "Bachelor's",
             credential: "Degree",
             programAreaNid: 3,
             viuSearchKeywords: null,
             nocSearchKeywords: [],
             knownNocGroups: [],
         +   programArea: {
         +     create: ProgramAreaCreateWithoutProgramsInput | ProgramAreaUncheckedCreateWithoutProgramsInput,
         +     connectOrCreate: ProgramAreaCreateOrConnectWithoutProgramsInput,
         +     connect: ProgramAreaWhereUniqueInput
         +   }
           }
         })

Argument `programArea` is missing.
Error on programNid=243: 
Invalid `model.create()` invocation in
C:\Users\ryanr\Documents\dev\NOC-data-2025\index.js:35:17

  32 
  33 async function safeCreate(model, data, idLabel) {
  34   try {
→ 35     await model.create({
           data: {
             nid: 243,
             title: "Resource Management Officer Technology",
             duration: null,
             credential: "Diploma",
             programAreaNid: 9,
             viuSearchKeywords: "conservationist, environmental",
             nocSearchKeywords: [],
             knownNocGroups: [],
         +   programArea: {
         +     create: ProgramAreaCreateWithoutProgramsInput | ProgramAreaUncheckedCreateWithoutProgramsInput,
         +     connectOrCreate: ProgramAreaCreateOrConnectWithoutProgramsInput,
         +     connect: ProgramAreaWhereUniqueInput
         +   }
           }
         })

Argument `programArea` is missing.
Error on programNid=199: 
Invalid `model.create()` invocation in
C:\Users\ryanr\Documents\dev\NOC-data-2025\index.js:35:17

  32 
  33 async function safeCreate(model, data, idLabel) {
  34   try {
→ 35     await model.create({
           data: {
             nid: 199,
             title: "Global Studies (BA)",
             duration: "Bachelor's",
             credential: "Degree",
             programAreaNid: 3,
             viuSearchKeywords: "climate change, international relations, sustainable, sustainability",
             nocSearchKeywords: [],
             knownNocGroups: [],
         +   programArea: {
         +     create: ProgramAreaCreateWithoutProgramsInput | ProgramAreaUncheckedCreateWithoutProgramsInput,
         +     connectOrCreate: ProgramAreaCreateOrConnectWithoutProgramsInput,
         +     connect: ProgramAreaWhereUniqueInput
         +   }
           }
         })

Argument `programArea` is missing.
Error on programNid=246: 
Invalid `model.create()` invocation in
C:\Users\ryanr\Documents\dev\NOC-data-2025\index.js:35:17

  32 
  33 async function safeCreate(model, data, idLabel) {
  34   try {
→ 35     await model.create({
           data: {
             nid: 246,
             title: "Studies in Women and Gender (BA)",
             duration: "Bachelor's",
             credential: "Degree",
             programAreaNid: 3,
             viuSearchKeywords: null,
             nocSearchKeywords: [],
             knownNocGroups: [],
         +   programArea: {
         +     create: ProgramAreaCreateWithoutProgramsInput | ProgramAreaUncheckedCreateWithoutProgramsInput,
         +     connectOrCreate: ProgramAreaCreateOrConnectWithoutProgramsInput,
         +     connect: ProgramAreaWhereUniqueInput
         +   }
           }
         })

Argument `programArea` is missing.
Error on programNid=254: 
Invalid `model.create()` invocation in
C:\Users\ryanr\Documents\dev\NOC-data-2025\index.js:35:17

  32 
  33 async function safeCreate(model, data, idLabel) {
  34   try {
→ 35     await model.create({
           data: {
             nid: 254,
             title: "Social Services",
             duration: null,
             credential: "Diploma",
             programAreaNid: 13,
             viuSearchKeywords: null,
             nocSearchKeywords: [],
             knownNocGroups: [],
         +   programArea: {
         +     create: ProgramAreaCreateWithoutProgramsInput | ProgramAreaUncheckedCreateWithoutProgramsInput,
         +     connectOrCreate: ProgramAreaCreateOrConnectWithoutProgramsInput,
         +     connect: ProgramAreaWhereUniqueInput
         +   }
           }
         })

Argument `programArea` is missing.
Error on programNid=229: 
Invalid `model.create()` invocation in
C:\Users\ryanr\Documents\dev\NOC-data-2025\index.js:35:17

  32 
  33 async function safeCreate(model, data, idLabel) {
  34   try {
→ 35     await model.create({
           data: {
             nid: 229,
             title: "Political Studies (BA)",
             duration: "Bachelor's",
             credential: "Degree",
             programAreaNid: 3,
             viuSearchKeywords: "international relations, political science",
             nocSearchKeywords: [],
             knownNocGroups: [],
         +   programArea: {
         +     create: ProgramAreaCreateWithoutProgramsInput | ProgramAreaUncheckedCreateWithoutProgramsInput,
         +     connectOrCreate: ProgramAreaCreateOrConnectWithoutProgramsInput,
         +     connect: ProgramAreaWhereUniqueInput
         +   }
           }
         })

Argument `programArea` is missing.
Error on programNid=181: 
Invalid `model.create()` invocation in
C:\Users\ryanr\Documents\dev\NOC-data-2025\index.js:35:17

  32 
  33 async function safeCreate(model, data, idLabel) {
  34   try {
→ 35     await model.create({
           data: {
             nid: 181,
             title: "Early Childhood Education and Care",
             duration: null,
             credential: "Diploma",
             programAreaNid: 13,
             viuSearchKeywords: null,
             nocSearchKeywords: [],
             knownNocGroups: [],
         +   programArea: {
         +     create: ProgramAreaCreateWithoutProgramsInput | ProgramAreaUncheckedCreateWithoutProgramsInput,
         +     connectOrCreate: ProgramAreaCreateOrConnectWithoutProgramsInput,
         +     connect: ProgramAreaWhereUniqueInput
         +   }
           }
         })

Argument `programArea` is missing.
Error on programNid=258: 
Invalid `model.create()` invocation in
C:\Users\ryanr\Documents\dev\NOC-data-2025\index.js:35:17

  32 
  33 async function safeCreate(model, data, idLabel) {
  34   try {
→ 35     await model.create({
           data: {
             nid: 258,
             title: "Psychology (BA)",
             duration: "Bachelor's",
             credential: "Degree",
             programAreaNid: 3,
             viuSearchKeywords: "counseling, counselling, psycology",
             nocSearchKeywords: [],
             knownNocGroups: [],
         +   programArea: {
         +     create: ProgramAreaCreateWithoutProgramsInput | ProgramAreaUncheckedCreateWithoutProgramsInput,
         +     connectOrCreate: ProgramAreaCreateOrConnectWithoutProgramsInput,
         +     connect: ProgramAreaWhereUniqueInput
         +   }
           }
         })

Argument `programArea` is missing.
Error on programNid=188: 
Invalid `model.create()` invocation in
C:\Users\ryanr\Documents\dev\NOC-data-2025\index.js:35:17

  32 
  33 async function safeCreate(model, data, idLabel) {
  34   try {
→ 35     await model.create({
           data: {
             nid: 188,
             title: "Digital Media Studies (BA)",
             duration: "Bachelor's",
             credential: "Degree",
             programAreaNid: 3,
             viuSearchKeywords: null,
             nocSearchKeywords: [],
             knownNocGroups: [],
         +   programArea: {
         +     create: ProgramAreaCreateWithoutProgramsInput | ProgramAreaUncheckedCreateWithoutProgramsInput,
         +     connectOrCreate: ProgramAreaCreateOrConnectWithoutProgramsInput,
         +     connect: ProgramAreaWhereUniqueInput
         +   }
           }
         })

Argument `programArea` is missing.
Error on programNid=220: 
Invalid `model.create()` invocation in
C:\Users\ryanr\Documents\dev\NOC-data-2025\index.js:35:17

  32 
  33 async function safeCreate(model, data, idLabel) {
  34   try {
→ 35     await model.create({
           data: {
             nid: 220,
             title: "Liberal Studies (BA)",
             duration: "Bachelor's",
             credential: "Degree",
             programAreaNid: 3,
             viuSearchKeywords: null,
             nocSearchKeywords: [],
             knownNocGroups: [],
         +   programArea: {
         +     create: ProgramAreaCreateWithoutProgramsInput | ProgramAreaUncheckedCreateWithoutProgramsInput,
         +     connectOrCreate: ProgramAreaCreateOrConnectWithoutProgramsInput,
         +     connect: ProgramAreaWhereUniqueInput
         +   }
           }
         })

Argument `programArea` is missing.
Error on programNid=250: 
Invalid `model.create()` invocation in
C:\Users\ryanr\Documents\dev\NOC-data-2025\index.js:35:17

  32 
  33 async function safeCreate(model, data, idLabel) {
  34   try {
→ 35     await model.create({
           data: {
             nid: 250,
             title: "Sociology (BA)",
             duration: "Bachelor's",
             credential: "Degree",
             programAreaNid: 3,
             viuSearchKeywords: null,
             nocSearchKeywords: [],
             knownNocGroups: [],
         +   programArea: {
         +     create: ProgramAreaCreateWithoutProgramsInput | ProgramAreaUncheckedCreateWithoutProgramsInput,
         +     connectOrCreate: ProgramAreaCreateOrConnectWithoutProgramsInput,
         +     connect: ProgramAreaWhereUniqueInput
         +   }
           }
         })

Argument `programArea` is missing.
Error on programNid=140: 
Invalid `model.create()` invocation in
C:\Users\ryanr\Documents\dev\NOC-data-2025\index.js:35:17

  32 
  33 async function safeCreate(model, data, idLabel) {
  34   try {
→ 35     await model.create({
           data: {
             nid: 140,
             title: "Anthropology (BA)",
             duration: "Bachelor's",
             credential: "Degree",
             programAreaNid: 3,
             viuSearchKeywords: null,
             nocSearchKeywords: [],
             knownNocGroups: [],
         +   programArea: {
         +     create: ProgramAreaCreateWithoutProgramsInput | ProgramAreaUncheckedCreateWithoutProgramsInput,
         +     connectOrCreate: ProgramAreaCreateOrConnectWithoutProgramsInput,
         +     connect: ProgramAreaWhereUniqueInput
         +   }
           }
         })

Argument `programArea` is missing.
Error on programNid=186: 
Invalid `model.create()` invocation in
C:\Users\ryanr\Documents\dev\NOC-data-2025\index.js:35:17

  32 
  33 async function safeCreate(model, data, idLabel) {
  34   try {
→ 35     await model.create({
           data: {
             nid: 186,
             title: "Economics (BA)",
             duration: "Bachelor's",
             credential: "Degree",
             programAreaNid: 3,
             viuSearchKeywords: null,
             nocSearchKeywords: [],
             knownNocGroups: [],
         +   programArea: {
         +     create: ProgramAreaCreateWithoutProgramsInput | ProgramAreaUncheckedCreateWithoutProgramsInput,
         +     connectOrCreate: ProgramAreaCreateOrConnectWithoutProgramsInput,
         +     connect: ProgramAreaWhereUniqueInput
         +   }
           }
         })

Argument `programArea` is missing.
Error on programNid=214: 
Invalid `model.create()` invocation in
C:\Users\ryanr\Documents\dev\NOC-data-2025\index.js:35:17

  32 
  33 async function safeCreate(model, data, idLabel) {
  34   try {
→ 35     await model.create({
           data: {
             nid: 214,
             title: "Geography (BA)",
             duration: "Bachelor's",
             credential: "Degree",
             programAreaNid: 3,
             viuSearchKeywords: "urban planning",
             nocSearchKeywords: [],
             knownNocGroups: [],
         +   programArea: {
         +     create: ProgramAreaCreateWithoutProgramsInput | ProgramAreaUncheckedCreateWithoutProgramsInput,
         +     connectOrCreate: ProgramAreaCreateOrConnectWithoutProgramsInput,
         +     connect: ProgramAreaWhereUniqueInput
         +   }
           }
         })

Argument `programArea` is missing.
Error on programNid=185: 
Invalid `model.create()` invocation in
C:\Users\ryanr\Documents\dev\NOC-data-2025\index.js:35:17

  32 
  33 async function safeCreate(model, data, idLabel) {
  34   try {
→ 35     await model.create({
           data: {
             nid: 185,
             title: "Criminology (BA)",
             duration: "Bachelor's",
             credential: "Degree",
             programAreaNid: 3,
             viuSearchKeywords: "criminal justice, law enforcement, police",
             nocSearchKeywords: [],
             knownNocGroups: [],
         +   programArea: {
         +     create: ProgramAreaCreateWithoutProgramsInput | ProgramAreaUncheckedCreateWithoutProgramsInput,
         +     connectOrCreate: ProgramAreaCreateOrConnectWithoutProgramsInput,
         +     connect: ProgramAreaWhereUniqueInput
         +   }
           }
         })

Argument `programArea` is missing.
Error on programNid=195: 
Invalid `model.create()` invocation in
C:\Users\ryanr\Documents\dev\NOC-data-2025\index.js:35:17

  32 
  33 async function safeCreate(model, data, idLabel) {
  34   try {
→ 35     await model.create({
           data: {
             nid: 195,
             title: "Creative Writing and Journalism (BA)",
             duration: "Bachelor's",
             credential: "Degree",
             programAreaNid: 3,
             viuSearchKeywords: "communications",
             nocSearchKeywords: [],
             knownNocGroups: [],
         +   programArea: {
         +     create: ProgramAreaCreateWithoutProgramsInput | ProgramAreaUncheckedCreateWithoutProgramsInput,
         +     connectOrCreate: ProgramAreaCreateOrConnectWithoutProgramsInput,
         +     connect: ProgramAreaWhereUniqueInput
         +   }
           }
         })

Argument `programArea` is missing.
Error on programNid=213: 
Invalid `model.create()` invocation in
C:\Users\ryanr\Documents\dev\NOC-data-2025\index.js:35:17

  32 
  33 async function safeCreate(model, data, idLabel) {
  34   try {
→ 35     await model.create({
           data: {
             nid: 213,
             title: "History (BA)",
             duration: "Bachelor's",
             credential: "Degree",
             programAreaNid: 3,
             viuSearchKeywords: null,
             nocSearchKeywords: [],
             knownNocGroups: [],
         +   programArea: {
         +     create: ProgramAreaCreateWithoutProgramsInput | ProgramAreaUncheckedCreateWithoutProgramsInput,
         +     connectOrCreate: ProgramAreaCreateOrConnectWithoutProgramsInput,
         +     connect: ProgramAreaWhereUniqueInput
         +   }
           }
         })

Argument `programArea` is missing.
Error on programNid=226: 
Invalid `model.create()` invocation in
C:\Users\ryanr\Documents\dev\NOC-data-2025\index.js:35:17

  32 
  33 async function safeCreate(model, data, idLabel) {
  34   try {
→ 35     await model.create({
           data: {
             nid: 226,
             title: "Philosophy (BA)",
             duration: "Bachelor's",
             credential: "Degree",
             programAreaNid: 3,
             viuSearchKeywords: null,
             nocSearchKeywords: [],
             knownNocGroups: [],
         +   programArea: {
         +     create: ProgramAreaCreateWithoutProgramsInput | ProgramAreaUncheckedCreateWithoutProgramsInput,
         +     connectOrCreate: ProgramAreaCreateOrConnectWithoutProgramsInput,
         +     connect: ProgramAreaWhereUniqueInput
         +   }
           }
         })

Argument `programArea` is missing.
Error on programNid=233: 
Invalid `model.create()` invocation in
C:\Users\ryanr\Documents\dev\NOC-data-2025\index.js:35:17

  32 
  33 async function safeCreate(model, data, idLabel) {
  34   try {
→ 35     await model.create({
           data: {
             nid: 233,
             title: "Kinesiology (BA)",
             duration: "Bachelor's",
             credential: "Degree",
             programAreaNid: 11,
             viuSearchKeywords: "athletics, biomechanics, kinesiology, medical terminology, nutrition, occupational therapy, personal trainer, physiotherapy",
             nocSearchKeywords: [],
             knownNocGroups: [],
         +   programArea: {
         +     create: ProgramAreaCreateWithoutProgramsInput | ProgramAreaUncheckedCreateWithoutProgramsInput,
         +     connectOrCreate: ProgramAreaCreateOrConnectWithoutProgramsInput,
         +     connect: ProgramAreaWhereUniqueInput
         +   }
           }
         })

Argument `programArea` is missing.
Error on programNid=187: 
Invalid `model.create()` invocation in
C:\Users\ryanr\Documents\dev\NOC-data-2025\index.js:35:17

  32 
  33 async function safeCreate(model, data, idLabel) {
  34   try {
→ 35     await model.create({
           data: {
             nid: 187,
             title: "English (BA)",
             duration: "Bachelor's",
             credential: "Degree",
             programAreaNid: 3,
             viuSearchKeywords: "english, en",
             nocSearchKeywords: [],
             knownNocGroups: [],
         +   programArea: {
         +     create: ProgramAreaCreateWithoutProgramsInput | ProgramAreaUncheckedCreateWithoutProgramsInput,
         +     connectOrCreate: ProgramAreaCreateOrConnectWithoutProgramsInput,
         +     connect: ProgramAreaWhereUniqueInput
         +   }
           }
         })

Argument `programArea` is missing.
Error on programNid=160: 
Invalid `model.create()` invocation in
C:\Users\ryanr\Documents\dev\NOC-data-2025\index.js:35:17

  32 
  33 async function safeCreate(model, data, idLabel) {
  34   try {
→ 35     await model.create({
           data: {
             nid: 160,
             title: "Biology (BA)",
             duration: "Bachelor's",
             credential: "Degree",
             programAreaNid: 3,
             viuSearchKeywords: "botany, ecology, environmental, food sciences, Marine, marine biologist, environment, marine biology, nutritionist, phycology, vet, veterinary, veterinarian, vetinary, vetinarian, zoology",
             nocSearchKeywords: [],
             knownNocGroups: [],
         +   programArea: {
         +     create: ProgramAreaCreateWithoutProgramsInput | ProgramAreaUncheckedCreateWithoutProgramsInput,
         +     connectOrCreate: ProgramAreaCreateOrConnectWithoutProgramsInput,
         +     connect: ProgramAreaWhereUniqueInput
         +   }
           }
         })

Argument `programArea` is missing.
Error on programNid=176: 
Invalid `model.create()` invocation in
C:\Users\ryanr\Documents\dev\NOC-data-2025\index.js:35:17

  32 
  33 async function safeCreate(model, data, idLabel) {
  34   try {
→ 35     await model.create({
           data: {
             nid: 176,
             title: "Business (BA)",
             duration: "Bachelor's",
             credential: "Degree",
             programAreaNid: 3,
             viuSearchKeywords: "analytics, buisness, commerce",
             nocSearchKeywords: [],
             knownNocGroups: [],
         +   programArea: {
         +     create: ProgramAreaCreateWithoutProgramsInput | ProgramAreaUncheckedCreateWithoutProgramsInput,
         +     connectOrCreate: ProgramAreaCreateOrConnectWithoutProgramsInput,
         +     connect: ProgramAreaWhereUniqueInput
         +   }
           }
         })

Argument `programArea` is missing.
Error on programNid=152: 
Invalid `model.create()` invocation in
C:\Users\ryanr\Documents\dev\NOC-data-2025\index.js:35:17

  32 
  33 async function safeCreate(model, data, idLabel) {
  34   try {
→ 35     await model.create({
           data: {
             nid: 152,
             title: "Office Administration",
             duration: null,
             credential: "Certificate",
             programAreaNid: 4,
             viuSearchKeywords: "accounting, book keeping, bookkeeping, financial assistant, legal assistant, office admin, office training, payroll assistant, receptionist, secretary, secretarial, office administration, paralegal",
             nocSearchKeywords: [],
             knownNocGroups: [],
         +   programArea: {
         +     create: ProgramAreaCreateWithoutProgramsInput | ProgramAreaUncheckedCreateWithoutProgramsInput,
         +     connectOrCreate: ProgramAreaCreateOrConnectWithoutProgramsInput,
         +     connect: ProgramAreaWhereUniqueInput
         +   }
           }
         })

Argument `programArea` is missing.
Error on programNid=238: 
Invalid `model.create()` invocation in
C:\Users\ryanr\Documents\dev\NOC-data-2025\index.js:35:17

  32 
  33 async function safeCreate(model, data, idLabel) {
  34   try {
→ 35     await model.create({
           data: {
             nid: 238,
             title: "Master of Education in Educational Leadership",
             duration: "Master's",
             credential: "Degree",
             programAreaNid: 11,
             viuSearchKeywords: null,
             nocSearchKeywords: [],
             knownNocGroups: [],
         +   programArea: {
         +     create: ProgramAreaCreateWithoutProgramsInput | ProgramAreaUncheckedCreateWithoutProgramsInput,
         +     connectOrCreate: ProgramAreaCreateOrConnectWithoutProgramsInput,
         +     connect: ProgramAreaWhereUniqueInput
         +   }
           }
         })

Argument `programArea` is missing.
Error on programNid=167: 
Invalid `model.create()` invocation in
C:\Users\ryanr\Documents\dev\NOC-data-2025\index.js:35:17

  32 
  33 async function safeCreate(model, data, idLabel) {
  34   try {
→ 35     await model.create({
           data: {
             nid: 167,
             title: "Community Mental Health Worker",
             duration: null,
             credential: "Certificate",
             programAreaNid: 10,
             viuSearchKeywords: "Continuing Education, Continuing Studies, public health",
             nocSearchKeywords: [],
             knownNocGroups: [],
         +   programArea: {
         +     create: ProgramAreaCreateWithoutProgramsInput | ProgramAreaUncheckedCreateWithoutProgramsInput,
         +     connectOrCreate: ProgramAreaCreateOrConnectWithoutProgramsInput,
         +     connect: ProgramAreaWhereUniqueInput
         +   }
           }
         })

Argument `programArea` is missing.
Error on programNid=169: 
Invalid `model.create()` invocation in
C:\Users\ryanr\Documents\dev\NOC-data-2025\index.js:35:17

  32 
  33 async function safeCreate(model, data, idLabel) {
  34   try {
→ 35     await model.create({
           data: {
             nid: 169,
             title: "Certificate in Business Management",
             duration: null,
             credential: "Certificate",
             programAreaNid: 2,
             viuSearchKeywords: "analytics, commerce",
             nocSearchKeywords: [],
             knownNocGroups: [],
         +   programArea: {
         +     create: ProgramAreaCreateWithoutProgramsInput | ProgramAreaUncheckedCreateWithoutProgramsInput,
         +     connectOrCreate: ProgramAreaCreateOrConnectWithoutProgramsInput,
         +     connect: ProgramAreaWhereUniqueInput
         +   }
           }
         })

Argument `programArea` is missing.
Error on programNid=150: 
Invalid `model.create()` invocation in
C:\Users\ryanr\Documents\dev\NOC-data-2025\index.js:35:17

  32 
  33 async function safeCreate(model, data, idLabel) {
  34   try {
→ 35     await model.create({
           data: {
             nid: 150,
             title: "Child and Youth Care (BA)",
             duration: "Bachelor's",
             credential: "Degree",
             programAreaNid: 13,
             viuSearchKeywords: null,
             nocSearchKeywords: [],
             knownNocGroups: [],
         +   programArea: {
         +     create: ProgramAreaCreateWithoutProgramsInput | ProgramAreaUncheckedCreateWithoutProgramsInput,
         +     connectOrCreate: ProgramAreaCreateOrConnectWithoutProgramsInput,
         +     connect: ProgramAreaWhereUniqueInput
         +   }
           }
         })

Argument `programArea` is missing.
Error on programNid=159: 
Invalid `model.create()` invocation in
C:\Users\ryanr\Documents\dev\NOC-data-2025\index.js:35:17

  32 
  33 async function safeCreate(model, data, idLabel) {
  34   try {
→ 35     await model.create({
           data: {
             nid: 159,
             title: "Bachelor of Social Work",
             duration: "Bachelor's",
             credential: "Degree",
             programAreaNid: 13,
             viuSearchKeywords: "counseling, counselling",
             nocSearchKeywords: [],
             knownNocGroups: [],
         +   programArea: {
         +     create: ProgramAreaCreateWithoutProgramsInput | ProgramAreaUncheckedCreateWithoutProgramsInput,
         +     connectOrCreate: ProgramAreaCreateOrConnectWithoutProgramsInput,
         +     connect: ProgramAreaWhereUniqueInput
         +   }
           }
         })

Argument `programArea` is missing.
Error on programNid=227: 
Invalid `model.create()` invocation in
C:\Users\ryanr\Documents\dev\NOC-data-2025\index.js:35:17

  32 
  33 async function safeCreate(model, data, idLabel) {
  34   try {
→ 35     await model.create({
           data: {
             nid: 227,
             title: "Management Skills for Supervisors",
             duration: null,
             credential: "Certificate",
             programAreaNid: 2,
             viuSearchKeywords: "Continuing Education, Continuing Studies",
             nocSearchKeywords: [],
             knownNocGroups: [],
         +   programArea: {
         +     create: ProgramAreaCreateWithoutProgramsInput | ProgramAreaUncheckedCreateWithoutProgramsInput,
         +     connectOrCreate: ProgramAreaCreateOrConnectWithoutProgramsInput,
         +     connect: ProgramAreaWhereUniqueInput
         +   }
           }
         })

Argument `programArea` is missing.
Error on programNid=157: 
Invalid `model.create()` invocation in
C:\Users\ryanr\Documents\dev\NOC-data-2025\index.js:35:17

  32 
  33 async function safeCreate(model, data, idLabel) {
  34   try {
→ 35     await model.create({
           data: {
             nid: 157,
             title: "Bachelor of Education",
             duration: "Bachelor's",
             credential: "Degree",
             programAreaNid: 11,
             viuSearchKeywords: "teacher, education",
             nocSearchKeywords: [],
             knownNocGroups: [],
         +   programArea: {
         +     create: ProgramAreaCreateWithoutProgramsInput | ProgramAreaUncheckedCreateWithoutProgramsInput,
         +     connectOrCreate: ProgramAreaCreateOrConnectWithoutProgramsInput,
         +     connect: ProgramAreaWhereUniqueInput
         +   }
           }
         })

Argument `programArea` is missing.
Error on programNid=190: 
Invalid `model.create()` invocation in
C:\Users\ryanr\Documents\dev\NOC-data-2025\index.js:35:17

  32 
  33 async function safeCreate(model, data, idLabel) {
  34   try {
→ 35     await model.create({
           data: {
             nid: 190,
             title: "Dental Assistant",
             duration: null,
             credential: "Certificate",
             programAreaNid: 10,
             viuSearchKeywords: "dentistry",
             nocSearchKeywords: [],
             knownNocGroups: [],
         +   programArea: {
         +     create: ProgramAreaCreateWithoutProgramsInput | ProgramAreaUncheckedCreateWithoutProgramsInput,
         +     connectOrCreate: ProgramAreaCreateOrConnectWithoutProgramsInput,
         +     connect: ProgramAreaWhereUniqueInput
         +   }
           }
         })

Argument `programArea` is missing.
Error on programNid=255: 
Invalid `model.create()` invocation in
C:\Users\ryanr\Documents\dev\NOC-data-2025\index.js:35:17

  32 
  33 async function safeCreate(model, data, idLabel) {
  34   try {
→ 35     await model.create({
           data: {
             nid: 255,
             title: "Wine Business",
             duration: null,
             credential: "Certificate",
             programAreaNid: 1,
             viuSearchKeywords: "agriculture, agricultural",
             nocSearchKeywords: [],
             knownNocGroups: [],
         +   programArea: {
         +     create: ProgramAreaCreateWithoutProgramsInput | ProgramAreaUncheckedCreateWithoutProgramsInput,
         +     connectOrCreate: ProgramAreaCreateOrConnectWithoutProgramsInput,
         +     connect: ProgramAreaWhereUniqueInput
         +   }
           }
         })

Argument `programArea` is missing.
Error on programNid=193: 
Invalid `model.create()` invocation in
C:\Users\ryanr\Documents\dev\NOC-data-2025\index.js:35:17

  32 
  33 async function safeCreate(model, data, idLabel) {
  34   try {
→ 35     await model.create({
           data: {
             nid: 193,
             title: "Event Management Certificate",
             duration: null,
             credential: "Certificate",
             programAreaNid: 1,
             viuSearchKeywords: "Continuing Education, Continuing Studies",
             nocSearchKeywords: [],
             knownNocGroups: [],
         +   programArea: {
         +     create: ProgramAreaCreateWithoutProgramsInput | ProgramAreaUncheckedCreateWithoutProgramsInput,
         +     connectOrCreate: ProgramAreaCreateOrConnectWithoutProgramsInput,
         +     connect: ProgramAreaWhereUniqueInput
         +   }
           }
         })

Argument `programArea` is missing.
Error on programNid=259: 
Invalid `model.create()` invocation in
C:\Users\ryanr\Documents\dev\NOC-data-2025\index.js:35:17

  32 
  33 async function safeCreate(model, data, idLabel) {
  34   try {
→ 35     await model.create({
           data: {
             nid: 259,
             title: "Practical Nursing",
             duration: null,
             credential: "Diploma",
             programAreaNid: 10,
             viuSearchKeywords: "lpn, public health",
             nocSearchKeywords: [],
             knownNocGroups: [],
         +   programArea: {
         +     create: ProgramAreaCreateWithoutProgramsInput | ProgramAreaUncheckedCreateWithoutProgramsInput,
         +     connectOrCreate: ProgramAreaCreateOrConnectWithoutProgramsInput,
         +     connect: ProgramAreaWhereUniqueInput
         +   }
           }
         })

Argument `programArea` is missing.
Error on programNid=155: 
Invalid `model.create()` invocation in
C:\Users\ryanr\Documents\dev\NOC-data-2025\index.js:35:17

  32 
  33 async function safeCreate(model, data, idLabel) {
  34   try {
→ 35     await model.create({
           data: {
             nid: 155,
             title: "Arts One - First Nations",
             duration: null,
             credential: "Certificate",
             programAreaNid: 5,
             viuSearchKeywords: "Aboriginal, indigenous",
             nocSearchKeywords: [],
             knownNocGroups: [],
         +   programArea: {
         +     create: ProgramAreaCreateWithoutProgramsInput | ProgramAreaUncheckedCreateWithoutProgramsInput,
         +     connectOrCreate: ProgramAreaCreateOrConnectWithoutProgramsInput,
         +     connect: ProgramAreaWhereUniqueInput
         +   }
           }
         })

Argument `programArea` is missing.
Error on programNid=217: 
Invalid `model.create()` invocation in
C:\Users\ryanr\Documents\dev\NOC-data-2025\index.js:35:17

  32 
  33 async function safeCreate(model, data, idLabel) {
  34   try {
→ 35     await model.create({
           data: {
             nid: 217,
             title: "Health Care Assistant",
             duration: null,
             credential: "Certificate",
             programAreaNid: 10,
             viuSearchKeywords: null,
             nocSearchKeywords: [],
             knownNocGroups: [],
         +   programArea: {
         +     create: ProgramAreaCreateWithoutProgramsInput | ProgramAreaUncheckedCreateWithoutProgramsInput,
         +     connectOrCreate: ProgramAreaCreateOrConnectWithoutProgramsInput,
         +     connect: ProgramAreaWhereUniqueInput
         +   }
           }
         })

Argument `programArea` is missing.
Error on programNid=158: 
Invalid `model.create()` invocation in
C:\Users\ryanr\Documents\dev\NOC-data-2025\index.js:35:17

  32 
  33 async function safeCreate(model, data, idLabel) {
  34   try {
→ 35     await model.create({
           data: {
             nid: 158,
             title: "Aboriginal University Bridging",
             duration: null,
             credential: "Certificate",
             programAreaNid: 7,
             viuSearchKeywords: "First Nations, indigenous",
             nocSearchKeywords: [],
             knownNocGroups: [],
         +   programArea: {
         +     create: ProgramAreaCreateWithoutProgramsInput | ProgramAreaUncheckedCreateWithoutProgramsInput,
         +     connectOrCreate: ProgramAreaCreateOrConnectWithoutProgramsInput,
         +     connect: ProgramAreaWhereUniqueInput
         +   }
           }
         })

Argument `programArea` is missing.
Error on programNid=172: 
Invalid `model.create()` invocation in
C:\Users\ryanr\Documents\dev\NOC-data-2025\index.js:35:17

  32 
  33 async function safeCreate(model, data, idLabel) {
  34   try {
→ 35     await model.create({
           data: {
             nid: 172,
             title: "Child and Youth Care Diploma",
             duration: null,
             credential: "Diploma",
             programAreaNid: 13,
             viuSearchKeywords: null,
             nocSearchKeywords: [],
             knownNocGroups: [],
         +   programArea: {
         +     create: ProgramAreaCreateWithoutProgramsInput | ProgramAreaUncheckedCreateWithoutProgramsInput,
         +     connectOrCreate: ProgramAreaCreateOrConnectWithoutProgramsInput,
         +     connect: ProgramAreaWhereUniqueInput
         +   }
           }
         })

Argument `programArea` is missing.
Error on programNid=151: 
Invalid `model.create()` invocation in
C:\Users\ryanr\Documents\dev\NOC-data-2025\index.js:35:17

  32 
  33 async function safeCreate(model, data, idLabel) {
  34   try {
→ 35     await model.create({
           data: {
             nid: 151,
             title: "Bachelor of Education - Post Baccalaureate",
             duration: "Bachelor's",
             credential: "Degree",
             programAreaNid: 11,
             viuSearchKeywords: "education, teacher",
             nocSearchKeywords: [],
             knownNocGroups: [],
         +   programArea: {
         +     create: ProgramAreaCreateWithoutProgramsInput | ProgramAreaUncheckedCreateWithoutProgramsInput,
         +     connectOrCreate: ProgramAreaCreateOrConnectWithoutProgramsInput,
         +     connect: ProgramAreaWhereUniqueInput
         +   }
           }
         })

Argument `programArea` is missing.
Error on programNid=174: 
Invalid `model.create()` invocation in
C:\Users\ryanr\Documents\dev\NOC-data-2025\index.js:35:17

  32 
  33 async function safeCreate(model, data, idLabel) {
  34   try {
→ 35     await model.create({
           data: {
             nid: 174,
             title: "Child and Youth Care First Nations Diploma",
             duration: null,
             credential: "Diploma",
             programAreaNid: 5,
             viuSearchKeywords: "indigenous, Aboriginal",
             nocSearchKeywords: [],
             knownNocGroups: [],
         +   programArea: {
         +     create: ProgramAreaCreateWithoutProgramsInput | ProgramAreaUncheckedCreateWithoutProgramsInput,
         +     connectOrCreate: ProgramAreaCreateOrConnectWithoutProgramsInput,
         +     connect: ProgramAreaWhereUniqueInput
         +   }
           }
         })

Argument `programArea` is missing.
Error on programNid=222: 
Invalid `model.create()` invocation in
C:\Users\ryanr\Documents\dev\NOC-data-2025\index.js:35:17

  32 
  33 async function safeCreate(model, data, idLabel) {
  34   try {
→ 35     await model.create({
           data: {
             nid: 222,
             title: "Master of Education in Special Education",
             duration: "Master's",
             credential: "Degree",
             programAreaNid: 11,
             viuSearchKeywords: null,
             nocSearchKeywords: [],
             knownNocGroups: [],
         +   programArea: {
         +     create: ProgramAreaCreateWithoutProgramsInput | ProgramAreaUncheckedCreateWithoutProgramsInput,
         +     connectOrCreate: ProgramAreaCreateOrConnectWithoutProgramsInput,
         +     connect: ProgramAreaWhereUniqueInput
         +   }
           }
         })

Argument `programArea` is missing.
Error on programNid=146: 
Invalid `model.create()` invocation in
C:\Users\ryanr\Documents\dev\NOC-data-2025\index.js:35:17

  32 
  33 async function safeCreate(model, data, idLabel) {
  34   try {
→ 35     await model.create({
           data: {
             nid: 146,
             title: "Activity Assistant",
             duration: null,
             credential: "Certificate",
             programAreaNid: 10,
             viuSearchKeywords: "Continuing Education, Continuing Studies",
             nocSearchKeywords: [],
             knownNocGroups: [],
         +   programArea: {
         +     create: ProgramAreaCreateWithoutProgramsInput | ProgramAreaUncheckedCreateWithoutProgramsInput,
         +     connectOrCreate: ProgramAreaCreateOrConnectWithoutProgramsInput,
         +     connect: ProgramAreaWhereUniqueInput
         +   }
           }
         })

Argument `programArea` is missing.
Error on programNid=198: 
Invalid `model.create()` invocation in
C:\Users\ryanr\Documents\dev\NOC-data-2025\index.js:35:17

  32 
  33 async function safeCreate(model, data, idLabel) {
  34   try {
→ 35     await model.create({
           data: {
             nid: 198,
             title: "Dental Hygiene",
             duration: null,
             credential: "Diploma",
             programAreaNid: 10,
             viuSearchKeywords: "dentistry",
             nocSearchKeywords: [],
             knownNocGroups: [],
         +   programArea: {
         +     create: ProgramAreaCreateWithoutProgramsInput | ProgramAreaUncheckedCreateWithoutProgramsInput,
         +     connectOrCreate: ProgramAreaCreateOrConnectWithoutProgramsInput,
         +     connect: ProgramAreaWhereUniqueInput
         +   }
           }
         })

Argument `programArea` is missing.
Error on programNid=149: 
Invalid `model.create()` invocation in
C:\Users\ryanr\Documents\dev\NOC-data-2025\index.js:35:17

  32 
  33 async function safeCreate(model, data, idLabel) {
  34   try {
→ 35     await model.create({
           data: {
             nid: 149,
             title: "Bachelor of Interior Design",
             duration: "Bachelor's",
             credential: "Degree",
             programAreaNid: 6,
             viuSearchKeywords: "architecture",
             nocSearchKeywords: [],
             knownNocGroups: [],
         +   programArea: {
         +     create: ProgramAreaCreateWithoutProgramsInput | ProgramAreaUncheckedCreateWithoutProgramsInput,
         +     connectOrCreate: ProgramAreaCreateOrConnectWithoutProgramsInput,
         +     connect: ProgramAreaWhereUniqueInput
         +   }
           }
         })

Argument `programArea` is missing.
Error on programNid=170: 
Invalid `model.create()` invocation in
C:\Users\ryanr\Documents\dev\NOC-data-2025\index.js:35:17

  32 
  33 async function safeCreate(model, data, idLabel) {
  34   try {
→ 35     await model.create({
           data: {
             nid: 170,
             title: "Bachelor of Science in Nursing",
             duration: "Bachelor's",
             credential: "Degree",
             programAreaNid: 10,
             viuSearchKeywords: "public health",
             nocSearchKeywords: [],
             knownNocGroups: [],
         +   programArea: {
         +     create: ProgramAreaCreateWithoutProgramsInput | ProgramAreaUncheckedCreateWithoutProgramsInput,
         +     connectOrCreate: ProgramAreaCreateOrConnectWithoutProgramsInput,
         +     connect: ProgramAreaWhereUniqueInput
         +   }
           }
         })

Argument `programArea` is missing.
Error on programNid=261: 
Invalid `model.create()` invocation in
C:\Users\ryanr\Documents\dev\NOC-data-2025\index.js:35:17

  32 
  33 async function safeCreate(model, data, idLabel) {
  34   try {
→ 35     await model.create({
           data: {
             nid: 261,
             title: "Tourism Studies",
             duration: null,
             credential: "Diploma",
             programAreaNid: 1,
             viuSearchKeywords: null,
             nocSearchKeywords: [],
             knownNocGroups: [],
         +   programArea: {
         +     create: ProgramAreaCreateWithoutProgramsInput | ProgramAreaUncheckedCreateWithoutProgramsInput,
         +     connectOrCreate: ProgramAreaCreateOrConnectWithoutProgramsInput,
         +     connect: ProgramAreaWhereUniqueInput
         +   }
           }
         })

Argument `programArea` is missing.
Error on programNid=177: 
Invalid `model.create()` invocation in
C:\Users\ryanr\Documents\dev\NOC-data-2025\index.js:35:17

  32 
  33 async function safeCreate(model, data, idLabel) {
  34   try {
→ 35     await model.create({
           data: {
             nid: 177,
             title: "Business Fundamentals for Indigenous Communities",
             duration: null,
             credential: "Certificate",
             programAreaNid: 2,
             viuSearchKeywords: "analytics, buisness, commerce, First Nations, indigenous",
             nocSearchKeywords: [],
             knownNocGroups: [],
         +   programArea: {
         +     create: ProgramAreaCreateWithoutProgramsInput | ProgramAreaUncheckedCreateWithoutProgramsInput,
         +     connectOrCreate: ProgramAreaCreateOrConnectWithoutProgramsInput,
         +     connect: ProgramAreaWhereUniqueInput
         +   }
           }
         })

Argument `programArea` is missing.
Error on programNid=237: 
Invalid `model.create()` invocation in
C:\Users\ryanr\Documents\dev\NOC-data-2025\index.js:35:17

  32 
  33 async function safeCreate(model, data, idLabel) {
  34   try {
→ 35     await model.create({
           data: {
             nid: 237,
             title: "Hospitality Management Diploma",
             duration: null,
             credential: "Diploma",
             programAreaNid: 1,
             viuSearchKeywords: "Hotel Management",
             nocSearchKeywords: [],
             knownNocGroups: [],
         +   programArea: {
         +     create: ProgramAreaCreateWithoutProgramsInput | ProgramAreaUncheckedCreateWithoutProgramsInput,
         +     connectOrCreate: ProgramAreaCreateOrConnectWithoutProgramsInput,
         +     connect: ProgramAreaWhereUniqueInput
         +   }
           }
         })

Argument `programArea` is missing.
Error on programNid=242: 
Invalid `model.create()` invocation in
C:\Users\ryanr\Documents\dev\NOC-data-2025\index.js:35:17

  32 
  33 async function safeCreate(model, data, idLabel) {
  34   try {
→ 35     await model.create({
           data: {
             nid: 242,
             title: "Workplace Essential Skills and Training",
             duration: null,
             credential: "Certificate",
             programAreaNid: 7,
             viuSearchKeywords: null,
             nocSearchKeywords: [],
             knownNocGroups: [],
         +   programArea: {
         +     create: ProgramAreaCreateWithoutProgramsInput | ProgramAreaUncheckedCreateWithoutProgramsInput,
         +     connectOrCreate: ProgramAreaCreateOrConnectWithoutProgramsInput,
         +     connect: ProgramAreaWhereUniqueInput
         +   }
           }
         })

Argument `programArea` is missing.
Error on programNid=207: 
Invalid `model.create()` invocation in
C:\Users\ryanr\Documents\dev\NOC-data-2025\index.js:35:17

  32 
  33 async function safeCreate(model, data, idLabel) {
  34   try {
→ 35     await model.create({
           data: {
             nid: 207,
             title: "Foundations for Success",
             duration: null,
             credential: "Certificate",
             programAreaNid: 7,
             viuSearchKeywords: "presentation skills training",
             nocSearchKeywords: [],
             knownNocGroups: [],
         +   programArea: {
         +     create: ProgramAreaCreateWithoutProgramsInput | ProgramAreaUncheckedCreateWithoutProgramsInput,
         +     connectOrCreate: ProgramAreaCreateOrConnectWithoutProgramsInput,
         +     connect: ProgramAreaWhereUniqueInput
         +   }
           }
         })

Argument `programArea` is missing.
Error on programNid=256: 
Invalid `model.create()` invocation in
C:\Users\ryanr\Documents\dev\NOC-data-2025\index.js:35:17

  32 
  33 async function safeCreate(model, data, idLabel) {
  34   try {
→ 35     await model.create({
           data: {
             nid: 256,
             title: "Visual Art",
             duration: null,
             credential: "Diploma",
             programAreaNid: 6,
             viuSearchKeywords: "animator, animation",
             nocSearchKeywords: [],
             knownNocGroups: [],
         +   programArea: {
         +     create: ProgramAreaCreateWithoutProgramsInput | ProgramAreaUncheckedCreateWithoutProgramsInput,
         +     connectOrCreate: ProgramAreaCreateOrConnectWithoutProgramsInput,
         +     connect: ProgramAreaWhereUniqueInput
         +   }
           }
         })

Argument `programArea` is missing.
Error on programNid=212: 
Invalid `model.create()` invocation in
C:\Users\ryanr\Documents\dev\NOC-data-2025\index.js:35:17

  32 
  33 async function safeCreate(model, data, idLabel) {
  34   try {
→ 35     await model.create({
           data: {
             nid: 212,
             title: "Bachelor of Design in Graphic Design",
             duration: "Bachelor's",
             credential: "Degree",
             programAreaNid: 6,
             viuSearchKeywords: "animator, animation, design, graphic design, photography",
             nocSearchKeywords: [],
             knownNocGroups: [],
         +   programArea: {
         +     create: ProgramAreaCreateWithoutProgramsInput | ProgramAreaUncheckedCreateWithoutProgramsInput,
         +     connectOrCreate: ProgramAreaCreateOrConnectWithoutProgramsInput,
         +     connect: ProgramAreaWhereUniqueInput
         +   }
           }
         })

Argument `programArea` is missing.
Error on programNid=235: 
Invalid `model.create()` invocation in
C:\Users\ryanr\Documents\dev\NOC-data-2025\index.js:35:17

  32 
  33 async function safeCreate(model, data, idLabel) {
  34   try {
→ 35     await model.create({
           data: {
             nid: 235,
             title: "Master of Business Administration (MBA)",
             duration: "Master's",
             credential: "Degree",
             programAreaNid: 2,
             viuSearchKeywords: "analytics, buisness, commerce, masters in finance, supply chain",
             nocSearchKeywords: [],
             knownNocGroups: [],
         +   programArea: {
         +     create: ProgramAreaCreateWithoutProgramsInput | ProgramAreaUncheckedCreateWithoutProgramsInput,
         +     connectOrCreate: ProgramAreaCreateOrConnectWithoutProgramsInput,
         +     connect: ProgramAreaWhereUniqueInput
         +   }
           }
         })

Argument `programArea` is missing.
Error on programNid=248: 
Invalid `model.create()` invocation in
C:\Users\ryanr\Documents\dev\NOC-data-2025\index.js:35:17

  32 
  33 async function safeCreate(model, data, idLabel) {
  34   try {
→ 35     await model.create({
           data: {
             nid: 248,
             title: "Recreation and Sport Management",
             duration: null,
             credential: "Diploma",
             programAreaNid: 1,
             viuSearchKeywords: "athletics",
             nocSearchKeywords: [],
             knownNocGroups: [],
         +   programArea: {
         +     create: ProgramAreaCreateWithoutProgramsInput | ProgramAreaUncheckedCreateWithoutProgramsInput,
         +     connectOrCreate: ProgramAreaCreateOrConnectWithoutProgramsInput,
         +     connect: ProgramAreaWhereUniqueInput
         +   }
           }
         })

Argument `programArea` is missing.
Error on programNid=251: 
Invalid `model.create()` invocation in
C:\Users\ryanr\Documents\dev\NOC-data-2025\index.js:35:17

  32 
  33 async function safeCreate(model, data, idLabel) {
  34   try {
→ 35     await model.create({
           data: {
             nid: 251,
             title: "Visual Art (BA)",
             duration: "Bachelor's",
             credential: "Degree",
             programAreaNid: 6,
             viuSearchKeywords: "animator, animation",
             nocSearchKeywords: [],
             knownNocGroups: [],
         +   programArea: {
         +     create: ProgramAreaCreateWithoutProgramsInput | ProgramAreaUncheckedCreateWithoutProgramsInput,
         +     connectOrCreate: ProgramAreaCreateOrConnectWithoutProgramsInput,
         +     connect: ProgramAreaWhereUniqueInput
         +   }
           }
         })

Argument `programArea` is missing.
Error on programNid=208: 
Invalid `model.create()` invocation in
C:\Users\ryanr\Documents\dev\NOC-data-2025\index.js:35:17

  32 
  33 async function safeCreate(model, data, idLabel) {
  34   try {
→ 35     await model.create({
           data: {
             nid: 208,
             title: "Adult Basic Education",
             duration: null,
             credential: "Certificate",
             programAreaNid: 7,
             viuSearchKeywords: "ABE, Upgrading, Adult Graduation Diploma, Highschool courses, high school courses",
             nocSearchKeywords: [],
             knownNocGroups: [],
         +   programArea: {
         +     create: ProgramAreaCreateWithoutProgramsInput | ProgramAreaUncheckedCreateWithoutProgramsInput,
         +     connectOrCreate: ProgramAreaCreateOrConnectWithoutProgramsInput,
         +     connect: ProgramAreaWhereUniqueInput
         +   }
           }
         })

Argument `programArea` is missing.
Error on programNid=231: 
Invalid `model.create()` invocation in
C:\Users\ryanr\Documents\dev\NOC-data-2025\index.js:35:17

  32 
  33 async function safeCreate(model, data, idLabel) {
  34   try {
→ 35     await model.create({
           data: {
             nid: 231,
             title: "Master of Arts in Sustainable Leisure Management",
             duration: "Master's",
             credential: "Degree",
             programAreaNid: 1,
             viuSearchKeywords: "travel",
             nocSearchKeywords: [],
             knownNocGroups: [],
         +   programArea: {
         +     create: ProgramAreaCreateWithoutProgramsInput | ProgramAreaUncheckedCreateWithoutProgramsInput,
         +     connectOrCreate: ProgramAreaCreateOrConnectWithoutProgramsInput,
         +     connect: ProgramAreaWhereUniqueInput
         +   }
           }
         })

Argument `programArea` is missing.
Error on programNid=139: 
Invalid `model.create()` invocation in
C:\Users\ryanr\Documents\dev\NOC-data-2025\index.js:35:17

  32 
  33 async function safeCreate(model, data, idLabel) {
  34   try {
→ 35     await model.create({
           data: {
             nid: 139,
             title: "Bachelor of Music in Jazz Studies",
             duration: "Bachelor's",
             credential: "Degree",
             programAreaNid: 6,
             viuSearchKeywords: "piano",
             nocSearchKeywords: [],
             knownNocGroups: [],
         +   programArea: {
         +     create: ProgramAreaCreateWithoutProgramsInput | ProgramAreaUncheckedCreateWithoutProgramsInput,
         +     connectOrCreate: ProgramAreaCreateOrConnectWithoutProgramsInput,
         +     connect: ProgramAreaWhereUniqueInput
         +   }
           }
         })

Argument `programArea` is missing.
Error on programNid=196: 
Invalid `model.create()` invocation in
C:\Users\ryanr\Documents\dev\NOC-data-2025\index.js:35:17

  32 
  33 async function safeCreate(model, data, idLabel) {
  34   try {
→ 35     await model.create({
           data: {
             nid: 196,
             title: "Business Administration",
             duration: null,
             credential: "Diploma",
             programAreaNid: 2,
             viuSearchKeywords: "analytics, buisness, commerce, supply chain",
             nocSearchKeywords: [],
             knownNocGroups: [],
         +   programArea: {
         +     create: ProgramAreaCreateWithoutProgramsInput | ProgramAreaUncheckedCreateWithoutProgramsInput,
         +     connectOrCreate: ProgramAreaCreateOrConnectWithoutProgramsInput,
         +     connect: ProgramAreaWhereUniqueInput
         +   }
           }
         })

Argument `programArea` is missing.
Error on programNid=143: 
Invalid `model.create()` invocation in
C:\Users\ryanr\Documents\dev\NOC-data-2025\index.js:35:17

  32 
  33 async function safeCreate(model, data, idLabel) {
  34   try {
→ 35     await model.create({
           data: {
             nid: 143,
             title: "Bachelor of Hospitality Management",
             duration: "Bachelor's",
             credential: "Degree",
             programAreaNid: 1,
             viuSearchKeywords: "Hotel Management",
             nocSearchKeywords: [],
             knownNocGroups: [],
         +   programArea: {
         +     create: ProgramAreaCreateWithoutProgramsInput | ProgramAreaUncheckedCreateWithoutProgramsInput,
         +     connectOrCreate: ProgramAreaCreateOrConnectWithoutProgramsInput,
         +     connect: ProgramAreaWhereUniqueInput
         +   }
           }
         })

Argument `programArea` is missing.
Error on programNid=9185: 
Invalid `model.create()` invocation in
C:\Users\ryanr\Documents\dev\NOC-data-2025\index.js:35:17

  32 
  33 async function safeCreate(model, data, idLabel) {
  34   try {
→ 35     await model.create({
           data: {
             nid: 9185,
             title: "Esthetics and Spa Therapy",
             duration: null,
             credential: "Certificate",
             programAreaNid: 4,
             viuSearchKeywords: "Esthetics and Spa Therapy, Continuing Education, Continuing Studies",
             nocSearchKeywords: [
               "estheticians"
             ],
             knownNocGroups: [
               "6562"
             ],
         +   programArea: {
         +     create: ProgramAreaCreateWithoutProgramsInput | ProgramAreaUncheckedCreateWithoutProgramsInput,
         +     connectOrCreate: ProgramAreaCreateOrConnectWithoutProgramsInput,
         +     connect: ProgramAreaWhereUniqueInput
         +   }
           }
         })

Argument `programArea` is missing.
Error on programNid=3481: 
Invalid `model.create()` invocation in
C:\Users\ryanr\Documents\dev\NOC-data-2025\index.js:35:17

  32 
  33 async function safeCreate(model, data, idLabel) {
  34   try {
→ 35     await model.create({
           data: {
             nid: 3481,
             title: "International Business (BBA)",
             duration: "Bachelor's",
             credential: "Degree",
             programAreaNid: 2,
             viuSearchKeywords: "analytics, buisness, commerce, international relations",
             nocSearchKeywords: [
               "business administration",
               "international business",
               "international"
             ],
             knownNocGroups: [],
         +   programArea: {
         +     create: ProgramAreaCreateWithoutProgramsInput | ProgramAreaUncheckedCreateWithoutProgramsInput,
         +     connectOrCreate: ProgramAreaCreateOrConnectWithoutProgramsInput,
         +     connect: ProgramAreaWhereUniqueInput
         +   }
           }
         })

Argument `programArea` is missing.
Error on programNid=4980: 
Invalid `model.create()` invocation in
C:\Users\ryanr\Documents\dev\NOC-data-2025\index.js:35:17

  32 
  33 async function safeCreate(model, data, idLabel) {
  34   try {
→ 35     await model.create({
           data: {
             nid: 4980,
             title: "Indigenous/Xwulmuxw Studies (BA)",
             duration: "Bachelor's",
             credential: "Degree",
             programAreaNid: 3,
             viuSearchKeywords: "Aboriginal, First Nations, indigenous",
             nocSearchKeywords: [],
             knownNocGroups: [],
         +   programArea: {
         +     create: ProgramAreaCreateWithoutProgramsInput | ProgramAreaUncheckedCreateWithoutProgramsInput,
         +     connectOrCreate: ProgramAreaCreateOrConnectWithoutProgramsInput,
         +     connect: ProgramAreaWhereUniqueInput
         +   }
           }
         })

Argument `programArea` is missing.
Error on programNid=3482: 
Invalid `model.create()` invocation in
C:\Users\ryanr\Documents\dev\NOC-data-2025\index.js:35:17

  32 
  33 async function safeCreate(model, data, idLabel) {
  34   try {
→ 35     await model.create({
           data: {
             nid: 3482,
             title: "Marketing (BBA)",
             duration: "Bachelor's",
             credential: "Degree",
             programAreaNid: 2,
             viuSearchKeywords: null,
             nocSearchKeywords: [
               "business administration",
               "business marketing",
               "marketing"
             ],
             knownNocGroups: [],
         +   programArea: {
         +     create: ProgramAreaCreateWithoutProgramsInput | ProgramAreaUncheckedCreateWithoutProgramsInput,
         +     connectOrCreate: ProgramAreaCreateOrConnectWithoutProgramsInput,
         +     connect: ProgramAreaWhereUniqueInput
         +   }
           }
         })

Argument `programArea` is missing.
Error on programNid=9000: 
Invalid `model.create()` invocation in
C:\Users\ryanr\Documents\dev\NOC-data-2025\index.js:35:17

  32 
  33 async function safeCreate(model, data, idLabel) {
  34   try {
→ 35     await model.create({
           data: {
             nid: 9000,
             title: "Aquaculture (BA)",
             duration: "Bachelor's",
             credential: "Degree",
             programAreaNid: 3,
             viuSearchKeywords: null,
             nocSearchKeywords: [
               "aquaculture"
             ],
             knownNocGroups: [
               "0823"
             ],
         +   programArea: {
         +     create: ProgramAreaCreateWithoutProgramsInput | ProgramAreaUncheckedCreateWithoutProgramsInput,
         +     connectOrCreate: ProgramAreaCreateOrConnectWithoutProgramsInput,
         +     connect: ProgramAreaWhereUniqueInput
         +   }
           }
         })

Argument `programArea` is missing.
Error on programNid=6530: 
Invalid `model.create()` invocation in
C:\Users\ryanr\Documents\dev\NOC-data-2025\index.js:35:17

  32 
  33 async function safeCreate(model, data, idLabel) {
  34   try {
→ 35     await model.create({
           data: {
             nid: 6530,
             title: "Anthropology Honours (BA)",
             duration: "Bachelor's",
             credential: "Degree",
             programAreaNid: 3,
             viuSearchKeywords: null,
             nocSearchKeywords: [],
             knownNocGroups: [
               "4169"
             ],
         +   programArea: {
         +     create: ProgramAreaCreateWithoutProgramsInput | ProgramAreaUncheckedCreateWithoutProgramsInput,
         +     connectOrCreate: ProgramAreaCreateOrConnectWithoutProgramsInput,
         +     connect: ProgramAreaWhereUniqueInput
         +   }
           }
         })

Argument `programArea` is missing.
Error on programNid=7222: 
Invalid `model.create()` invocation in
C:\Users\ryanr\Documents\dev\NOC-data-2025\index.js:35:17

  32 
  33 async function safeCreate(model, data, idLabel) {
  34   try {
→ 35     await model.create({
           data: {
             nid: 7222,
             title: "Information Technology and Applied Systems – Web and Mobile Development Diploma",
             duration: null,
             credential: "Diploma",
             programAreaNid: 4,
             viuSearchKeywords: "itas, software engineering",
             nocSearchKeywords: [
               "computer science",
               "analytics",
               "artificial intelligence",
               "software engineering",
               "computer programming",
               "web design",
               "web development",
               "mobile development"
             ],
             knownNocGroups: [],
         +   programArea: {
         +     create: ProgramAreaCreateWithoutProgramsInput | ProgramAreaUncheckedCreateWithoutProgramsInput,
         +     connectOrCreate: ProgramAreaCreateOrConnectWithoutProgramsInput,
         +     connect: ProgramAreaWhereUniqueInput
         +   }
           }
         })

Argument `programArea` is missing.
Error on programNid=7138: 
Invalid `model.create()` invocation in
C:\Users\ryanr\Documents\dev\NOC-data-2025\index.js:35:17

  32 
  33 async function safeCreate(model, data, idLabel) {
  34   try {
→ 35     await model.create({
           data: {
             nid: 7138,
             title: "Professional Indigenous Lands Management Certificate",
             duration: null,
             credential: "Certificate",
             programAreaNid: 3,
             viuSearchKeywords: "First Nations, indigenous",
             nocSearchKeywords: [],
             knownNocGroups: [],
         +   programArea: {
         +     create: ProgramAreaCreateWithoutProgramsInput | ProgramAreaUncheckedCreateWithoutProgramsInput,
         +     connectOrCreate: ProgramAreaCreateOrConnectWithoutProgramsInput,
         +     connect: ProgramAreaWhereUniqueInput
         +   }
           }
         })

Argument `programArea` is missing.
Error on programNid=9143: 
Invalid `model.create()` invocation in
C:\Users\ryanr\Documents\dev\NOC-data-2025\index.js:35:17

  32 
  33 async function safeCreate(model, data, idLabel) {
  34   try {
→ 35     await model.create({
           data: {
             nid: 9143,
             title: "Computer Science Honours",
             duration: "Bachelor's",
             credential: "Degree",
             programAreaNid: 3,
             viuSearchKeywords: "analytics, artificial intelligence, data, information technology, software engineering",
             nocSearchKeywords: [
               "computer science",
               "analytics",
               "artificial intelligence",
               "software engineering"
             ],
             knownNocGroups: [],
         +   programArea: {
         +     create: ProgramAreaCreateWithoutProgramsInput | ProgramAreaUncheckedCreateWithoutProgramsInput,
         +     connectOrCreate: ProgramAreaCreateOrConnectWithoutProgramsInput,
         +     connect: ProgramAreaWhereUniqueInput
         +   }
           }
         })

Argument `programArea` is missing.
Error on programNid=3480: 
Invalid `model.create()` invocation in
C:\Users\ryanr\Documents\dev\NOC-data-2025\index.js:35:17

  32 
  33 async function safeCreate(model, data, idLabel) {
  34   try {
→ 35     await model.create({
           data: {
             nid: 3480,
             title: "Human Resources Management (BBA)",
             duration: "Bachelor's",
             credential: "Degree",
             programAreaNid: 2,
             viuSearchKeywords: null,
             nocSearchKeywords: [
               "business administration",
               "business human resources",
               "human resources"
             ],
             knownNocGroups: [],
         +   programArea: {
         +     create: ProgramAreaCreateWithoutProgramsInput | ProgramAreaUncheckedCreateWithoutProgramsInput,
         +     connectOrCreate: ProgramAreaCreateOrConnectWithoutProgramsInput,
         +     connect: ProgramAreaWhereUniqueInput
         +   }
           }
         })

Argument `programArea` is missing.
Error on programNid=7095: 
Invalid `model.create()` invocation in
C:\Users\ryanr\Documents\dev\NOC-data-2025\index.js:35:17

  32 
  33 async function safeCreate(model, data, idLabel) {
  34   try {
→ 35     await model.create({
           data: {
             nid: 7095,
             title: "Integrated Engineering Technologist Diploma",
             duration: null,
             credential: "Diploma",
             programAreaNid: 9,
             viuSearchKeywords: "architecture, aerospace, aviation, civil engineering, civil technologist, engineering, engineering diploma, engineering technologist, mechanical, mechanics, tech sector",
             nocSearchKeywords: [
               "engineering technology"
             ],
             knownNocGroups: [],
         +   programArea: {
         +     create: ProgramAreaCreateWithoutProgramsInput | ProgramAreaUncheckedCreateWithoutProgramsInput,
         +     connectOrCreate: ProgramAreaCreateOrConnectWithoutProgramsInput,
         +     connect: ProgramAreaWhereUniqueInput
         +   }
           }
         })

Argument `programArea` is missing.
Error on programNid=4123: 
Invalid `model.create()` invocation in
C:\Users\ryanr\Documents\dev\NOC-data-2025\index.js:35:17

  32 
  33 async function safeCreate(model, data, idLabel) {
  34   try {
→ 35     await model.create({
           data: {
             nid: 4123,
             title: "Biology Honours",
             duration: "Bachelor's",
             credential: "Degree",
             programAreaNid: 9,
             viuSearchKeywords: "biotechnology, biotechnologist, botany, dentistry, ecology, environmental, food sciences, Marine, marine biologist, marine biology, nutritionist, phycology, vet, veterinary, veterinarian, vetinary, vetinarian, zoology",
             nocSearchKeywords: [
               "biology"
             ],
             knownNocGroups: [
               "2121"
             ],
         +   programArea: {
         +     create: ProgramAreaCreateWithoutProgramsInput | ProgramAreaUncheckedCreateWithoutProgramsInput,
         +     connectOrCreate: ProgramAreaCreateOrConnectWithoutProgramsInput,
         +     connect: ProgramAreaWhereUniqueInput
         +   }
           }
         })

Argument `programArea` is missing.
Error on programNid=9005: 
Invalid `model.create()` invocation in
C:\Users\ryanr\Documents\dev\NOC-data-2025\index.js:35:17

  32 
  33 async function safeCreate(model, data, idLabel) {
  34   try {
→ 35     await model.create({
           data: {
             nid: 9005,
             title: "Baking and Pastry Arts Management",
             duration: null,
             credential: "Diploma",
             programAreaNid: 4,
             viuSearchKeywords: "baker",
             nocSearchKeywords: [
               "baking"
             ],
             knownNocGroups: [],
         +   programArea: {
         +     create: ProgramAreaCreateWithoutProgramsInput | ProgramAreaUncheckedCreateWithoutProgramsInput,
         +     connectOrCreate: ProgramAreaCreateOrConnectWithoutProgramsInput,
         +     connect: ProgramAreaWhereUniqueInput
         +   }
           }
         })

Argument `programArea` is missing.
Error on programNid=7125: 
Invalid `model.create()` invocation in
C:\Users\ryanr\Documents\dev\NOC-data-2025\index.js:35:17

  32 
  33 async function safeCreate(model, data, idLabel) {
  34   try {
→ 35     await model.create({
           data: {
             nid: 7125,
             title: "Bachelor of Kinesiology",
             duration: "Bachelor's",
             credential: "Degree",
             programAreaNid: 11,
             viuSearchKeywords: "athletics, biomechanics, kinesiology, medical terminology, occupational therapy, personal trainer, physiotherapy",
             nocSearchKeywords: [
               "kinesiology",
               "human kinetics",
               "sport therapy",
               "health sciences",
               "sports injury management"
             ],
             knownNocGroups: [
               "3144"
             ],
         +   programArea: {
         +     create: ProgramAreaCreateWithoutProgramsInput | ProgramAreaUncheckedCreateWithoutProgramsInput,
         +     connectOrCreate: ProgramAreaCreateOrConnectWithoutProgramsInput,
         +     connect: ProgramAreaWhereUniqueInput
         +   }
           }
         })

Argument `programArea` is missing.
Error on programNid=3527: 
Invalid `model.create()` invocation in
C:\Users\ryanr\Documents\dev\NOC-data-2025\index.js:35:17

  32 
  33 async function safeCreate(model, data, idLabel) {
  34   try {
→ 35     await model.create({
           data: {
             nid: 3527,
             title: "Bachelor of Business Administration (BBA), Majors and Minors",
             duration: "Bachelor's",
             credential: "Degree",
             programAreaNid: 2,
             viuSearchKeywords: "analytics, buisness, commerce, supply chain",
             nocSearchKeywords: [
               "business administration"
             ],
             knownNocGroups: [],
         +   programArea: {
         +     create: ProgramAreaCreateWithoutProgramsInput | ProgramAreaUncheckedCreateWithoutProgramsInput,
         +     connectOrCreate: ProgramAreaCreateOrConnectWithoutProgramsInput,
         +     connect: ProgramAreaWhereUniqueInput
         +   }
           }
         })

Argument `programArea` is missing.
Error on programNid=4194: 
Invalid `model.create()` invocation in
C:\Users\ryanr\Documents\dev\NOC-data-2025\index.js:35:17

  32 
  33 async function safeCreate(model, data, idLabel) {
  34   try {
→ 35     await model.create({
           data: {
             nid: 4194,
             title: "Fundamentals of Forest Harvesting Practices",
             duration: null,
             credential: "Certificate",
             programAreaNid: 4,
             viuSearchKeywords: "forestry, forester",
             nocSearchKeywords: [],
             knownNocGroups: [
               "8241",
               "7511",
               "8211",
               "8616",
               "7521"
             ],
         +   programArea: {
         +     create: ProgramAreaCreateWithoutProgramsInput | ProgramAreaUncheckedCreateWithoutProgramsInput,
         +     connectOrCreate: ProgramAreaCreateOrConnectWithoutProgramsInput,
         +     connect: ProgramAreaWhereUniqueInput
         +   }
           }
         })

Argument `programArea` is missing.
Error on programNid=3483: 
Invalid `model.create()` invocation in
C:\Users\ryanr\Documents\dev\NOC-data-2025\index.js:35:17

  32 
  33 async function safeCreate(model, data, idLabel) {
  34   try {
→ 35     await model.create({
           data: {
             nid: 3483,
             title: "Management (BBA)",
             duration: "Bachelor's",
             credential: "Degree",
             programAreaNid: 2,
             viuSearchKeywords: null,
             nocSearchKeywords: [
               "business administration",
               "business management",
               "management"
             ],
             knownNocGroups: [],
         +   programArea: {
         +     create: ProgramAreaCreateWithoutProgramsInput | ProgramAreaUncheckedCreateWithoutProgramsInput,
         +     connectOrCreate: ProgramAreaCreateOrConnectWithoutProgramsInput,
         +     connect: ProgramAreaWhereUniqueInput
         +   }
           }
         })

Argument `programArea` is missing.
Error on programNid=7113: 
Invalid `model.create()` invocation in
C:\Users\ryanr\Documents\dev\NOC-data-2025\index.js:35:17

  32 
  33 async function safeCreate(model, data, idLabel) {
  34   try {
→ 35     await model.create({
           data: {
             nid: 7113,
             title: "Geography Honours (BA)",
             duration: "Bachelor's",
             credential: "Degree",
             programAreaNid: 3,
             viuSearchKeywords: "urban planning",
             nocSearchKeywords: [
               " urban and regional planning",
               "geography"
             ],
             knownNocGroups: [
               "2153"
             ],
         +   programArea: {
         +     create: ProgramAreaCreateWithoutProgramsInput | ProgramAreaUncheckedCreateWithoutProgramsInput,
         +     connectOrCreate: ProgramAreaCreateOrConnectWithoutProgramsInput,
         +     connect: ProgramAreaWhereUniqueInput
         +   }
           }
         })

Argument `programArea` is missing.
Error on programNid=9004: 
Invalid `model.create()` invocation in
C:\Users\ryanr\Documents\dev\NOC-data-2025\index.js:35:17

  32 
  33 async function safeCreate(model, data, idLabel) {
  34   try {
→ 35     await model.create({
           data: {
             nid: 9004,
             title: "Aquaculture (BSc)",
             duration: "Bachelor's",
             credential: "Degree",
             programAreaNid: 9,
             viuSearchKeywords: null,
             nocSearchKeywords: [
               "aquaculture"
             ],
             knownNocGroups: [
               "0823"
             ],
         +   programArea: {
         +     create: ProgramAreaCreateWithoutProgramsInput | ProgramAreaUncheckedCreateWithoutProgramsInput,
         +     connectOrCreate: ProgramAreaCreateOrConnectWithoutProgramsInput,
         +     connect: ProgramAreaWhereUniqueInput
         +   }
           }
         })

Argument `programArea` is missing.
Error on programNid=9115: 
Invalid `model.create()` invocation in
C:\Users\ryanr\Documents\dev\NOC-data-2025\index.js:35:17

  32 
  33 async function safeCreate(model, data, idLabel) {
  34   try {
→ 35     await model.create({
           data: {
             nid: 9115,
             title: "Psychology Honours (BSc)",
             duration: "Bachelor's",
             credential: "Degree",
             programAreaNid: 9,
             viuSearchKeywords: "counseling, counselling, psycology",
             nocSearchKeywords: [
               "psychology"
             ],
             knownNocGroups: [],
         +   programArea: {
         +     create: ProgramAreaCreateWithoutProgramsInput | ProgramAreaUncheckedCreateWithoutProgramsInput,
         +     connectOrCreate: ProgramAreaCreateOrConnectWithoutProgramsInput,
         +     connect: ProgramAreaWhereUniqueInput
         +   }
           }
         })

Argument `programArea` is missing.
Error on programNid=3356: 
Invalid `model.create()` invocation in
C:\Users\ryanr\Documents\dev\NOC-data-2025\index.js:35:17

  32 
  33 async function safeCreate(model, data, idLabel) {
  34   try {
→ 35     await model.create({
           data: {
             nid: 3356,
             title: "Languages and Culture (Romance Languages) (BSc)",
             duration: "Bachelor's",
             credential: "Degree",
             programAreaNid: 9,
             viuSearchKeywords: null,
             nocSearchKeywords: [],
             knownNocGroups: [],
         +   programArea: {
         +     create: ProgramAreaCreateWithoutProgramsInput | ProgramAreaUncheckedCreateWithoutProgramsInput,
         +     connectOrCreate: ProgramAreaCreateOrConnectWithoutProgramsInput,
         +     connect: ProgramAreaWhereUniqueInput
         +   }
           }
         })

Argument `programArea` is missing.
Error on programNid=3322: 
Invalid `model.create()` invocation in
C:\Users\ryanr\Documents\dev\NOC-data-2025\index.js:35:17

  32 
  33 async function safeCreate(model, data, idLabel) {
  34   try {
→ 35     await model.create({
           data: {
             nid: 3322,
             title: "Psychology Honours (BA)",
             duration: "Bachelor's",
             credential: "Degree",
             programAreaNid: 3,
             viuSearchKeywords: "counseling, counselling, psycology",
             nocSearchKeywords: [
               "psychology"
             ],
             knownNocGroups: [],
         +   programArea: {
         +     create: ProgramAreaCreateWithoutProgramsInput | ProgramAreaUncheckedCreateWithoutProgramsInput,
         +     connectOrCreate: ProgramAreaCreateOrConnectWithoutProgramsInput,
         +     connect: ProgramAreaWhereUniqueInput
         +   }
           }
         })

Argument `programArea` is missing.
Error on programNid=289: 
Invalid `model.create()` invocation in
C:\Users\ryanr\Documents\dev\NOC-data-2025\index.js:35:17

  32 
  33 async function safeCreate(model, data, idLabel) {
  34   try {
→ 35     await model.create({
           data: {
             nid: 289,
             title: "Bachelor of Arts (BA), Honours, Majors, and Minors",
             duration: "Bachelor's",
             credential: "Degree",
             programAreaNid: 3,
             viuSearchKeywords: "ba, bachelor of arts",
             nocSearchKeywords: [],
             knownNocGroups: [],
         +   programArea: {
         +     create: ProgramAreaCreateWithoutProgramsInput | ProgramAreaUncheckedCreateWithoutProgramsInput,
         +     connectOrCreate: ProgramAreaCreateOrConnectWithoutProgramsInput,
         +     connect: ProgramAreaWhereUniqueInput
         +   }
           }
         })

Argument `programArea` is missing.
Error on programNid=290: 
Invalid `model.create()` invocation in
C:\Users\ryanr\Documents\dev\NOC-data-2025\index.js:35:17

  32 
  33 async function safeCreate(model, data, idLabel) {
  34   try {
→ 35     await model.create({
           data: {
             nid: 290,
             title: "Earth Science (BA)",
             duration: "Bachelor's",
             credential: "Degree",
             programAreaNid: 3,
             viuSearchKeywords: null,
             nocSearchKeywords: [],
             knownNocGroups: [
               "4161"
             ],
         +   programArea: {
         +     create: ProgramAreaCreateWithoutProgramsInput | ProgramAreaUncheckedCreateWithoutProgramsInput,
         +     connectOrCreate: ProgramAreaCreateOrConnectWithoutProgramsInput,
         +     connect: ProgramAreaWhereUniqueInput
         +   }
           }
         })

Argument `programArea` is missing.
Error on programNid=3477: 
Invalid `model.create()` invocation in
C:\Users\ryanr\Documents\dev\NOC-data-2025\index.js:35:17

  32 
  33 async function safeCreate(model, data, idLabel) {
  34   try {
→ 35     await model.create({
           data: {
             nid: 3477,
             title: "Accounting (BBA)",
             duration: "Bachelor's",
             credential: "Degree",
             programAreaNid: 2,
             viuSearchKeywords: "book keeping, bookkeeping",
             nocSearchKeywords: [
               "business administration",
               "business accounting",
               "accounting"
             ],
             knownNocGroups: [],
         +   programArea: {
         +     create: ProgramAreaCreateWithoutProgramsInput | ProgramAreaUncheckedCreateWithoutProgramsInput,
         +     connectOrCreate: ProgramAreaCreateOrConnectWithoutProgramsInput,
         +     connect: ProgramAreaWhereUniqueInput
         +   }
           }
         })

Argument `programArea` is missing.
Error on programNid=293: 
Invalid `model.create()` invocation in
C:\Users\ryanr\Documents\dev\NOC-data-2025\index.js:35:17

  32 
  33 async function safeCreate(model, data, idLabel) {
  34   try {
→ 35     await model.create({
           data: {
             nid: 293,
             title: "Master of Geographic Information Systems (GIS) Applications",
             duration: "Master's",
             credential: "Degree",
             programAreaNid: 3,
             viuSearchKeywords: "data, geomatics, information management, remote sensing",
             nocSearchKeywords: [],
             knownNocGroups: [],
         +   programArea: {
         +     create: ProgramAreaCreateWithoutProgramsInput | ProgramAreaUncheckedCreateWithoutProgramsInput,
         +     connectOrCreate: ProgramAreaCreateOrConnectWithoutProgramsInput,
         +     connect: ProgramAreaWhereUniqueInput
         +   }
           }
         })

Argument `programArea` is missing.
Error on programNid=1341: 
Invalid `model.create()` invocation in
C:\Users\ryanr\Documents\dev\NOC-data-2025\index.js:35:17

  32 
  33 async function safeCreate(model, data, idLabel) {
  34   try {
→ 35     await model.create({
           data: {
             nid: 1341,
             title: "English Honours (BA)",
             duration: "Bachelor's",
             credential: "Degree",
             programAreaNid: 3,
             viuSearchKeywords: null,
             nocSearchKeywords: [
               "english"
             ],
             knownNocGroups: [],
         +   programArea: {
         +     create: ProgramAreaCreateWithoutProgramsInput | ProgramAreaUncheckedCreateWithoutProgramsInput,
         +     connectOrCreate: ProgramAreaCreateOrConnectWithoutProgramsInput,
         +     connect: ProgramAreaWhereUniqueInput
         +   }
           }
         })

Argument `programArea` is missing.
Error on programNid=1301: 
Invalid `model.create()` invocation in
C:\Users\ryanr\Documents\dev\NOC-data-2025\index.js:35:17

  32 
  33 async function safeCreate(model, data, idLabel) {
  34   try {
→ 35     await model.create({
           data: {
             nid: 1301,
             title: "Certificate in Adventure Tourism and Recreation",
             duration: null,
             credential: "Certificate",
             programAreaNid: 1,
             viuSearchKeywords: null,
             nocSearchKeywords: [],
             knownNocGroups: [
               "6531",
               "6313"
             ],
         +   programArea: {
         +     create: ProgramAreaCreateWithoutProgramsInput | ProgramAreaUncheckedCreateWithoutProgramsInput,
         +     connectOrCreate: ProgramAreaCreateOrConnectWithoutProgramsInput,
         +     connect: ProgramAreaWhereUniqueInput
         +   }
           }
         })

Argument `programArea` is missing.
Error on programNid=294: 
Invalid `model.create()` invocation in
C:\Users\ryanr\Documents\dev\NOC-data-2025\index.js:35:17

  32 
  33 async function safeCreate(model, data, idLabel) {
  34   try {
→ 35     await model.create({
           data: {
             nid: 294,
             title: "Master of Community Planning",
             duration: "Master's",
             credential: "Degree",
             programAreaNid: 3,
             viuSearchKeywords: "architecture, civil engineering, urban planning",
             nocSearchKeywords: [
               "urban and regional planning"
             ],
             knownNocGroups: [],
         +   programArea: {
         +     create: ProgramAreaCreateWithoutProgramsInput | ProgramAreaUncheckedCreateWithoutProgramsInput,
         +     connectOrCreate: ProgramAreaCreateOrConnectWithoutProgramsInput,
         +     connect: ProgramAreaWhereUniqueInput
         +   }
           }
         })

Argument `programArea` is missing.
Error on programNid=3479: 
Invalid `model.create()` invocation in
C:\Users\ryanr\Documents\dev\NOC-data-2025\index.js:35:17

  32 
  33 async function safeCreate(model, data, idLabel) {
  34   try {
→ 35     await model.create({
           data: {
             nid: 3479,
             title: "Financial Services (BBA)",
             duration: "Bachelor's",
             credential: "Degree",
             programAreaNid: 2,
             viuSearchKeywords: null,
             nocSearchKeywords: [
               "business administration",
               "business financial services",
               "financial services"
             ],
             knownNocGroups: [],
         +   programArea: {
         +     create: ProgramAreaCreateWithoutProgramsInput | ProgramAreaUncheckedCreateWithoutProgramsInput,
         +     connectOrCreate: ProgramAreaCreateOrConnectWithoutProgramsInput,
         +     connect: ProgramAreaWhereUniqueInput
         +   }
           }
         })

Argument `programArea` is missing.
Error on programNid=3478: 
Invalid `model.create()` invocation in
C:\Users\ryanr\Documents\dev\NOC-data-2025\index.js:35:17

  32 
  33 async function safeCreate(model, data, idLabel) {
  34   try {
→ 35     await model.create({
           data: {
             nid: 3478,
             title: "Economics (BBA)",
             duration: "Bachelor's",
             credential: "Degree",
             programAreaNid: 2,
             viuSearchKeywords: null,
             nocSearchKeywords: [
               "business administration",
               "business economics",
               "economics"
             ],
             knownNocGroups: [],
         +   programArea: {
         +     create: ProgramAreaCreateWithoutProgramsInput | ProgramAreaUncheckedCreateWithoutProgramsInput,
         +     connectOrCreate: ProgramAreaCreateOrConnectWithoutProgramsInput,
         +     connect: ProgramAreaWhereUniqueInput
         +   }
           }
         })

Argument `programArea` is missing.
Error on programNid=3326: 
Invalid `model.create()` invocation in
C:\Users\ryanr\Documents\dev\NOC-data-2025\index.js:35:17

  32 
  33 async function safeCreate(model, data, idLabel) {
  34   try {
→ 35     await model.create({
           data: {
             nid: 3326,
             title: "Sociology Honours (BA)",
             duration: "Bachelor's",
             credential: "Degree",
             programAreaNid: 3,
             viuSearchKeywords: null,
             nocSearchKeywords: [
               "sociology"
             ],
             knownNocGroups: [],
         +   programArea: {
         +     create: ProgramAreaCreateWithoutProgramsInput | ProgramAreaUncheckedCreateWithoutProgramsInput,
         +     connectOrCreate: ProgramAreaCreateOrConnectWithoutProgramsInput,
         +     connect: ProgramAreaWhereUniqueInput
         +   }
           }
         })

Argument `programArea` is missing.
Error on programNid=3442: 
Invalid `model.create()` invocation in
C:\Users\ryanr\Documents\dev\NOC-data-2025\index.js:35:17

  32 
  33 async function safeCreate(model, data, idLabel) {
  34   try {
→ 35     await model.create({
           data: {
             nid: 3442,
             title: "Legal Studies",
             duration: null,
             credential: "Certificate",
             programAreaNid: 3,
             viuSearchKeywords: null,
             nocSearchKeywords: [],
             knownNocGroups: [],
         +   programArea: {
         +     create: ProgramAreaCreateWithoutProgramsInput | ProgramAreaUncheckedCreateWithoutProgramsInput,
         +     connectOrCreate: ProgramAreaCreateOrConnectWithoutProgramsInput,
         +     connect: ProgramAreaWhereUniqueInput
         +   }
           }
         })

Argument `programArea` is missing.
Error on programNid=313: 
Invalid `model.create()` invocation in
C:\Users\ryanr\Documents\dev\NOC-data-2025\index.js:35:17

  32 
  33 async function safeCreate(model, data, idLabel) {
  34   try {
→ 35     await model.create({
           data: {
             nid: 313,
             title: "Physical Education",
             duration: null,
             credential: "Diploma",
             programAreaNid: 11,
             viuSearchKeywords: "kinesiology, physiotherapy, occupational therapy, biomechanics, personal trainer",
             nocSearchKeywords: [
               "physical education",
               "recreation",
               "occupational therapy",
               "physiotherapy",
               "rehabilitation therapists"
             ],
             knownNocGroups: [],
         +   programArea: {
         +     create: ProgramAreaCreateWithoutProgramsInput | ProgramAreaUncheckedCreateWithoutProgramsInput,
         +     connectOrCreate: ProgramAreaCreateOrConnectWithoutProgramsInput,
         +     connect: ProgramAreaWhereUniqueInput
         +   }
           }
         })

Argument `programArea` is missing.
Error on programNid=3318: 
Invalid `model.create()` invocation in
C:\Users\ryanr\Documents\dev\NOC-data-2025\index.js:35:17

  32 
  33 async function safeCreate(model, data, idLabel) {
  34   try {
→ 35     await model.create({
           data: {
             nid: 3318,
             title: "History Honours (BA)",
             duration: "Bachelor's",
             credential: "Degree",
             programAreaNid: 3,
             viuSearchKeywords: null,
             nocSearchKeywords: [
               "History"
             ],
             knownNocGroups: [],
         +   programArea: {
         +     create: ProgramAreaCreateWithoutProgramsInput | ProgramAreaUncheckedCreateWithoutProgramsInput,
         +     connectOrCreate: ProgramAreaCreateOrConnectWithoutProgramsInput,
         +     connect: ProgramAreaWhereUniqueInput
         +   }
           }
         })

Argument `programArea` is missing.
Error on programNid=3270: 
Invalid `model.create()` invocation in
C:\Users\ryanr\Documents\dev\NOC-data-2025\index.js:35:17

  32 
  33 async function safeCreate(model, data, idLabel) {
  34   try {
→ 35     await model.create({
           data: {
             nid: 3270,
             title: "Philosophy Honours (BA)",
             duration: "Bachelor's",
             credential: "Degree",
             programAreaNid: 3,
             viuSearchKeywords: null,
             nocSearchKeywords: [],
             knownNocGroups: [],
         +   programArea: {
         +     create: ProgramAreaCreateWithoutProgramsInput | ProgramAreaUncheckedCreateWithoutProgramsInput,
         +     connectOrCreate: ProgramAreaCreateOrConnectWithoutProgramsInput,
         +     connect: ProgramAreaWhereUniqueInput
         +   }
           }
         })

Argument `programArea` is missing.
Error on programNid=287: 
Invalid `model.create()` invocation in
C:\Users\ryanr\Documents\dev\NOC-data-2025\index.js:35:17

  32 
  33 async function safeCreate(model, data, idLabel) {
  34   try {
→ 35     await model.create({
           data: {
             nid: 287,
             title: "Culinary Management",
             duration: null,
             credential: "Diploma",
             programAreaNid: 4,
             viuSearchKeywords: "cook, food",
             nocSearchKeywords: [
               "food service administration",
               "hotel and restaurant management"
             ],
             knownNocGroups: [],
         +   programArea: {
         +     create: ProgramAreaCreateWithoutProgramsInput | ProgramAreaUncheckedCreateWithoutProgramsInput,
         +     connectOrCreate: ProgramAreaCreateOrConnectWithoutProgramsInput,
         +     connect: ProgramAreaWhereUniqueInput
         +   }
           }
         })

Argument `programArea` is missing.
Error on programNid=295: 
Invalid `model.create()` invocation in
C:\Users\ryanr\Documents\dev\NOC-data-2025\index.js:35:17

  32 
  33 async function safeCreate(model, data, idLabel) {
  34   try {
→ 35     await model.create({
           data: {
             nid: 295,
             title: "Proficiency in Language and Culture",
             duration: null,
             credential: "Certificate",
             programAreaNid: 3,
             viuSearchKeywords: null,
             nocSearchKeywords: [],
             knownNocGroups: [],
         +   programArea: {
         +     create: ProgramAreaCreateWithoutProgramsInput | ProgramAreaUncheckedCreateWithoutProgramsInput,
         +     connectOrCreate: ProgramAreaCreateOrConnectWithoutProgramsInput,
         +     connect: ProgramAreaWhereUniqueInput
         +   }
           }
         })

Argument `programArea` is missing.
Error on programNid=319: 
Invalid `model.create()` invocation in
C:\Users\ryanr\Documents\dev\NOC-data-2025\index.js:35:17

  32 
  33 async function safeCreate(model, data, idLabel) {
  34   try {
→ 35     await model.create({
           data: {
             nid: 319,
             title: "Languages and Culture (Romance Languages) (BA)",
             duration: "Bachelor's",
             credential: "Degree",
             programAreaNid: 3,
             viuSearchKeywords: null,
             nocSearchKeywords: [],
             knownNocGroups: [],
         +   programArea: {
         +     create: ProgramAreaCreateWithoutProgramsInput | ProgramAreaUncheckedCreateWithoutProgramsInput,
         +     connectOrCreate: ProgramAreaCreateOrConnectWithoutProgramsInput,
         +     connect: ProgramAreaWhereUniqueInput
         +   }
           }
         })

Argument `programArea` is missing.
Error on programNid=1338: 
Invalid `model.create()` invocation in
C:\Users\ryanr\Documents\dev\NOC-data-2025\index.js:35:17

  32 
  33 async function safeCreate(model, data, idLabel) {
  34   try {
→ 35     await model.create({
           data: {
             nid: 1338,
             title: "Education Assistant and Community Support",
             duration: null,
             credential: "Certificate",
             programAreaNid: 13,
             viuSearchKeywords: "Educational Assistant",
             nocSearchKeywords: [
               "teaching assistance",
               "educational assistance",
               "social science"
             ],
             knownNocGroups: [],
         +   programArea: {
         +     create: ProgramAreaCreateWithoutProgramsInput | ProgramAreaUncheckedCreateWithoutProgramsInput,
         +     connectOrCreate: ProgramAreaCreateOrConnectWithoutProgramsInput,
         +     connect: ProgramAreaWhereUniqueInput
         +   }
           }
         })

Argument `programArea` is missing.
Error on programNid=221: 
Invalid `model.create()` invocation in
C:\Users\ryanr\Documents\dev\NOC-data-2025\index.js:35:17

  32 
  33 async function safeCreate(model, data, idLabel) {
  34   try {
→ 35     await model.create({
           data: {
             nid: 221,
             title: "Jazz Studies",
             duration: null,
             credential: "Diploma",
             programAreaNid: 6,
             viuSearchKeywords: null,
             nocSearchKeywords: [
               "Musical training"
             ],
             knownNocGroups: [],
         +   programArea: {
         +     create: ProgramAreaCreateWithoutProgramsInput | ProgramAreaUncheckedCreateWithoutProgramsInput,
         +     connectOrCreate: ProgramAreaCreateOrConnectWithoutProgramsInput,
         +     connect: ProgramAreaWhereUniqueInput
         +   }
           }
         })

Argument `programArea` is missing.
Error on programNid=210: 
Invalid `model.create()` invocation in
C:\Users\ryanr\Documents\dev\NOC-data-2025\index.js:35:17

  32 
  33 async function safeCreate(model, data, idLabel) {
  34   try {
→ 35     await model.create({
           data: {
             nid: 210,
             title: "Horticultural Technician Foundation",
             duration: null,
             credential: "Certificate",
             programAreaNid: 4,
             viuSearchKeywords: "agriculture, agricultural",
             nocSearchKeywords: [],
             knownNocGroups: [],
         +   programArea: {
         +     create: ProgramAreaCreateWithoutProgramsInput | ProgramAreaUncheckedCreateWithoutProgramsInput,
         +     connectOrCreate: ProgramAreaCreateOrConnectWithoutProgramsInput,
         +     connect: ProgramAreaWhereUniqueInput
         +   }
           }
         })

Argument `programArea` is missing.
Error on programNid=147: 
Invalid `model.create()` invocation in
C:\Users\ryanr\Documents\dev\NOC-data-2025\index.js:35:17

  32 
  33 async function safeCreate(model, data, idLabel) {
  34   try {
→ 35     await model.create({
           data: {
             nid: 147,
             title: "Automotive Service Technician",
             duration: null,
             credential: "Certificate",
             programAreaNid: 4,
             viuSearchKeywords: "apprenticeship, car, glass technician, mechanic, mechanics, red seal",
             nocSearchKeywords: [],
             knownNocGroups: [],
         +   programArea: {
         +     create: ProgramAreaCreateWithoutProgramsInput | ProgramAreaUncheckedCreateWithoutProgramsInput,
         +     connectOrCreate: ProgramAreaCreateOrConnectWithoutProgramsInput,
         +     connect: ProgramAreaWhereUniqueInput
         +   }
           }
         })

Argument `programArea` is missing.
Error on programNid=161: 
Invalid `model.create()` invocation in
C:\Users\ryanr\Documents\dev\NOC-data-2025\index.js:35:17

  32 
  33 async function safeCreate(model, data, idLabel) {
  34   try {
→ 35     await model.create({
           data: {
             nid: 161,
             title: "Bachelor of Tourism Management",
             duration: "Bachelor's",
             credential: "Degree",
             programAreaNid: 1,
             viuSearchKeywords: null,
             nocSearchKeywords: [
               "hotel management"
             ],
             knownNocGroups: [
               "6313"
             ],
         +   programArea: {
         +     create: ProgramAreaCreateWithoutProgramsInput | ProgramAreaUncheckedCreateWithoutProgramsInput,
         +     connectOrCreate: ProgramAreaCreateOrConnectWithoutProgramsInput,
         +     connect: ProgramAreaWhereUniqueInput
         +   }
           }
         })

Argument `programArea` is missing.
Error on programNid=153: 
Invalid `model.create()` invocation in
C:\Users\ryanr\Documents\dev\NOC-data-2025\index.js:35:17

  32 
  33 async function safeCreate(model, data, idLabel) {
  34   try {
→ 35     await model.create({
           data: {
             nid: 153,
             title: "Aboriginal Construction",
             duration: null,
             credential: "Certificate",
             programAreaNid: 4,
             viuSearchKeywords: "First Nations, indigenous",
             nocSearchKeywords: [],
             knownNocGroups: [],
         +   programArea: {
         +     create: ProgramAreaCreateWithoutProgramsInput | ProgramAreaUncheckedCreateWithoutProgramsInput,
         +     connectOrCreate: ProgramAreaCreateOrConnectWithoutProgramsInput,
         +     connect: ProgramAreaWhereUniqueInput
         +   }
           }
         })

Argument `programArea` is missing.
Error on programNid=197: 
Invalid `model.create()` invocation in
C:\Users\ryanr\Documents\dev\NOC-data-2025\index.js:35:17

  32 
  33 async function safeCreate(model, data, idLabel) {
  34   try {
→ 35     await model.create({
           data: {
             nid: 197,
             title: "Criminology",
             duration: null,
             credential: "Diploma",
             programAreaNid: 3,
             viuSearchKeywords: "criminal justice, law enforcement, police",
             nocSearchKeywords: [
               "law and security"
             ],
             knownNocGroups: [],
         +   programArea: {
         +     create: ProgramAreaCreateWithoutProgramsInput | ProgramAreaUncheckedCreateWithoutProgramsInput,
         +     connectOrCreate: ProgramAreaCreateOrConnectWithoutProgramsInput,
         +     connect: ProgramAreaWhereUniqueInput
         +   }
           }
         })

Argument `programArea` is missing.
Error on programNid=179: 
Invalid `model.create()` invocation in
C:\Users\ryanr\Documents\dev\NOC-data-2025\index.js:35:17

  32 
  33 async function safeCreate(model, data, idLabel) {
  34   try {
→ 35     await model.create({
           data: {
             nid: 179,
             title: "Culinary Arts",
             duration: null,
             credential: "Certificate",
             programAreaNid: 4,
             viuSearchKeywords: "apprenticeship, cook, food, professional cook, red seal",
             nocSearchKeywords: [],
             knownNocGroups: [],
         +   programArea: {
         +     create: ProgramAreaCreateWithoutProgramsInput | ProgramAreaUncheckedCreateWithoutProgramsInput,
         +     connectOrCreate: ProgramAreaCreateOrConnectWithoutProgramsInput,
         +     connect: ProgramAreaWhereUniqueInput
         +   }
           }
         })

Argument `programArea` is missing.
Error on programNid=175: 
Invalid `model.create()` invocation in
C:\Users\ryanr\Documents\dev\NOC-data-2025\index.js:35:17

  32 
  33 async function safeCreate(model, data, idLabel) {
  34   try {
→ 35     await model.create({
           data: {
             nid: 175,
             title: "Carpentry",
             duration: null,
             credential: "Certificate",
             programAreaNid: 4,
             viuSearchKeywords: "apprenticeship, carpenter, construction, red seal",
             nocSearchKeywords: [],
             knownNocGroups: [],
         +   programArea: {
         +     create: ProgramAreaCreateWithoutProgramsInput | ProgramAreaUncheckedCreateWithoutProgramsInput,
         +     connectOrCreate: ProgramAreaCreateOrConnectWithoutProgramsInput,
         +     connect: ProgramAreaWhereUniqueInput
         +   }
           }
         })

Argument `programArea` is missing.
Error on programNid=183: 
Invalid `model.create()` invocation in
C:\Users\ryanr\Documents\dev\NOC-data-2025\index.js:35:17

  32 
  33 async function safeCreate(model, data, idLabel) {
  34   try {
→ 35     await model.create({
           data: {
             nid: 183,
             title: "Electrician",
             duration: null,
             credential: "Certificate",
             programAreaNid: 4,
             viuSearchKeywords: "electrician, plumbing, red seal, apprenticeship",
             nocSearchKeywords: [],
             knownNocGroups: [],
         +   programArea: {
         +     create: ProgramAreaCreateWithoutProgramsInput | ProgramAreaUncheckedCreateWithoutProgramsInput,
         +     connectOrCreate: ProgramAreaCreateOrConnectWithoutProgramsInput,
         +     connect: ProgramAreaWhereUniqueInput
         +   }
           }
         })

Argument `programArea` is missing.
Error on programNid=253: 
Invalid `model.create()` invocation in
C:\Users\ryanr\Documents\dev\NOC-data-2025\index.js:35:17

  32 
  33 async function safeCreate(model, data, idLabel) {
  34   try {
→ 35     await model.create({
           data: {
             nid: 253,
             title: "Refrigeration Air-Conditioning Mechanic",
             duration: null,
             credential: "Certificate",
             programAreaNid: 4,
             viuSearchKeywords: "apprenticeship, plumbing, red seal",
             nocSearchKeywords: [],
             knownNocGroups: [],
         +   programArea: {
         +     create: ProgramAreaCreateWithoutProgramsInput | ProgramAreaUncheckedCreateWithoutProgramsInput,
         +     connectOrCreate: ProgramAreaCreateOrConnectWithoutProgramsInput,
         +     connect: ProgramAreaWhereUniqueInput
         +   }
           }
         })

Argument `programArea` is missing.
Error on programNid=216: 
Invalid `model.create()` invocation in
C:\Users\ryanr\Documents\dev\NOC-data-2025\index.js:35:17

  32 
  33 async function safeCreate(model, data, idLabel) {
  34   try {
→ 35     await model.create({
           data: {
             nid: 216,
             title: "Heavy Mechanical Trades Foundation",
             duration: null,
             credential: "Certificate",
             programAreaNid: 4,
             viuSearchKeywords: "heavy duty, apprenticeship, red seal",
             nocSearchKeywords: [],
             knownNocGroups: [],
         +   programArea: {
         +     create: ProgramAreaCreateWithoutProgramsInput | ProgramAreaUncheckedCreateWithoutProgramsInput,
         +     connectOrCreate: ProgramAreaCreateOrConnectWithoutProgramsInput,
         +     connect: ProgramAreaWhereUniqueInput
         +   }
           }
         })

Argument `programArea` is missing.
Error on programNid=194: 
Invalid `model.create()` invocation in
C:\Users\ryanr\Documents\dev\NOC-data-2025\index.js:35:17

  32 
  33 async function safeCreate(model, data, idLabel) {
  34   try {
→ 35     await model.create({
           data: {
             nid: 194,
             title: "First Nations Housing Manager",
             duration: null,
             credential: "Certificate",
             programAreaNid: 4,
             viuSearchKeywords: "Aboriginal, Continuing Education, Continuing Studies, indigenous",
             nocSearchKeywords: [],
             knownNocGroups: [],
         +   programArea: {
         +     create: ProgramAreaCreateWithoutProgramsInput | ProgramAreaUncheckedCreateWithoutProgramsInput,
         +     connectOrCreate: ProgramAreaCreateOrConnectWithoutProgramsInput,
         +     connect: ProgramAreaWhereUniqueInput
         +   }
           }
         })

Argument `programArea` is missing.
Error on programNid=249: 
Invalid `model.create()` invocation in
C:\Users\ryanr\Documents\dev\NOC-data-2025\index.js:35:17

  32 
  33 async function safeCreate(model, data, idLabel) {
  34   try {
→ 35     await model.create({
           data: {
             nid: 249,
             title: "Theatre",
             duration: null,
             credential: "Diploma",
             programAreaNid: 6,
             viuSearchKeywords: "actor, actress, acting",
             nocSearchKeywords: [
               "Acting programs"
             ],
             knownNocGroups: [],
         +   programArea: {
         +     create: ProgramAreaCreateWithoutProgramsInput | ProgramAreaUncheckedCreateWithoutProgramsInput,
         +     connectOrCreate: ProgramAreaCreateOrConnectWithoutProgramsInput,
         +     connect: ProgramAreaWhereUniqueInput
         +   }
           }
         })

Argument `programArea` is missing.
Error on programNid=252: 
Invalid `model.create()` invocation in
C:\Users\ryanr\Documents\dev\NOC-data-2025\index.js:35:17

  32 
  33 async function safeCreate(model, data, idLabel) {
  34   try {
→ 35     await model.create({
           data: {
             nid: 252,
             title: "Welding",
             duration: null,
             credential: "Certificate",
             programAreaNid: 4,
             viuSearchKeywords: "apprenticeship, plumbing, red seal, welder",
             nocSearchKeywords: [
               "welding"
             ],
             knownNocGroups: [],
         +   programArea: {
         +     create: ProgramAreaCreateWithoutProgramsInput | ProgramAreaUncheckedCreateWithoutProgramsInput,
         +     connectOrCreate: ProgramAreaCreateOrConnectWithoutProgramsInput,
         +     connect: ProgramAreaWhereUniqueInput
         +   }
           }
         })

Argument `programArea` is missing.
Error on programNid=230: 
Invalid `model.create()` invocation in
C:\Users\ryanr\Documents\dev\NOC-data-2025\index.js:35:17

  32 
  33 async function safeCreate(model, data, idLabel) {
  34   try {
→ 35     await model.create({
           data: {
             nid: 230,
             title: "Marine and Motorcycle Mechanical Technician",
             duration: null,
             credential: "Certificate",
             programAreaNid: 4,
             viuSearchKeywords: null,
             nocSearchKeywords: [],
             knownNocGroups: [],
         +   programArea: {
         +     create: ProgramAreaCreateWithoutProgramsInput | ProgramAreaUncheckedCreateWithoutProgramsInput,
         +     connectOrCreate: ProgramAreaCreateOrConnectWithoutProgramsInput,
         +     connect: ProgramAreaWhereUniqueInput
         +   }
           }
         })

Argument `programArea` is missing.
Error on programNid=240: 
Invalid `model.create()` invocation in
C:\Users\ryanr\Documents\dev\NOC-data-2025\index.js:35:17

  32 
  33 async function safeCreate(model, data, idLabel) {
  34   try {
→ 35     await model.create({
           data: {
             nid: 240,
             title: "Power Engineering/Process Operator - 4th Class",
             duration: null,
             credential: "Certificate",
             programAreaNid: 4,
             viuSearchKeywords: "mechanical, mechanics",
             nocSearchKeywords: [
               "power engineering"
             ],
             knownNocGroups: [],
         +   programArea: {
         +     create: ProgramAreaCreateWithoutProgramsInput | ProgramAreaUncheckedCreateWithoutProgramsInput,
         +     connectOrCreate: ProgramAreaCreateOrConnectWithoutProgramsInput,
         +     connect: ProgramAreaWhereUniqueInput
         +   }
           }
         })

Argument `programArea` is missing.
Error on programNid=260: 
Invalid `model.create()` invocation in
C:\Users\ryanr\Documents\dev\NOC-data-2025\index.js:35:17

  32 
  33 async function safeCreate(model, data, idLabel) {
  34   try {
→ 35     await model.create({
           data: {
             nid: 260,
             title: "Professional Baking and Pastry Arts",
             duration: null,
             credential: "Certificate",
             programAreaNid: 4,
             viuSearchKeywords: "baker, apprenticeship, red seal",
             nocSearchKeywords: [
               "baking",
               "bakers"
             ],
             knownNocGroups: [],
         +   programArea: {
         +     create: ProgramAreaCreateWithoutProgramsInput | ProgramAreaUncheckedCreateWithoutProgramsInput,
         +     connectOrCreate: ProgramAreaCreateOrConnectWithoutProgramsInput,
         +     connect: ProgramAreaWhereUniqueInput
         +   }
           }
         })

Argument `programArea` is missing.
Error on programNid=204: 
Invalid `model.create()` invocation in
C:\Users\ryanr\Documents\dev\NOC-data-2025\index.js:35:17

  32 
  33 async function safeCreate(model, data, idLabel) {
  34   try {
→ 35     await model.create({
           data: {
             nid: 204,
             title: "Heavy Equipment Operator",
             duration: null,
             credential: "Certificate",
             programAreaNid: 4,
             viuSearchKeywords: null,
             nocSearchKeywords: [],
             knownNocGroups: [],
         +   programArea: {
         +     create: ProgramAreaCreateWithoutProgramsInput | ProgramAreaUncheckedCreateWithoutProgramsInput,
         +     connectOrCreate: ProgramAreaCreateOrConnectWithoutProgramsInput,
         +     connect: ProgramAreaWhereUniqueInput
         +   }
           }
         })

Argument `programArea` is missing.
Error on programNid=205: 
Invalid `model.create()` invocation in
C:\Users\ryanr\Documents\dev\NOC-data-2025\index.js:35:17

  32 
  33 async function safeCreate(model, data, idLabel) {
  34   try {
→ 35     await model.create({
           data: {
             nid: 205,
             title: "Hairstylist Foundation",
             duration: null,
             credential: "Certificate",
             programAreaNid: 4,
             viuSearchKeywords: null,
             nocSearchKeywords: [],
             knownNocGroups: [],
         +   programArea: {
         +     create: ProgramAreaCreateWithoutProgramsInput | ProgramAreaUncheckedCreateWithoutProgramsInput,
         +     connectOrCreate: ProgramAreaCreateOrConnectWithoutProgramsInput,
         +     connect: ProgramAreaWhereUniqueInput
         +   }
           }
         })

Argument `programArea` is missing.
Error on programNid=189: 
Invalid `model.create()` invocation in
C:\Users\ryanr\Documents\dev\NOC-data-2025\index.js:35:17

  32 
  33 async function safeCreate(model, data, idLabel) {
  34   try {
→ 35     await model.create({
           data: {
             nid: 189,
             title: "Digital Media (BA)",
             duration: "Bachelor's",
             credential: "Degree",
             programAreaNid: 3,
             viuSearchKeywords: "photography, videography",
             nocSearchKeywords: [],
             knownNocGroups: [],
         +   programArea: {
         +     create: ProgramAreaCreateWithoutProgramsInput | ProgramAreaUncheckedCreateWithoutProgramsInput,
         +     connectOrCreate: ProgramAreaCreateOrConnectWithoutProgramsInput,
         +     connect: ProgramAreaWhereUniqueInput
         +   }
           }
         })

Argument `programArea` is missing.
Error on programNid=215: 
Invalid `model.create()` invocation in
C:\Users\ryanr\Documents\dev\NOC-data-2025\index.js:35:17

  32 
  33 async function safeCreate(model, data, idLabel) {
  34   try {
→ 35     await model.create({
           data: {
             nid: 215,
             title: "Forest Resources Technology",
             duration: null,
             credential: "Diploma",
             programAreaNid: 9,
             viuSearchKeywords: null,
             nocSearchKeywords: [],
             knownNocGroups: [],
         +   programArea: {
         +     create: ProgramAreaCreateWithoutProgramsInput | ProgramAreaUncheckedCreateWithoutProgramsInput,
         +     connectOrCreate: ProgramAreaCreateOrConnectWithoutProgramsInput,
         +     connect: ProgramAreaWhereUniqueInput
         +   }
           }
         })

Argument `programArea` is missing.
Error on programNid=171: 
Invalid `model.create()` invocation in
C:\Users\ryanr\Documents\dev\NOC-data-2025\index.js:35:17

  32 
  33 async function safeCreate(model, data, idLabel) {
  34   try {
→ 35     await model.create({
           data: {
             nid: 171,
             title: "Chemistry (BA)",
             duration: "Bachelor's",
             credential: "Degree",
             programAreaNid: 3,
             viuSearchKeywords: "biochemistry, environmental, food sciences, medical, medicine, nutritionist, pharmacist, pharmacology, pharmacy, pharmaceuticals",
             nocSearchKeywords: [],
             knownNocGroups: [],
         +   programArea: {
         +     create: ProgramAreaCreateWithoutProgramsInput | ProgramAreaUncheckedCreateWithoutProgramsInput,
         +     connectOrCreate: ProgramAreaCreateOrConnectWithoutProgramsInput,
         +     connect: ProgramAreaWhereUniqueInput
         +   }
           }
         })

Argument `programArea` is missing.
Error on programNid=247: 
Invalid `model.create()` invocation in
C:\Users\ryanr\Documents\dev\NOC-data-2025\index.js:35:17

  32 
  33 async function safeCreate(model, data, idLabel) {
  34   try {
→ 35     await model.create({
           data: {
             nid: 247,
             title: "Psychology (BSc)",
             duration: "Bachelor's",
             credential: "Degree",
             programAreaNid: 9,
             viuSearchKeywords: "counseling, counselling, psycology",
             nocSearchKeywords: [
               "psycology"
             ],
             knownNocGroups: [],
         +   programArea: {
         +     create: ProgramAreaCreateWithoutProgramsInput | ProgramAreaUncheckedCreateWithoutProgramsInput,
         +     connectOrCreate: ProgramAreaCreateOrConnectWithoutProgramsInput,
         +     connect: ProgramAreaWhereUniqueInput
         +   }
           }
         })

Argument `programArea` is missing.
Error on programNid=225: 
Invalid `model.create()` invocation in
C:\Users\ryanr\Documents\dev\NOC-data-2025\index.js:35:17

  32 
  33 async function safeCreate(model, data, idLabel) {
  34   try {
→ 35     await model.create({
           data: {
             nid: 225,
             title: "Mathematics (BSc)",
             duration: "Bachelor's",
             credential: "Degree",
             programAreaNid: 9,
             viuSearchKeywords: null,
             nocSearchKeywords: [
               "math",
               "mathematics"
             ],
             knownNocGroups: [],
         +   programArea: {
         +     create: ProgramAreaCreateWithoutProgramsInput | ProgramAreaUncheckedCreateWithoutProgramsInput,
         +     connectOrCreate: ProgramAreaCreateOrConnectWithoutProgramsInput,
         +     connect: ProgramAreaWhereUniqueInput
         +   }
           }
         })

Argument `programArea` is missing.
Error on programNid=203: 
Invalid `model.create()` invocation in
C:\Users\ryanr\Documents\dev\NOC-data-2025\index.js:35:17

  32 
  33 async function safeCreate(model, data, idLabel) {
  34   try {
→ 35     await model.create({
           data: {
             nid: 203,
             title: "Fisheries and Aquaculture Technology",
             duration: null,
             credential: "Diploma",
             programAreaNid: 9,
             viuSearchKeywords: null,
             nocSearchKeywords: [
               "aquaculture",
               "fisheries"
             ],
             knownNocGroups: [],
         +   programArea: {
         +     create: ProgramAreaCreateWithoutProgramsInput | ProgramAreaUncheckedCreateWithoutProgramsInput,
         +     connectOrCreate: ProgramAreaCreateOrConnectWithoutProgramsInput,
         +     connect: ProgramAreaWhereUniqueInput
         +   }
           }
         })

Argument `programArea` is missing.
Error on programNid=209: 
Invalid `model.create()` invocation in
C:\Users\ryanr\Documents\dev\NOC-data-2025\index.js:35:17

  32 
  33 async function safeCreate(model, data, idLabel) {
  34   try {
→ 35     await model.create({
           data: {
             nid: 209,
             title: "Geography (BSc)",
             duration: "Bachelor's",
             credential: "Degree",
             programAreaNid: 9,
             viuSearchKeywords: "civil engineering, urban planning",
             nocSearchKeywords: [
               "geographic",
               "geography"
             ],
             knownNocGroups: [],
         +   programArea: {
         +     create: ProgramAreaCreateWithoutProgramsInput | ProgramAreaUncheckedCreateWithoutProgramsInput,
         +     connectOrCreate: ProgramAreaCreateOrConnectWithoutProgramsInput,
         +     connect: ProgramAreaWhereUniqueInput
         +   }
           }
         })

Argument `programArea` is missing.
Error on programNid=178: 
Invalid `model.create()` invocation in
C:\Users\ryanr\Documents\dev\NOC-data-2025\index.js:35:17

  32 
  33 async function safeCreate(model, data, idLabel) {
  34   try {
→ 35     await model.create({
           data: {
             nid: 178,
             title: "Bachelor of Natural Resource Protection",
             duration: "Bachelor's",
             credential: "Degree",
             programAreaNid: 9,
             viuSearchKeywords: "environmental",
             nocSearchKeywords: [],
             knownNocGroups: [],
         +   programArea: {
         +     create: ProgramAreaCreateWithoutProgramsInput | ProgramAreaUncheckedCreateWithoutProgramsInput,
         +     connectOrCreate: ProgramAreaCreateOrConnectWithoutProgramsInput,
         +     connect: ProgramAreaWhereUniqueInput
         +   }
           }
         })

Argument `programArea` is missing.
Error on programNid=236: 
Invalid `model.create()` invocation in
C:\Users\ryanr\Documents\dev\NOC-data-2025\index.js:35:17

  32 
  33 async function safeCreate(model, data, idLabel) {
  34   try {
→ 35     await model.create({
           data: {
             nid: 236,
             title: "Media Studies (BA)",
             duration: "Bachelor's",
             credential: "Degree",
             programAreaNid: 3,
             viuSearchKeywords: null,
             nocSearchKeywords: [],
             knownNocGroups: [],
         +   programArea: {
         +     create: ProgramAreaCreateWithoutProgramsInput | ProgramAreaUncheckedCreateWithoutProgramsInput,
         +     connectOrCreate: ProgramAreaCreateOrConnectWithoutProgramsInput,
         +     connect: ProgramAreaWhereUniqueInput
         +   }
           }
         })

Argument `programArea` is missing.
Error on programNid=173: 
Invalid `model.create()` invocation in
C:\Users\ryanr\Documents\dev\NOC-data-2025\index.js:35:17

  32 
  33 async function safeCreate(model, data, idLabel) {
  34   try {
→ 35     await model.create({
           data: {
             nid: 173,
             title: "Computer Science (BA)",
             duration: "Bachelor's",
             credential: "Degree",
             programAreaNid: 3,
             viuSearchKeywords: "analytics, artificial intelligence, computers, cyber, cybersecurity, data, information, information technology, security, software engineering",
             nocSearchKeywords: [
               "computer science",
               "analytics",
               "artificial intelligence",
               "software engineering"
             ],
             knownNocGroups: [],
         +   programArea: {
         +     create: ProgramAreaCreateWithoutProgramsInput | ProgramAreaUncheckedCreateWithoutProgramsInput,
         +     connectOrCreate: ProgramAreaCreateOrConnectWithoutProgramsInput,
         +     connect: ProgramAreaWhereUniqueInput
         +   }
           }
         })

Argument `programArea` is missing.
Error on programNid=162: 
Invalid `model.create()` invocation in
C:\Users\ryanr\Documents\dev\NOC-data-2025\index.js:35:17

  32 
  33 async function safeCreate(model, data, idLabel) {
  34   try {
→ 35     await model.create({
           data: {
             nid: 162,
             title: "Chemistry (BSc)",
             duration: "Bachelor's",
             credential: "Degree",
             programAreaNid: 9,
             viuSearchKeywords: "bachelor of medicine, biochemistry, chemical engineering, dentistry, environmental, food sciences, medical, medicine, nutritionist, pharmacist, pharmacology, pharmacy, pharmaceuticals",
             nocSearchKeywords: [
               "chemistry"
             ],
             knownNocGroups: [],
         +   programArea: {
         +     create: ProgramAreaCreateWithoutProgramsInput | ProgramAreaUncheckedCreateWithoutProgramsInput,
         +     connectOrCreate: ProgramAreaCreateOrConnectWithoutProgramsInput,
         +     connect: ProgramAreaWhereUniqueInput
         +   }
           }
         })

Argument `programArea` is missing.
Error on programNid=168: 
Invalid `model.create()` invocation in
C:\Users\ryanr\Documents\dev\NOC-data-2025\index.js:35:17

  32 
  33 async function safeCreate(model, data, idLabel) {
  34   try {
→ 35     await model.create({
           data: {
             nid: 168,
             title: "Computer Science",
             duration: null,
             credential: "Diploma",
             programAreaNid: 9,
             viuSearchKeywords: "analytics, artificial intelligence, computer engineering, computers, cyber, cybersecurity, data, information, information technology, security, software engineering",
             nocSearchKeywords: [
               "computer science",
               "analytics",
               "artificial intelligence",
               "software engineering"
             ],
             knownNocGroups: [],
         +   programArea: {
         +     create: ProgramAreaCreateWithoutProgramsInput | ProgramAreaUncheckedCreateWithoutProgramsInput,
         +     connectOrCreate: ProgramAreaCreateOrConnectWithoutProgramsInput,
         +     connect: ProgramAreaWhereUniqueInput
         +   }
           }
         })

Argument `programArea` is missing.
Error on programNid=228: 
Invalid `model.create()` invocation in
C:\Users\ryanr\Documents\dev\NOC-data-2025\index.js:35:17

  32 
  33 async function safeCreate(model, data, idLabel) {
  34   try {
→ 35     await model.create({
           data: {
             nid: 228,
             title: "Information Technology and Applied Systems – Systems Administration and Networking Diploma",
             duration: null,
             credential: "Diploma",
             programAreaNid: 4,
             viuSearchKeywords: "itas",
             nocSearchKeywords: [],
             knownNocGroups: [],
         +   programArea: {
         +     create: ProgramAreaCreateWithoutProgramsInput | ProgramAreaUncheckedCreateWithoutProgramsInput,
         +     connectOrCreate: ProgramAreaCreateOrConnectWithoutProgramsInput,
         +     connect: ProgramAreaWhereUniqueInput
         +   }
           }
         })

Argument `programArea` is missing.
Error on programNid=211: 
Invalid `model.create()` invocation in
C:\Users\ryanr\Documents\dev\NOC-data-2025\index.js:35:17

  32 
  33 async function safeCreate(model, data, idLabel) {
  34   try {
→ 35     await model.create({
           data: {
             nid: 211,
             title: "Geoscience (BSc)",
             duration: "Bachelor's",
             credential: "Degree",
             programAreaNid: 9,
             viuSearchKeywords: null,
             nocSearchKeywords: [
               "geoscience",
               "geology"
             ],
             knownNocGroups: [],
         +   programArea: {
         +     create: ProgramAreaCreateWithoutProgramsInput | ProgramAreaUncheckedCreateWithoutProgramsInput,
         +     connectOrCreate: ProgramAreaCreateOrConnectWithoutProgramsInput,
         +     connect: ProgramAreaWhereUniqueInput
         +   }
           }
         })

Argument `programArea` is missing.
Error on programNid=223: 
Invalid `model.create()` invocation in
C:\Users\ryanr\Documents\dev\NOC-data-2025\index.js:35:17

  32 
  33 async function safeCreate(model, data, idLabel) {
  34   try {
→ 35     await model.create({
           data: {
             nid: 223,
             title: "Mathematics (BA)",
             duration: "Bachelor's",
             credential: "Degree",
             programAreaNid: 3,
             viuSearchKeywords: null,
             nocSearchKeywords: [],
             knownNocGroups: [],
         +   programArea: {
         +     create: ProgramAreaCreateWithoutProgramsInput | ProgramAreaUncheckedCreateWithoutProgramsInput,
         +     connectOrCreate: ProgramAreaCreateOrConnectWithoutProgramsInput,
         +     connect: ProgramAreaWhereUniqueInput
         +   }
           }
         })

Argument `programArea` is missing.
Error on programNid=165: 
Invalid `model.create()` invocation in
C:\Users\ryanr\Documents\dev\NOC-data-2025\index.js:35:17

  32 
  33 async function safeCreate(model, data, idLabel) {
  34   try {
→ 35     await model.create({
           data: {
             nid: 165,
             title: "Biology (BSc)",
             duration: "Bachelor's",
             credential: "Degree",
             programAreaNid: 9,
             viuSearchKeywords: "bachelor of medicine, biotechnology, biotechnologist, botany, dentistry, ecology, environmental, food sciences, Marine, marine biologist, marine biology, medical, medicine, nutritionist, pharmacist, pharmacology, pharmacy, pharmaceuticals, phycology, vet, veterinary, veterinarian, vetinary, vetinarian, zoology",
             nocSearchKeywords: [],
             knownNocGroups: [],
         +   programArea: {
         +     create: ProgramAreaCreateWithoutProgramsInput | ProgramAreaUncheckedCreateWithoutProgramsInput,
         +     connectOrCreate: ProgramAreaCreateOrConnectWithoutProgramsInput,
         +     connect: ProgramAreaWhereUniqueInput
         +   }
           }
         })

Argument `programArea` is missing.
Error on programNid=243: 
Invalid `model.create()` invocation in
C:\Users\ryanr\Documents\dev\NOC-data-2025\index.js:35:17

  32 
  33 async function safeCreate(model, data, idLabel) {
  34   try {
→ 35     await model.create({
           data: {
             nid: 243,
             title: "Resource Management Officer Technology",
             duration: null,
             credential: "Diploma",
             programAreaNid: 9,
             viuSearchKeywords: "conservationist, environmental",
             nocSearchKeywords: [],
             knownNocGroups: [],
         +   programArea: {
         +     create: ProgramAreaCreateWithoutProgramsInput | ProgramAreaUncheckedCreateWithoutProgramsInput,
         +     connectOrCreate: ProgramAreaCreateOrConnectWithoutProgramsInput,
         +     connect: ProgramAreaWhereUniqueInput
         +   }
           }
         })

Argument `programArea` is missing.
Error on programNid=182: 
Invalid `model.create()` invocation in
C:\Users\ryanr\Documents\dev\NOC-data-2025\index.js:35:17

  32 
  33 async function safeCreate(model, data, idLabel) {
  34   try {
→ 35     await model.create({
           data: {
             nid: 182,
             title: "Earth Science (BSc)",
             duration: "Bachelor's",
             credential: "Degree",
             programAreaNid: 9,
             viuSearchKeywords: null,
             nocSearchKeywords: [
               "earth science",
               "geology",
               "oceanography",
               "meterology"
             ],
             knownNocGroups: [],
         +   programArea: {
         +     create: ProgramAreaCreateWithoutProgramsInput | ProgramAreaUncheckedCreateWithoutProgramsInput,
         +     connectOrCreate: ProgramAreaCreateOrConnectWithoutProgramsInput,
         +     connect: ProgramAreaWhereUniqueInput
         +   }
           }
         })

Argument `programArea` is missing.
Error on programNid=164: 
Invalid `model.create()` invocation in
C:\Users\ryanr\Documents\dev\NOC-data-2025\index.js:35:17

  32 
  33 async function safeCreate(model, data, idLabel) {
  34   try {
→ 35     await model.create({
           data: {
             nid: 164,
             title: "Bachelor of Science (BSc), Honours, Majors, Minors, and Transfer",
             duration: "Bachelor's",
             credential: "Degree",
             programAreaNid: 9,
             viuSearchKeywords: "environmental, medical, medicine, pharmaceuticals, pharmacology, pharmacy, science, bach, bachelor of science, bachelor",
             nocSearchKeywords: [],
             knownNocGroups: [],
         +   programArea: {
         +     create: ProgramAreaCreateWithoutProgramsInput | ProgramAreaUncheckedCreateWithoutProgramsInput,
         +     connectOrCreate: ProgramAreaCreateOrConnectWithoutProgramsInput,
         +     connect: ProgramAreaWhereUniqueInput
         +   }
           }
         })

Argument `programArea` is missing.
Error on programNid=163: 
Invalid `model.create()` invocation in
C:\Users\ryanr\Documents\dev\NOC-data-2025\index.js:35:17

  32 
  33 async function safeCreate(model, data, idLabel) {
  34   try {
→ 35     await model.create({
           data: {
             nid: 163,
             title: "Bachelor of Science in Fisheries and Aquaculture",
             duration: "Bachelor's",
             credential: "Degree",
             programAreaNid: 9,
             viuSearchKeywords: null,
             nocSearchKeywords: [
               "fisheries",
               "aquaculture",
               "fishing"
             ],
             knownNocGroups: [],
         +   programArea: {
         +     create: ProgramAreaCreateWithoutProgramsInput | ProgramAreaUncheckedCreateWithoutProgramsInput,
         +     connectOrCreate: ProgramAreaCreateOrConnectWithoutProgramsInput,
         +     connect: ProgramAreaWhereUniqueInput
         +   }
           }
         })

Argument `programArea` is missing.
Error on programNid=166: 
Invalid `model.create()` invocation in
C:\Users\ryanr\Documents\dev\NOC-data-2025\index.js:35:17

  32 
  33 async function safeCreate(model, data, idLabel) {
  34   try {
→ 35     await model.create({
           data: {
             nid: 166,
             title: "Computer Science (BSc)",
             duration: "Bachelor's",
             credential: "Degree",
             programAreaNid: 9,
             viuSearchKeywords: "analytics, artificial intelligence, computer engineering, computers, cyber, cybersecurity, data, information, information technology, security, software engineering",
             nocSearchKeywords: [
               "computer science",
               "analytics",
               "artificial intelligence",
               "software engineering"
             ],
             knownNocGroups: [],
         +   programArea: {
         +     create: ProgramAreaCreateWithoutProgramsInput | ProgramAreaUncheckedCreateWithoutProgramsInput,
         +     connectOrCreate: ProgramAreaCreateOrConnectWithoutProgramsInput,
         +     connect: ProgramAreaWhereUniqueInput
         +   }
           }
         })

Argument `programArea` is missing.
Error on programNid=140: 
Invalid `model.create()` invocation in
C:\Users\ryanr\Documents\dev\NOC-data-2025\index.js:35:17

  32 
  33 async function safeCreate(model, data, idLabel) {
  34   try {
→ 35     await model.create({
           data: {
             nid: 140,
             title: "Anthropology (BA)",
             duration: "Bachelor's",
             credential: "Degree",
             programAreaNid: 3,
             viuSearchKeywords: null,
             nocSearchKeywords: [],
             knownNocGroups: [],
         +   programArea: {
         +     create: ProgramAreaCreateWithoutProgramsInput | ProgramAreaUncheckedCreateWithoutProgramsInput,
         +     connectOrCreate: ProgramAreaCreateOrConnectWithoutProgramsInput,
         +     connect: ProgramAreaWhereUniqueInput
         +   }
           }
         })

Argument `programArea` is missing.
Error on programNid=160: 
Invalid `model.create()` invocation in
C:\Users\ryanr\Documents\dev\NOC-data-2025\index.js:35:17

  32 
  33 async function safeCreate(model, data, idLabel) {
  34   try {
→ 35     await model.create({
           data: {
             nid: 160,
             title: "Biology (BA)",
             duration: "Bachelor's",
             credential: "Degree",
             programAreaNid: 3,
             viuSearchKeywords: "botany, ecology, environmental, food sciences, Marine, marine biologist, environment, marine biology, nutritionist, phycology, vet, veterinary, veterinarian, vetinary, vetinarian, zoology",
             nocSearchKeywords: [],
             knownNocGroups: [],
         +   programArea: {
         +     create: ProgramAreaCreateWithoutProgramsInput | ProgramAreaUncheckedCreateWithoutProgramsInput,
         +     connectOrCreate: ProgramAreaCreateOrConnectWithoutProgramsInput,
         +     connect: ProgramAreaWhereUniqueInput
         +   }
           }
         })

Argument `programArea` is missing.
Error on programNid=181: 
Invalid `model.create()` invocation in
C:\Users\ryanr\Documents\dev\NOC-data-2025\index.js:35:17

  32 
  33 async function safeCreate(model, data, idLabel) {
  34   try {
→ 35     await model.create({
           data: {
             nid: 181,
             title: "Early Childhood Education and Care",
             duration: null,
             credential: "Diploma",
             programAreaNid: 13,
             viuSearchKeywords: null,
             nocSearchKeywords: [],
             knownNocGroups: [],
         +   programArea: {
         +     create: ProgramAreaCreateWithoutProgramsInput | ProgramAreaUncheckedCreateWithoutProgramsInput,
         +     connectOrCreate: ProgramAreaCreateOrConnectWithoutProgramsInput,
         +     connect: ProgramAreaWhereUniqueInput
         +   }
           }
         })

Argument `programArea` is missing.
Error on programNid=258: 
Invalid `model.create()` invocation in
C:\Users\ryanr\Documents\dev\NOC-data-2025\index.js:35:17

  32 
  33 async function safeCreate(model, data, idLabel) {
  34   try {
→ 35     await model.create({
           data: {
             nid: 258,
             title: "Psychology (BA)",
             duration: "Bachelor's",
             credential: "Degree",
             programAreaNid: 3,
             viuSearchKeywords: "counseling, counselling, psycology",
             nocSearchKeywords: [],
             knownNocGroups: [],
         +   programArea: {
         +     create: ProgramAreaCreateWithoutProgramsInput | ProgramAreaUncheckedCreateWithoutProgramsInput,
         +     connectOrCreate: ProgramAreaCreateOrConnectWithoutProgramsInput,
         +     connect: ProgramAreaWhereUniqueInput
         +   }
           }
         })

Argument `programArea` is missing.
Error on programNid=254: 
Invalid `model.create()` invocation in
C:\Users\ryanr\Documents\dev\NOC-data-2025\index.js:35:17

  32 
  33 async function safeCreate(model, data, idLabel) {
  34   try {
→ 35     await model.create({
           data: {
             nid: 254,
             title: "Social Services",
             duration: null,
             credential: "Diploma",
             programAreaNid: 13,
             viuSearchKeywords: null,
             nocSearchKeywords: [],
             knownNocGroups: [],
         +   programArea: {
         +     create: ProgramAreaCreateWithoutProgramsInput | ProgramAreaUncheckedCreateWithoutProgramsInput,
         +     connectOrCreate: ProgramAreaCreateOrConnectWithoutProgramsInput,
         +     connect: ProgramAreaWhereUniqueInput
         +   }
           }
         })

Argument `programArea` is missing.
Error on programNid=246: 
Invalid `model.create()` invocation in
C:\Users\ryanr\Documents\dev\NOC-data-2025\index.js:35:17

  32 
  33 async function safeCreate(model, data, idLabel) {
  34   try {
→ 35     await model.create({
           data: {
             nid: 246,
             title: "Studies in Women and Gender (BA)",
             duration: "Bachelor's",
             credential: "Degree",
             programAreaNid: 3,
             viuSearchKeywords: null,
             nocSearchKeywords: [],
             knownNocGroups: [],
         +   programArea: {
         +     create: ProgramAreaCreateWithoutProgramsInput | ProgramAreaUncheckedCreateWithoutProgramsInput,
         +     connectOrCreate: ProgramAreaCreateOrConnectWithoutProgramsInput,
         +     connect: ProgramAreaWhereUniqueInput
         +   }
           }
         })

Argument `programArea` is missing.
Error on programNid=185: 
Invalid `model.create()` invocation in
C:\Users\ryanr\Documents\dev\NOC-data-2025\index.js:35:17

  32 
  33 async function safeCreate(model, data, idLabel) {
  34   try {
→ 35     await model.create({
           data: {
             nid: 185,
             title: "Criminology (BA)",
             duration: "Bachelor's",
             credential: "Degree",
             programAreaNid: 3,
             viuSearchKeywords: "criminal justice, law enforcement, police",
             nocSearchKeywords: [],
             knownNocGroups: [],
         +   programArea: {
         +     create: ProgramAreaCreateWithoutProgramsInput | ProgramAreaUncheckedCreateWithoutProgramsInput,
         +     connectOrCreate: ProgramAreaCreateOrConnectWithoutProgramsInput,
         +     connect: ProgramAreaWhereUniqueInput
         +   }
           }
         })

Argument `programArea` is missing.
Error on programNid=195: 
Invalid `model.create()` invocation in
C:\Users\ryanr\Documents\dev\NOC-data-2025\index.js:35:17

  32 
  33 async function safeCreate(model, data, idLabel) {
  34   try {
→ 35     await model.create({
           data: {
             nid: 195,
             title: "Creative Writing and Journalism (BA)",
             duration: "Bachelor's",
             credential: "Degree",
             programAreaNid: 3,
             viuSearchKeywords: "communications",
             nocSearchKeywords: [],
             knownNocGroups: [],
         +   programArea: {
         +     create: ProgramAreaCreateWithoutProgramsInput | ProgramAreaUncheckedCreateWithoutProgramsInput,
         +     connectOrCreate: ProgramAreaCreateOrConnectWithoutProgramsInput,
         +     connect: ProgramAreaWhereUniqueInput
         +   }
           }
         })

Argument `programArea` is missing.
Error on programNid=229: 
Invalid `model.create()` invocation in
C:\Users\ryanr\Documents\dev\NOC-data-2025\index.js:35:17

  32 
  33 async function safeCreate(model, data, idLabel) {
  34   try {
→ 35     await model.create({
           data: {
             nid: 229,
             title: "Political Studies (BA)",
             duration: "Bachelor's",
             credential: "Degree",
             programAreaNid: 3,
             viuSearchKeywords: "international relations, political science",
             nocSearchKeywords: [],
             knownNocGroups: [],
         +   programArea: {
         +     create: ProgramAreaCreateWithoutProgramsInput | ProgramAreaUncheckedCreateWithoutProgramsInput,
         +     connectOrCreate: ProgramAreaCreateOrConnectWithoutProgramsInput,
         +     connect: ProgramAreaWhereUniqueInput
         +   }
           }
         })

Argument `programArea` is missing.
Error on programNid=176: 
Invalid `model.create()` invocation in
C:\Users\ryanr\Documents\dev\NOC-data-2025\index.js:35:17

  32 
  33 async function safeCreate(model, data, idLabel) {
  34   try {
→ 35     await model.create({
           data: {
             nid: 176,
             title: "Business (BA)",
             duration: "Bachelor's",
             credential: "Degree",
             programAreaNid: 3,
             viuSearchKeywords: "analytics, buisness, commerce",
             nocSearchKeywords: [],
             knownNocGroups: [],
         +   programArea: {
         +     create: ProgramAreaCreateWithoutProgramsInput | ProgramAreaUncheckedCreateWithoutProgramsInput,
         +     connectOrCreate: ProgramAreaCreateOrConnectWithoutProgramsInput,
         +     connect: ProgramAreaWhereUniqueInput
         +   }
           }
         })

Argument `programArea` is missing.
Error on programNid=186: 
Invalid `model.create()` invocation in
C:\Users\ryanr\Documents\dev\NOC-data-2025\index.js:35:17

  32 
  33 async function safeCreate(model, data, idLabel) {
  34   try {
→ 35     await model.create({
           data: {
             nid: 186,
             title: "Economics (BA)",
             duration: "Bachelor's",
             credential: "Degree",
             programAreaNid: 3,
             viuSearchKeywords: null,
             nocSearchKeywords: [],
             knownNocGroups: [],
         +   programArea: {
         +     create: ProgramAreaCreateWithoutProgramsInput | ProgramAreaUncheckedCreateWithoutProgramsInput,
         +     connectOrCreate: ProgramAreaCreateOrConnectWithoutProgramsInput,
         +     connect: ProgramAreaWhereUniqueInput
         +   }
           }
         })

Argument `programArea` is missing.
Error on programNid=199: 
Invalid `model.create()` invocation in
C:\Users\ryanr\Documents\dev\NOC-data-2025\index.js:35:17

  32 
  33 async function safeCreate(model, data, idLabel) {
  34   try {
→ 35     await model.create({
           data: {
             nid: 199,
             title: "Global Studies (BA)",
             duration: "Bachelor's",
             credential: "Degree",
             programAreaNid: 3,
             viuSearchKeywords: "climate change, international relations, sustainable, sustainability",
             nocSearchKeywords: [],
             knownNocGroups: [],
         +   programArea: {
         +     create: ProgramAreaCreateWithoutProgramsInput | ProgramAreaUncheckedCreateWithoutProgramsInput,
         +     connectOrCreate: ProgramAreaCreateOrConnectWithoutProgramsInput,
         +     connect: ProgramAreaWhereUniqueInput
         +   }
           }
         })

Argument `programArea` is missing.
Error on programNid=188: 
Invalid `model.create()` invocation in
C:\Users\ryanr\Documents\dev\NOC-data-2025\index.js:35:17

  32 
  33 async function safeCreate(model, data, idLabel) {
  34   try {
→ 35     await model.create({
           data: {
             nid: 188,
             title: "Digital Media Studies (BA)",
             duration: "Bachelor's",
             credential: "Degree",
             programAreaNid: 3,
             viuSearchKeywords: null,
             nocSearchKeywords: [],
             knownNocGroups: [],
         +   programArea: {
         +     create: ProgramAreaCreateWithoutProgramsInput | ProgramAreaUncheckedCreateWithoutProgramsInput,
         +     connectOrCreate: ProgramAreaCreateOrConnectWithoutProgramsInput,
         +     connect: ProgramAreaWhereUniqueInput
         +   }
           }
         })

Argument `programArea` is missing.
Error on programNid=187: 
Invalid `model.create()` invocation in
C:\Users\ryanr\Documents\dev\NOC-data-2025\index.js:35:17

  32 
  33 async function safeCreate(model, data, idLabel) {
  34   try {
→ 35     await model.create({
           data: {
             nid: 187,
             title: "English (BA)",
             duration: "Bachelor's",
             credential: "Degree",
             programAreaNid: 3,
             viuSearchKeywords: "english, en",
             nocSearchKeywords: [],
             knownNocGroups: [],
         +   programArea: {
         +     create: ProgramAreaCreateWithoutProgramsInput | ProgramAreaUncheckedCreateWithoutProgramsInput,
         +     connectOrCreate: ProgramAreaCreateOrConnectWithoutProgramsInput,
         +     connect: ProgramAreaWhereUniqueInput
         +   }
           }
         })

Argument `programArea` is missing.
Error on programNid=220: 
Invalid `model.create()` invocation in
C:\Users\ryanr\Documents\dev\NOC-data-2025\index.js:35:17

  32 
  33 async function safeCreate(model, data, idLabel) {
  34   try {
→ 35     await model.create({
           data: {
             nid: 220,
             title: "Liberal Studies (BA)",
             duration: "Bachelor's",
             credential: "Degree",
             programAreaNid: 3,
             viuSearchKeywords: null,
             nocSearchKeywords: [],
             knownNocGroups: [],
         +   programArea: {
         +     create: ProgramAreaCreateWithoutProgramsInput | ProgramAreaUncheckedCreateWithoutProgramsInput,
         +     connectOrCreate: ProgramAreaCreateOrConnectWithoutProgramsInput,
         +     connect: ProgramAreaWhereUniqueInput
         +   }
           }
         })

Argument `programArea` is missing.
Error on programNid=250: 
Invalid `model.create()` invocation in
C:\Users\ryanr\Documents\dev\NOC-data-2025\index.js:35:17

  32 
  33 async function safeCreate(model, data, idLabel) {
  34   try {
→ 35     await model.create({
           data: {
             nid: 250,
             title: "Sociology (BA)",
             duration: "Bachelor's",
             credential: "Degree",
             programAreaNid: 3,
             viuSearchKeywords: null,
             nocSearchKeywords: [],
             knownNocGroups: [],
         +   programArea: {
         +     create: ProgramAreaCreateWithoutProgramsInput | ProgramAreaUncheckedCreateWithoutProgramsInput,
         +     connectOrCreate: ProgramAreaCreateOrConnectWithoutProgramsInput,
         +     connect: ProgramAreaWhereUniqueInput
         +   }
           }
         })

Argument `programArea` is missing.
Error on programNid=233: 
Invalid `model.create()` invocation in
C:\Users\ryanr\Documents\dev\NOC-data-2025\index.js:35:17

  32 
  33 async function safeCreate(model, data, idLabel) {
  34   try {
→ 35     await model.create({
           data: {
             nid: 233,
             title: "Kinesiology (BA)",
             duration: "Bachelor's",
             credential: "Degree",
             programAreaNid: 11,
             viuSearchKeywords: "athletics, biomechanics, kinesiology, medical terminology, nutrition, occupational therapy, personal trainer, physiotherapy",
             nocSearchKeywords: [],
             knownNocGroups: [],
         +   programArea: {
         +     create: ProgramAreaCreateWithoutProgramsInput | ProgramAreaUncheckedCreateWithoutProgramsInput,
         +     connectOrCreate: ProgramAreaCreateOrConnectWithoutProgramsInput,
         +     connect: ProgramAreaWhereUniqueInput
         +   }
           }
         })

Argument `programArea` is missing.
Error on programNid=226: 
Invalid `model.create()` invocation in
C:\Users\ryanr\Documents\dev\NOC-data-2025\index.js:35:17

  32 
  33 async function safeCreate(model, data, idLabel) {
  34   try {
→ 35     await model.create({
           data: {
             nid: 226,
             title: "Philosophy (BA)",
             duration: "Bachelor's",
             credential: "Degree",
             programAreaNid: 3,
             viuSearchKeywords: null,
             nocSearchKeywords: [],
             knownNocGroups: [],
         +   programArea: {
         +     create: ProgramAreaCreateWithoutProgramsInput | ProgramAreaUncheckedCreateWithoutProgramsInput,
         +     connectOrCreate: ProgramAreaCreateOrConnectWithoutProgramsInput,
         +     connect: ProgramAreaWhereUniqueInput
         +   }
           }
         })

Argument `programArea` is missing.
Error on programNid=214: 
Invalid `model.create()` invocation in
C:\Users\ryanr\Documents\dev\NOC-data-2025\index.js:35:17

  32 
  33 async function safeCreate(model, data, idLabel) {
  34   try {
→ 35     await model.create({
           data: {
             nid: 214,
             title: "Geography (BA)",
             duration: "Bachelor's",
             credential: "Degree",
             programAreaNid: 3,
             viuSearchKeywords: "urban planning",
             nocSearchKeywords: [],
             knownNocGroups: [],
         +   programArea: {
         +     create: ProgramAreaCreateWithoutProgramsInput | ProgramAreaUncheckedCreateWithoutProgramsInput,
         +     connectOrCreate: ProgramAreaCreateOrConnectWithoutProgramsInput,
         +     connect: ProgramAreaWhereUniqueInput
         +   }
           }
         })

Argument `programArea` is missing.
Error on programNid=213: 
Invalid `model.create()` invocation in
C:\Users\ryanr\Documents\dev\NOC-data-2025\index.js:35:17

  32 
  33 async function safeCreate(model, data, idLabel) {
  34   try {
→ 35     await model.create({
           data: {
             nid: 213,
             title: "History (BA)",
             duration: "Bachelor's",
             credential: "Degree",
             programAreaNid: 3,
             viuSearchKeywords: null,
             nocSearchKeywords: [],
             knownNocGroups: [],
         +   programArea: {
         +     create: ProgramAreaCreateWithoutProgramsInput | ProgramAreaUncheckedCreateWithoutProgramsInput,
         +     connectOrCreate: ProgramAreaCreateOrConnectWithoutProgramsInput,
         +     connect: ProgramAreaWhereUniqueInput
         +   }
           }
         })

Argument `programArea` is missing.
Error on programNid=222: 
Invalid `model.create()` invocation in
C:\Users\ryanr\Documents\dev\NOC-data-2025\index.js:35:17

  32 
  33 async function safeCreate(model, data, idLabel) {
  34   try {
→ 35     await model.create({
           data: {
             nid: 222,
             title: "Master of Education in Special Education",
             duration: "Master's",
             credential: "Degree",
             programAreaNid: 11,
             viuSearchKeywords: null,
             nocSearchKeywords: [],
             knownNocGroups: [],
         +   programArea: {
         +     create: ProgramAreaCreateWithoutProgramsInput | ProgramAreaUncheckedCreateWithoutProgramsInput,
         +     connectOrCreate: ProgramAreaCreateOrConnectWithoutProgramsInput,
         +     connect: ProgramAreaWhereUniqueInput
         +   }
           }
         })

Argument `programArea` is missing.
Error on programNid=174: 
Invalid `model.create()` invocation in
C:\Users\ryanr\Documents\dev\NOC-data-2025\index.js:35:17

  32 
  33 async function safeCreate(model, data, idLabel) {
  34   try {
→ 35     await model.create({
           data: {
             nid: 174,
             title: "Child and Youth Care First Nations Diploma",
             duration: null,
             credential: "Diploma",
             programAreaNid: 5,
             viuSearchKeywords: "indigenous, Aboriginal",
             nocSearchKeywords: [],
             knownNocGroups: [],
         +   programArea: {
         +     create: ProgramAreaCreateWithoutProgramsInput | ProgramAreaUncheckedCreateWithoutProgramsInput,
         +     connectOrCreate: ProgramAreaCreateOrConnectWithoutProgramsInput,
         +     connect: ProgramAreaWhereUniqueInput
         +   }
           }
         })

Argument `programArea` is missing.
Error on programNid=158: 
Invalid `model.create()` invocation in
C:\Users\ryanr\Documents\dev\NOC-data-2025\index.js:35:17

  32 
  33 async function safeCreate(model, data, idLabel) {
  34   try {
→ 35     await model.create({
           data: {
             nid: 158,
             title: "Aboriginal University Bridging",
             duration: null,
             credential: "Certificate",
             programAreaNid: 7,
             viuSearchKeywords: "First Nations, indigenous",
             nocSearchKeywords: [],
             knownNocGroups: [],
         +   programArea: {
         +     create: ProgramAreaCreateWithoutProgramsInput | ProgramAreaUncheckedCreateWithoutProgramsInput,
         +     connectOrCreate: ProgramAreaCreateOrConnectWithoutProgramsInput,
         +     connect: ProgramAreaWhereUniqueInput
         +   }
           }
         })

Argument `programArea` is missing.
Error on programNid=172: 
Invalid `model.create()` invocation in
C:\Users\ryanr\Documents\dev\NOC-data-2025\index.js:35:17

  32 
  33 async function safeCreate(model, data, idLabel) {
  34   try {
→ 35     await model.create({
           data: {
             nid: 172,
             title: "Child and Youth Care Diploma",
             duration: null,
             credential: "Diploma",
             programAreaNid: 13,
             viuSearchKeywords: null,
             nocSearchKeywords: [],
             knownNocGroups: [],
         +   programArea: {
         +     create: ProgramAreaCreateWithoutProgramsInput | ProgramAreaUncheckedCreateWithoutProgramsInput,
         +     connectOrCreate: ProgramAreaCreateOrConnectWithoutProgramsInput,
         +     connect: ProgramAreaWhereUniqueInput
         +   }
           }
         })

Argument `programArea` is missing.
Error on programNid=169: 
Invalid `model.create()` invocation in
C:\Users\ryanr\Documents\dev\NOC-data-2025\index.js:35:17

  32 
  33 async function safeCreate(model, data, idLabel) {
  34   try {
→ 35     await model.create({
           data: {
             nid: 169,
             title: "Certificate in Business Management",
             duration: null,
             credential: "Certificate",
             programAreaNid: 2,
             viuSearchKeywords: "analytics, commerce",
             nocSearchKeywords: [],
             knownNocGroups: [],
         +   programArea: {
         +     create: ProgramAreaCreateWithoutProgramsInput | ProgramAreaUncheckedCreateWithoutProgramsInput,
         +     connectOrCreate: ProgramAreaCreateOrConnectWithoutProgramsInput,
         +     connect: ProgramAreaWhereUniqueInput
         +   }
           }
         })

Argument `programArea` is missing.
Error on programNid=159: 
Invalid `model.create()` invocation in
C:\Users\ryanr\Documents\dev\NOC-data-2025\index.js:35:17

  32 
  33 async function safeCreate(model, data, idLabel) {
  34   try {
→ 35     await model.create({
           data: {
             nid: 159,
             title: "Bachelor of Social Work",
             duration: "Bachelor's",
             credential: "Degree",
             programAreaNid: 13,
             viuSearchKeywords: "counseling, counselling",
             nocSearchKeywords: [],
             knownNocGroups: [],
         +   programArea: {
         +     create: ProgramAreaCreateWithoutProgramsInput | ProgramAreaUncheckedCreateWithoutProgramsInput,
         +     connectOrCreate: ProgramAreaCreateOrConnectWithoutProgramsInput,
         +     connect: ProgramAreaWhereUniqueInput
         +   }
           }
         })

Argument `programArea` is missing.
Error on programNid=146: 
Invalid `model.create()` invocation in
C:\Users\ryanr\Documents\dev\NOC-data-2025\index.js:35:17

  32 
  33 async function safeCreate(model, data, idLabel) {
  34   try {
→ 35     await model.create({
           data: {
             nid: 146,
             title: "Activity Assistant",
             duration: null,
             credential: "Certificate",
             programAreaNid: 10,
             viuSearchKeywords: "Continuing Education, Continuing Studies",
             nocSearchKeywords: [],
             knownNocGroups: [],
         +   programArea: {
         +     create: ProgramAreaCreateWithoutProgramsInput | ProgramAreaUncheckedCreateWithoutProgramsInput,
         +     connectOrCreate: ProgramAreaCreateOrConnectWithoutProgramsInput,
         +     connect: ProgramAreaWhereUniqueInput
         +   }
           }
         })

Argument `programArea` is missing.
Error on programNid=190: 
Invalid `model.create()` invocation in
C:\Users\ryanr\Documents\dev\NOC-data-2025\index.js:35:17

  32 
  33 async function safeCreate(model, data, idLabel) {
  34   try {
→ 35     await model.create({
           data: {
             nid: 190,
             title: "Dental Assistant",
             duration: null,
             credential: "Certificate",
             programAreaNid: 10,
             viuSearchKeywords: "dentistry",
             nocSearchKeywords: [],
             knownNocGroups: [],
         +   programArea: {
         +     create: ProgramAreaCreateWithoutProgramsInput | ProgramAreaUncheckedCreateWithoutProgramsInput,
         +     connectOrCreate: ProgramAreaCreateOrConnectWithoutProgramsInput,
         +     connect: ProgramAreaWhereUniqueInput
         +   }
           }
         })

Argument `programArea` is missing.
Error on programNid=227: 
Invalid `model.create()` invocation in
C:\Users\ryanr\Documents\dev\NOC-data-2025\index.js:35:17

  32 
  33 async function safeCreate(model, data, idLabel) {
  34   try {
→ 35     await model.create({
           data: {
             nid: 227,
             title: "Management Skills for Supervisors",
             duration: null,
             credential: "Certificate",
             programAreaNid: 2,
             viuSearchKeywords: "Continuing Education, Continuing Studies",
             nocSearchKeywords: [],
             knownNocGroups: [],
         +   programArea: {
         +     create: ProgramAreaCreateWithoutProgramsInput | ProgramAreaUncheckedCreateWithoutProgramsInput,
         +     connectOrCreate: ProgramAreaCreateOrConnectWithoutProgramsInput,
         +     connect: ProgramAreaWhereUniqueInput
         +   }
           }
         })

Argument `programArea` is missing.
Error on programNid=155: 
Invalid `model.create()` invocation in
C:\Users\ryanr\Documents\dev\NOC-data-2025\index.js:35:17

  32 
  33 async function safeCreate(model, data, idLabel) {
  34   try {
→ 35     await model.create({
           data: {
             nid: 155,
             title: "Arts One - First Nations",
             duration: null,
             credential: "Certificate",
             programAreaNid: 5,
             viuSearchKeywords: "Aboriginal, indigenous",
             nocSearchKeywords: [],
             knownNocGroups: [],
         +   programArea: {
         +     create: ProgramAreaCreateWithoutProgramsInput | ProgramAreaUncheckedCreateWithoutProgramsInput,
         +     connectOrCreate: ProgramAreaCreateOrConnectWithoutProgramsInput,
         +     connect: ProgramAreaWhereUniqueInput
         +   }
           }
         })

Argument `programArea` is missing.
Error on programNid=157: 
Invalid `model.create()` invocation in
C:\Users\ryanr\Documents\dev\NOC-data-2025\index.js:35:17

  32 
  33 async function safeCreate(model, data, idLabel) {
  34   try {
→ 35     await model.create({
           data: {
             nid: 157,
             title: "Bachelor of Education",
             duration: "Bachelor's",
             credential: "Degree",
             programAreaNid: 11,
             viuSearchKeywords: "teacher, education",
             nocSearchKeywords: [],
             knownNocGroups: [],
         +   programArea: {
         +     create: ProgramAreaCreateWithoutProgramsInput | ProgramAreaUncheckedCreateWithoutProgramsInput,
         +     connectOrCreate: ProgramAreaCreateOrConnectWithoutProgramsInput,
         +     connect: ProgramAreaWhereUniqueInput
         +   }
           }
         })

Argument `programArea` is missing.
Error on programNid=255: 
Invalid `model.create()` invocation in
C:\Users\ryanr\Documents\dev\NOC-data-2025\index.js:35:17

  32 
  33 async function safeCreate(model, data, idLabel) {
  34   try {
→ 35     await model.create({
           data: {
             nid: 255,
             title: "Wine Business",
             duration: null,
             credential: "Certificate",
             programAreaNid: 1,
             viuSearchKeywords: "agriculture, agricultural",
             nocSearchKeywords: [],
             knownNocGroups: [],
         +   programArea: {
         +     create: ProgramAreaCreateWithoutProgramsInput | ProgramAreaUncheckedCreateWithoutProgramsInput,
         +     connectOrCreate: ProgramAreaCreateOrConnectWithoutProgramsInput,
         +     connect: ProgramAreaWhereUniqueInput
         +   }
           }
         })

Argument `programArea` is missing.
Error on programNid=193: 
Invalid `model.create()` invocation in
C:\Users\ryanr\Documents\dev\NOC-data-2025\index.js:35:17

  32 
  33 async function safeCreate(model, data, idLabel) {
  34   try {
→ 35     await model.create({
           data: {
             nid: 193,
             title: "Event Management Certificate",
             duration: null,
             credential: "Certificate",
             programAreaNid: 1,
             viuSearchKeywords: "Continuing Education, Continuing Studies",
             nocSearchKeywords: [],
             knownNocGroups: [],
         +   programArea: {
         +     create: ProgramAreaCreateWithoutProgramsInput | ProgramAreaUncheckedCreateWithoutProgramsInput,
         +     connectOrCreate: ProgramAreaCreateOrConnectWithoutProgramsInput,
         +     connect: ProgramAreaWhereUniqueInput
         +   }
           }
         })

Argument `programArea` is missing.
Error on programNid=151: 
Invalid `model.create()` invocation in
C:\Users\ryanr\Documents\dev\NOC-data-2025\index.js:35:17

  32 
  33 async function safeCreate(model, data, idLabel) {
  34   try {
→ 35     await model.create({
           data: {
             nid: 151,
             title: "Bachelor of Education - Post Baccalaureate",
             duration: "Bachelor's",
             credential: "Degree",
             programAreaNid: 11,
             viuSearchKeywords: "education, teacher",
             nocSearchKeywords: [],
             knownNocGroups: [],
         +   programArea: {
         +     create: ProgramAreaCreateWithoutProgramsInput | ProgramAreaUncheckedCreateWithoutProgramsInput,
         +     connectOrCreate: ProgramAreaCreateOrConnectWithoutProgramsInput,
         +     connect: ProgramAreaWhereUniqueInput
         +   }
           }
         })

Argument `programArea` is missing.
Error on programNid=150: 
Invalid `model.create()` invocation in
C:\Users\ryanr\Documents\dev\NOC-data-2025\index.js:35:17

  32 
  33 async function safeCreate(model, data, idLabel) {
  34   try {
→ 35     await model.create({
           data: {
             nid: 150,
             title: "Child and Youth Care (BA)",
             duration: "Bachelor's",
             credential: "Degree",
             programAreaNid: 13,
             viuSearchKeywords: null,
             nocSearchKeywords: [],
             knownNocGroups: [],
         +   programArea: {
         +     create: ProgramAreaCreateWithoutProgramsInput | ProgramAreaUncheckedCreateWithoutProgramsInput,
         +     connectOrCreate: ProgramAreaCreateOrConnectWithoutProgramsInput,
         +     connect: ProgramAreaWhereUniqueInput
         +   }
           }
         })

Argument `programArea` is missing.
Error on programNid=238: 
Invalid `model.create()` invocation in
C:\Users\ryanr\Documents\dev\NOC-data-2025\index.js:35:17

  32 
  33 async function safeCreate(model, data, idLabel) {
  34   try {
→ 35     await model.create({
           data: {
             nid: 238,
             title: "Master of Education in Educational Leadership",
             duration: "Master's",
             credential: "Degree",
             programAreaNid: 11,
             viuSearchKeywords: null,
             nocSearchKeywords: [],
             knownNocGroups: [],
         +   programArea: {
         +     create: ProgramAreaCreateWithoutProgramsInput | ProgramAreaUncheckedCreateWithoutProgramsInput,
         +     connectOrCreate: ProgramAreaCreateOrConnectWithoutProgramsInput,
         +     connect: ProgramAreaWhereUniqueInput
         +   }
           }
         })

Argument `programArea` is missing.
Error on programNid=217: 
Invalid `model.create()` invocation in
C:\Users\ryanr\Documents\dev\NOC-data-2025\index.js:35:17

  32 
  33 async function safeCreate(model, data, idLabel) {
  34   try {
→ 35     await model.create({
           data: {
             nid: 217,
             title: "Health Care Assistant",
             duration: null,
             credential: "Certificate",
             programAreaNid: 10,
             viuSearchKeywords: null,
             nocSearchKeywords: [],
             knownNocGroups: [],
         +   programArea: {
         +     create: ProgramAreaCreateWithoutProgramsInput | ProgramAreaUncheckedCreateWithoutProgramsInput,
         +     connectOrCreate: ProgramAreaCreateOrConnectWithoutProgramsInput,
         +     connect: ProgramAreaWhereUniqueInput
         +   }
           }
         })

Argument `programArea` is missing.
Error on programNid=259: 
Invalid `model.create()` invocation in
C:\Users\ryanr\Documents\dev\NOC-data-2025\index.js:35:17

  32 
  33 async function safeCreate(model, data, idLabel) {
  34   try {
→ 35     await model.create({
           data: {
             nid: 259,
             title: "Practical Nursing",
             duration: null,
             credential: "Diploma",
             programAreaNid: 10,
             viuSearchKeywords: "lpn, public health",
             nocSearchKeywords: [],
             knownNocGroups: [],
         +   programArea: {
         +     create: ProgramAreaCreateWithoutProgramsInput | ProgramAreaUncheckedCreateWithoutProgramsInput,
         +     connectOrCreate: ProgramAreaCreateOrConnectWithoutProgramsInput,
         +     connect: ProgramAreaWhereUniqueInput
         +   }
           }
         })

Argument `programArea` is missing.
Error on programNid=167: 
Invalid `model.create()` invocation in
C:\Users\ryanr\Documents\dev\NOC-data-2025\index.js:35:17

  32 
  33 async function safeCreate(model, data, idLabel) {
  34   try {
→ 35     await model.create({
           data: {
             nid: 167,
             title: "Community Mental Health Worker",
             duration: null,
             credential: "Certificate",
             programAreaNid: 10,
             viuSearchKeywords: "Continuing Education, Continuing Studies, public health",
             nocSearchKeywords: [],
             knownNocGroups: [],
         +   programArea: {
         +     create: ProgramAreaCreateWithoutProgramsInput | ProgramAreaUncheckedCreateWithoutProgramsInput,
         +     connectOrCreate: ProgramAreaCreateOrConnectWithoutProgramsInput,
         +     connect: ProgramAreaWhereUniqueInput
         +   }
           }
         })

Argument `programArea` is missing.
Error on programNid=152: 
Invalid `model.create()` invocation in
C:\Users\ryanr\Documents\dev\NOC-data-2025\index.js:35:17

  32 
  33 async function safeCreate(model, data, idLabel) {
  34   try {
→ 35     await model.create({
           data: {
             nid: 152,
             title: "Office Administration",
             duration: null,
             credential: "Certificate",
             programAreaNid: 4,
             viuSearchKeywords: "accounting, book keeping, bookkeeping, financial assistant, legal assistant, office admin, office training, payroll assistant, receptionist, secretary, secretarial, office administration, paralegal",
             nocSearchKeywords: [],
             knownNocGroups: [],
         +   programArea: {
         +     create: ProgramAreaCreateWithoutProgramsInput | ProgramAreaUncheckedCreateWithoutProgramsInput,
         +     connectOrCreate: ProgramAreaCreateOrConnectWithoutProgramsInput,
         +     connect: ProgramAreaWhereUniqueInput
         +   }
           }
         })

Argument `programArea` is missing.
Error on programNid=177: 
Invalid `model.create()` invocation in
C:\Users\ryanr\Documents\dev\NOC-data-2025\index.js:35:17

  32 
  33 async function safeCreate(model, data, idLabel) {
  34   try {
→ 35     await model.create({
           data: {
             nid: 177,
             title: "Business Fundamentals for Indigenous Communities",
             duration: null,
             credential: "Certificate",
             programAreaNid: 2,
             viuSearchKeywords: "analytics, buisness, commerce, First Nations, indigenous",
             nocSearchKeywords: [],
             knownNocGroups: [],
         +   programArea: {
         +     create: ProgramAreaCreateWithoutProgramsInput | ProgramAreaUncheckedCreateWithoutProgramsInput,
         +     connectOrCreate: ProgramAreaCreateOrConnectWithoutProgramsInput,
         +     connect: ProgramAreaWhereUniqueInput
         +   }
           }
         })

Argument `programArea` is missing.
Error on programNid=248: 
Invalid `model.create()` invocation in
C:\Users\ryanr\Documents\dev\NOC-data-2025\index.js:35:17

  32 
  33 async function safeCreate(model, data, idLabel) {
  34   try {
→ 35     await model.create({
           data: {
             nid: 248,
             title: "Recreation and Sport Management",
             duration: null,
             credential: "Diploma",
             programAreaNid: 1,
             viuSearchKeywords: "athletics",
             nocSearchKeywords: [],
             knownNocGroups: [],
         +   programArea: {
         +     create: ProgramAreaCreateWithoutProgramsInput | ProgramAreaUncheckedCreateWithoutProgramsInput,
         +     connectOrCreate: ProgramAreaCreateOrConnectWithoutProgramsInput,
         +     connect: ProgramAreaWhereUniqueInput
         +   }
           }
         })

Argument `programArea` is missing.
Error on programNid=170: 
Invalid `model.create()` invocation in
C:\Users\ryanr\Documents\dev\NOC-data-2025\index.js:35:17

  32 
  33 async function safeCreate(model, data, idLabel) {
  34   try {
→ 35     await model.create({
           data: {
             nid: 170,
             title: "Bachelor of Science in Nursing",
             duration: "Bachelor's",
             credential: "Degree",
             programAreaNid: 10,
             viuSearchKeywords: "public health",
             nocSearchKeywords: [],
             knownNocGroups: [],
         +   programArea: {
         +     create: ProgramAreaCreateWithoutProgramsInput | ProgramAreaUncheckedCreateWithoutProgramsInput,
         +     connectOrCreate: ProgramAreaCreateOrConnectWithoutProgramsInput,
         +     connect: ProgramAreaWhereUniqueInput
         +   }
           }
         })

Argument `programArea` is missing.
Error on programNid=261: 
Invalid `model.create()` invocation in
C:\Users\ryanr\Documents\dev\NOC-data-2025\index.js:35:17

  32 
  33 async function safeCreate(model, data, idLabel) {
  34   try {
→ 35     await model.create({
           data: {
             nid: 261,
             title: "Tourism Studies",
             duration: null,
             credential: "Diploma",
             programAreaNid: 1,
             viuSearchKeywords: null,
             nocSearchKeywords: [],
             knownNocGroups: [],
         +   programArea: {
         +     create: ProgramAreaCreateWithoutProgramsInput | ProgramAreaUncheckedCreateWithoutProgramsInput,
         +     connectOrCreate: ProgramAreaCreateOrConnectWithoutProgramsInput,
         +     connect: ProgramAreaWhereUniqueInput
         +   }
           }
         })

Argument `programArea` is missing.
Error on programNid=198: 
Invalid `model.create()` invocation in
C:\Users\ryanr\Documents\dev\NOC-data-2025\index.js:35:17

  32 
  33 async function safeCreate(model, data, idLabel) {
  34   try {
→ 35     await model.create({
           data: {
             nid: 198,
             title: "Dental Hygiene",
             duration: null,
             credential: "Diploma",
             programAreaNid: 10,
             viuSearchKeywords: "dentistry",
             nocSearchKeywords: [],
             knownNocGroups: [],
         +   programArea: {
         +     create: ProgramAreaCreateWithoutProgramsInput | ProgramAreaUncheckedCreateWithoutProgramsInput,
         +     connectOrCreate: ProgramAreaCreateOrConnectWithoutProgramsInput,
         +     connect: ProgramAreaWhereUniqueInput
         +   }
           }
         })

Argument `programArea` is missing.
Error on programNid=139: 
Invalid `model.create()` invocation in
C:\Users\ryanr\Documents\dev\NOC-data-2025\index.js:35:17

  32 
  33 async function safeCreate(model, data, idLabel) {
  34   try {
→ 35     await model.create({
           data: {
             nid: 139,
             title: "Bachelor of Music in Jazz Studies",
             duration: "Bachelor's",
             credential: "Degree",
             programAreaNid: 6,
             viuSearchKeywords: "piano",
             nocSearchKeywords: [],
             knownNocGroups: [],
         +   programArea: {
         +     create: ProgramAreaCreateWithoutProgramsInput | ProgramAreaUncheckedCreateWithoutProgramsInput,
         +     connectOrCreate: ProgramAreaCreateOrConnectWithoutProgramsInput,
         +     connect: ProgramAreaWhereUniqueInput
         +   }
           }
         })

Argument `programArea` is missing.
Error on programNid=231: 
Invalid `model.create()` invocation in
C:\Users\ryanr\Documents\dev\NOC-data-2025\index.js:35:17

  32 
  33 async function safeCreate(model, data, idLabel) {
  34   try {
→ 35     await model.create({
           data: {
             nid: 231,
             title: "Master of Arts in Sustainable Leisure Management",
             duration: "Master's",
             credential: "Degree",
             programAreaNid: 1,
             viuSearchKeywords: "travel",
             nocSearchKeywords: [],
             knownNocGroups: [],
         +   programArea: {
         +     create: ProgramAreaCreateWithoutProgramsInput | ProgramAreaUncheckedCreateWithoutProgramsInput,
         +     connectOrCreate: ProgramAreaCreateOrConnectWithoutProgramsInput,
         +     connect: ProgramAreaWhereUniqueInput
         +   }
           }
         })

Argument `programArea` is missing.
Error on programNid=196: 
Invalid `model.create()` invocation in
C:\Users\ryanr\Documents\dev\NOC-data-2025\index.js:35:17

  32 
  33 async function safeCreate(model, data, idLabel) {
  34   try {
→ 35     await model.create({
           data: {
             nid: 196,
             title: "Business Administration",
             duration: null,
             credential: "Diploma",
             programAreaNid: 2,
             viuSearchKeywords: "analytics, buisness, commerce, supply chain",
             nocSearchKeywords: [],
             knownNocGroups: [],
         +   programArea: {
         +     create: ProgramAreaCreateWithoutProgramsInput | ProgramAreaUncheckedCreateWithoutProgramsInput,
         +     connectOrCreate: ProgramAreaCreateOrConnectWithoutProgramsInput,
         +     connect: ProgramAreaWhereUniqueInput
         +   }
           }
         })

Argument `programArea` is missing.
Error on programNid=237: 
Invalid `model.create()` invocation in
C:\Users\ryanr\Documents\dev\NOC-data-2025\index.js:35:17

  32 
  33 async function safeCreate(model, data, idLabel) {
  34   try {
→ 35     await model.create({
           data: {
             nid: 237,
             title: "Hospitality Management Diploma",
             duration: null,
             credential: "Diploma",
             programAreaNid: 1,
             viuSearchKeywords: "Hotel Management",
             nocSearchKeywords: [],
             knownNocGroups: [],
         +   programArea: {
         +     create: ProgramAreaCreateWithoutProgramsInput | ProgramAreaUncheckedCreateWithoutProgramsInput,
         +     connectOrCreate: ProgramAreaCreateOrConnectWithoutProgramsInput,
         +     connect: ProgramAreaWhereUniqueInput
         +   }
           }
         })

Argument `programArea` is missing.
Error on programNid=235: 
Invalid `model.create()` invocation in
C:\Users\ryanr\Documents\dev\NOC-data-2025\index.js:35:17

  32 
  33 async function safeCreate(model, data, idLabel) {
  34   try {
→ 35     await model.create({
           data: {
             nid: 235,
             title: "Master of Business Administration (MBA)",
             duration: "Master's",
             credential: "Degree",
             programAreaNid: 2,
             viuSearchKeywords: "analytics, buisness, commerce, masters in finance, supply chain",
             nocSearchKeywords: [],
             knownNocGroups: [],
         +   programArea: {
         +     create: ProgramAreaCreateWithoutProgramsInput | ProgramAreaUncheckedCreateWithoutProgramsInput,
         +     connectOrCreate: ProgramAreaCreateOrConnectWithoutProgramsInput,
         +     connect: ProgramAreaWhereUniqueInput
         +   }
           }
         })

Argument `programArea` is missing.
Error on programNid=242: 
Invalid `model.create()` invocation in
C:\Users\ryanr\Documents\dev\NOC-data-2025\index.js:35:17

  32 
  33 async function safeCreate(model, data, idLabel) {
  34   try {
→ 35     await model.create({
           data: {
             nid: 242,
             title: "Workplace Essential Skills and Training",
             duration: null,
             credential: "Certificate",
             programAreaNid: 7,
             viuSearchKeywords: null,
             nocSearchKeywords: [],
             knownNocGroups: [],
         +   programArea: {
         +     create: ProgramAreaCreateWithoutProgramsInput | ProgramAreaUncheckedCreateWithoutProgramsInput,
         +     connectOrCreate: ProgramAreaCreateOrConnectWithoutProgramsInput,
         +     connect: ProgramAreaWhereUniqueInput
         +   }
           }
         })

Argument `programArea` is missing.
Error on programNid=251: 
Invalid `model.create()` invocation in
C:\Users\ryanr\Documents\dev\NOC-data-2025\index.js:35:17

  32 
  33 async function safeCreate(model, data, idLabel) {
  34   try {
→ 35     await model.create({
           data: {
             nid: 251,
             title: "Visual Art (BA)",
             duration: "Bachelor's",
             credential: "Degree",
             programAreaNid: 6,
             viuSearchKeywords: "animator, animation",
             nocSearchKeywords: [],
             knownNocGroups: [],
         +   programArea: {
         +     create: ProgramAreaCreateWithoutProgramsInput | ProgramAreaUncheckedCreateWithoutProgramsInput,
         +     connectOrCreate: ProgramAreaCreateOrConnectWithoutProgramsInput,
         +     connect: ProgramAreaWhereUniqueInput
         +   }
           }
         })

Argument `programArea` is missing.
Error on programNid=212: 
Invalid `model.create()` invocation in
C:\Users\ryanr\Documents\dev\NOC-data-2025\index.js:35:17

  32 
  33 async function safeCreate(model, data, idLabel) {
  34   try {
→ 35     await model.create({
           data: {
             nid: 212,
             title: "Bachelor of Design in Graphic Design",
             duration: "Bachelor's",
             credential: "Degree",
             programAreaNid: 6,
             viuSearchKeywords: "animator, animation, design, graphic design, photography",
             nocSearchKeywords: [],
             knownNocGroups: [],
         +   programArea: {
         +     create: ProgramAreaCreateWithoutProgramsInput | ProgramAreaUncheckedCreateWithoutProgramsInput,
         +     connectOrCreate: ProgramAreaCreateOrConnectWithoutProgramsInput,
         +     connect: ProgramAreaWhereUniqueInput
         +   }
           }
         })

Argument `programArea` is missing.
Error on programNid=149: 
Invalid `model.create()` invocation in
C:\Users\ryanr\Documents\dev\NOC-data-2025\index.js:35:17

  32 
  33 async function safeCreate(model, data, idLabel) {
  34   try {
→ 35     await model.create({
           data: {
             nid: 149,
             title: "Bachelor of Interior Design",
             duration: "Bachelor's",
             credential: "Degree",
             programAreaNid: 6,
             viuSearchKeywords: "architecture",
             nocSearchKeywords: [],
             knownNocGroups: [],
         +   programArea: {
         +     create: ProgramAreaCreateWithoutProgramsInput | ProgramAreaUncheckedCreateWithoutProgramsInput,
         +     connectOrCreate: ProgramAreaCreateOrConnectWithoutProgramsInput,
         +     connect: ProgramAreaWhereUniqueInput
         +   }
           }
         })

Argument `programArea` is missing.
Error on programNid=207: 
Invalid `model.create()` invocation in
C:\Users\ryanr\Documents\dev\NOC-data-2025\index.js:35:17

  32 
  33 async function safeCreate(model, data, idLabel) {
  34   try {
→ 35     await model.create({
           data: {
             nid: 207,
             title: "Foundations for Success",
             duration: null,
             credential: "Certificate",
             programAreaNid: 7,
             viuSearchKeywords: "presentation skills training",
             nocSearchKeywords: [],
             knownNocGroups: [],
         +   programArea: {
         +     create: ProgramAreaCreateWithoutProgramsInput | ProgramAreaUncheckedCreateWithoutProgramsInput,
         +     connectOrCreate: ProgramAreaCreateOrConnectWithoutProgramsInput,
         +     connect: ProgramAreaWhereUniqueInput
         +   }
           }
         })

Argument `programArea` is missing.
Error on programNid=143: 
Invalid `model.create()` invocation in
C:\Users\ryanr\Documents\dev\NOC-data-2025\index.js:35:17

  32 
  33 async function safeCreate(model, data, idLabel) {
  34   try {
→ 35     await model.create({
           data: {
             nid: 143,
             title: "Bachelor of Hospitality Management",
             duration: "Bachelor's",
             credential: "Degree",
             programAreaNid: 1,
             viuSearchKeywords: "Hotel Management",
             nocSearchKeywords: [],
             knownNocGroups: [],
         +   programArea: {
         +     create: ProgramAreaCreateWithoutProgramsInput | ProgramAreaUncheckedCreateWithoutProgramsInput,
         +     connectOrCreate: ProgramAreaCreateOrConnectWithoutProgramsInput,
         +     connect: ProgramAreaWhereUniqueInput
         +   }
           }
         })

Argument `programArea` is missing.
Error on programNid=208: 
Invalid `model.create()` invocation in
C:\Users\ryanr\Documents\dev\NOC-data-2025\index.js:35:17

  32 
  33 async function safeCreate(model, data, idLabel) {
  34   try {
→ 35     await model.create({
           data: {
             nid: 208,
             title: "Adult Basic Education",
             duration: null,
             credential: "Certificate",
             programAreaNid: 7,
             viuSearchKeywords: "ABE, Upgrading, Adult Graduation Diploma, Highschool courses, high school courses",
             nocSearchKeywords: [],
             knownNocGroups: [],
         +   programArea: {
         +     create: ProgramAreaCreateWithoutProgramsInput | ProgramAreaUncheckedCreateWithoutProgramsInput,
         +     connectOrCreate: ProgramAreaCreateOrConnectWithoutProgramsInput,
         +     connect: ProgramAreaWhereUniqueInput
         +   }
           }
         })

Argument `programArea` is missing.
Error on programNid=256: 
Invalid `model.create()` invocation in
C:\Users\ryanr\Documents\dev\NOC-data-2025\index.js:35:17

  32 
  33 async function safeCreate(model, data, idLabel) {
  34   try {
→ 35     await model.create({
           data: {
             nid: 256,
             title: "Visual Art",
             duration: null,
             credential: "Diploma",
             programAreaNid: 6,
             viuSearchKeywords: "animator, animation",
             nocSearchKeywords: [],
             knownNocGroups: [],
         +   programArea: {
         +     create: ProgramAreaCreateWithoutProgramsInput | ProgramAreaUncheckedCreateWithoutProgramsInput,
         +     connectOrCreate: ProgramAreaCreateOrConnectWithoutProgramsInput,
         +     connect: ProgramAreaWhereUniqueInput
         +   }
           }
         })

Argument `programArea` is missing.
Error on programNid=9143: 
Invalid `model.create()` invocation in
C:\Users\ryanr\Documents\dev\NOC-data-2025\index.js:35:17

  32 
  33 async function safeCreate(model, data, idLabel) {
  34   try {
→ 35     await model.create({
           data: {
             nid: 9143,
             title: "Computer Science Honours",
             duration: "Bachelor's",
             credential: "Degree",
             programAreaNid: 3,
             viuSearchKeywords: "analytics, artificial intelligence, data, information technology, software engineering",
             nocSearchKeywords: [
               "computer science",
               "analytics",
               "artificial intelligence",
               "software engineering"
             ],
             knownNocGroups: [],
         +   programArea: {
         +     create: ProgramAreaCreateWithoutProgramsInput | ProgramAreaUncheckedCreateWithoutProgramsInput,
         +     connectOrCreate: ProgramAreaCreateOrConnectWithoutProgramsInput,
         +     connect: ProgramAreaWhereUniqueInput
         +   }
           }
         })

Argument `programArea` is missing.
Error on programNid=7113: 
Invalid `model.create()` invocation in
C:\Users\ryanr\Documents\dev\NOC-data-2025\index.js:35:17

  32 
  33 async function safeCreate(model, data, idLabel) {
  34   try {
→ 35     await model.create({
           data: {
             nid: 7113,
             title: "Geography Honours (BA)",
             duration: "Bachelor's",
             credential: "Degree",
             programAreaNid: 3,
             viuSearchKeywords: "urban planning",
             nocSearchKeywords: [
               " urban and regional planning",
               "geography"
             ],
             knownNocGroups: [
               "2153"
             ],
         +   programArea: {
         +     create: ProgramAreaCreateWithoutProgramsInput | ProgramAreaUncheckedCreateWithoutProgramsInput,
         +     connectOrCreate: ProgramAreaCreateOrConnectWithoutProgramsInput,
         +     connect: ProgramAreaWhereUniqueInput
         +   }
           }
         })

Argument `programArea` is missing.
Error on programNid=9185: 
Invalid `model.create()` invocation in
C:\Users\ryanr\Documents\dev\NOC-data-2025\index.js:35:17

  32 
  33 async function safeCreate(model, data, idLabel) {
  34   try {
→ 35     await model.create({
           data: {
             nid: 9185,
             title: "Esthetics and Spa Therapy",
             duration: null,
             credential: "Certificate",
             programAreaNid: 4,
             viuSearchKeywords: "Esthetics and Spa Therapy, Continuing Education, Continuing Studies",
             nocSearchKeywords: [
               "estheticians"
             ],
             knownNocGroups: [
               "6562"
             ],
         +   programArea: {
         +     create: ProgramAreaCreateWithoutProgramsInput | ProgramAreaUncheckedCreateWithoutProgramsInput,
         +     connectOrCreate: ProgramAreaCreateOrConnectWithoutProgramsInput,
         +     connect: ProgramAreaWhereUniqueInput
         +   }
           }
         })

Argument `programArea` is missing.
Error on programNid=9000: 
Invalid `model.create()` invocation in
C:\Users\ryanr\Documents\dev\NOC-data-2025\index.js:35:17

  32 
  33 async function safeCreate(model, data, idLabel) {
  34   try {
→ 35     await model.create({
           data: {
             nid: 9000,
             title: "Aquaculture (BA)",
             duration: "Bachelor's",
             credential: "Degree",
             programAreaNid: 3,
             viuSearchKeywords: null,
             nocSearchKeywords: [
               "aquaculture"
             ],
             knownNocGroups: [
               "0823"
             ],
         +   programArea: {
         +     create: ProgramAreaCreateWithoutProgramsInput | ProgramAreaUncheckedCreateWithoutProgramsInput,
         +     connectOrCreate: ProgramAreaCreateOrConnectWithoutProgramsInput,
         +     connect: ProgramAreaWhereUniqueInput
         +   }
           }
         })

Argument `programArea` is missing.
Error on programNid=9004: 
Invalid `model.create()` invocation in
C:\Users\ryanr\Documents\dev\NOC-data-2025\index.js:35:17

  32 
  33 async function safeCreate(model, data, idLabel) {
  34   try {
→ 35     await model.create({
           data: {
             nid: 9004,
             title: "Aquaculture (BSc)",
             duration: "Bachelor's",
             credential: "Degree",
             programAreaNid: 9,
             viuSearchKeywords: null,
             nocSearchKeywords: [
               "aquaculture"
             ],
             knownNocGroups: [
               "0823"
             ],
         +   programArea: {
         +     create: ProgramAreaCreateWithoutProgramsInput | ProgramAreaUncheckedCreateWithoutProgramsInput,
         +     connectOrCreate: ProgramAreaCreateOrConnectWithoutProgramsInput,
         +     connect: ProgramAreaWhereUniqueInput
         +   }
           }
         })

Argument `programArea` is missing.
Error on programNid=6530: 
Invalid `model.create()` invocation in
C:\Users\ryanr\Documents\dev\NOC-data-2025\index.js:35:17

  32 
  33 async function safeCreate(model, data, idLabel) {
  34   try {
→ 35     await model.create({
           data: {
             nid: 6530,
             title: "Anthropology Honours (BA)",
             duration: "Bachelor's",
             credential: "Degree",
             programAreaNid: 3,
             viuSearchKeywords: null,
             nocSearchKeywords: [],
             knownNocGroups: [
               "4169"
             ],
         +   programArea: {
         +     create: ProgramAreaCreateWithoutProgramsInput | ProgramAreaUncheckedCreateWithoutProgramsInput,
         +     connectOrCreate: ProgramAreaCreateOrConnectWithoutProgramsInput,
         +     connect: ProgramAreaWhereUniqueInput
         +   }
           }
         })

Argument `programArea` is missing.
Error on programNid=9005: 
Invalid `model.create()` invocation in
C:\Users\ryanr\Documents\dev\NOC-data-2025\index.js:35:17

  32 
  33 async function safeCreate(model, data, idLabel) {
  34   try {
→ 35     await model.create({
           data: {
             nid: 9005,
             title: "Baking and Pastry Arts Management",
             duration: null,
             credential: "Diploma",
             programAreaNid: 4,
             viuSearchKeywords: "baker",
             nocSearchKeywords: [
               "baking"
             ],
             knownNocGroups: [],
         +   programArea: {
         +     create: ProgramAreaCreateWithoutProgramsInput | ProgramAreaUncheckedCreateWithoutProgramsInput,
         +     connectOrCreate: ProgramAreaCreateOrConnectWithoutProgramsInput,
         +     connect: ProgramAreaWhereUniqueInput
         +   }
           }
         })

Argument `programArea` is missing.
Error on programNid=3481: 
Invalid `model.create()` invocation in
C:\Users\ryanr\Documents\dev\NOC-data-2025\index.js:35:17

  32 
  33 async function safeCreate(model, data, idLabel) {
  34   try {
→ 35     await model.create({
           data: {
             nid: 3481,
             title: "International Business (BBA)",
             duration: "Bachelor's",
             credential: "Degree",
             programAreaNid: 2,
             viuSearchKeywords: "analytics, buisness, commerce, international relations",
             nocSearchKeywords: [
               "business administration",
               "international business",
               "international"
             ],
             knownNocGroups: [],
         +   programArea: {
         +     create: ProgramAreaCreateWithoutProgramsInput | ProgramAreaUncheckedCreateWithoutProgramsInput,
         +     connectOrCreate: ProgramAreaCreateOrConnectWithoutProgramsInput,
         +     connect: ProgramAreaWhereUniqueInput
         +   }
           }
         })

Argument `programArea` is missing.
Error on programNid=3527: 
Invalid `model.create()` invocation in
C:\Users\ryanr\Documents\dev\NOC-data-2025\index.js:35:17

  32 
  33 async function safeCreate(model, data, idLabel) {
  34   try {
→ 35     await model.create({
           data: {
             nid: 3527,
             title: "Bachelor of Business Administration (BBA), Majors and Minors",
             duration: "Bachelor's",
             credential: "Degree",
             programAreaNid: 2,
             viuSearchKeywords: "analytics, buisness, commerce, supply chain",
             nocSearchKeywords: [
               "business administration"
             ],
             knownNocGroups: [],
         +   programArea: {
         +     create: ProgramAreaCreateWithoutProgramsInput | ProgramAreaUncheckedCreateWithoutProgramsInput,
         +     connectOrCreate: ProgramAreaCreateOrConnectWithoutProgramsInput,
         +     connect: ProgramAreaWhereUniqueInput
         +   }
           }
         })

Argument `programArea` is missing.
Error on programNid=3483: 
Invalid `model.create()` invocation in
C:\Users\ryanr\Documents\dev\NOC-data-2025\index.js:35:17

  32 
  33 async function safeCreate(model, data, idLabel) {
  34   try {
→ 35     await model.create({
           data: {
             nid: 3483,
             title: "Management (BBA)",
             duration: "Bachelor's",
             credential: "Degree",
             programAreaNid: 2,
             viuSearchKeywords: null,
             nocSearchKeywords: [
               "business administration",
               "business management",
               "management"
             ],
             knownNocGroups: [],
         +   programArea: {
         +     create: ProgramAreaCreateWithoutProgramsInput | ProgramAreaUncheckedCreateWithoutProgramsInput,
         +     connectOrCreate: ProgramAreaCreateOrConnectWithoutProgramsInput,
         +     connect: ProgramAreaWhereUniqueInput
         +   }
           }
         })

Argument `programArea` is missing.
Error on programNid=3482: 
Invalid `model.create()` invocation in
C:\Users\ryanr\Documents\dev\NOC-data-2025\index.js:35:17

  32 
  33 async function safeCreate(model, data, idLabel) {
  34   try {
→ 35     await model.create({
           data: {
             nid: 3482,
             title: "Marketing (BBA)",
             duration: "Bachelor's",
             credential: "Degree",
             programAreaNid: 2,
             viuSearchKeywords: null,
             nocSearchKeywords: [
               "business administration",
               "business marketing",
               "marketing"
             ],
             knownNocGroups: [],
         +   programArea: {
         +     create: ProgramAreaCreateWithoutProgramsInput | ProgramAreaUncheckedCreateWithoutProgramsInput,
         +     connectOrCreate: ProgramAreaCreateOrConnectWithoutProgramsInput,
         +     connect: ProgramAreaWhereUniqueInput
         +   }
           }
         })

Argument `programArea` is missing.
Error on programNid=7138: 
Invalid `model.create()` invocation in
C:\Users\ryanr\Documents\dev\NOC-data-2025\index.js:35:17

  32 
  33 async function safeCreate(model, data, idLabel) {
  34   try {
→ 35     await model.create({
           data: {
             nid: 7138,
             title: "Professional Indigenous Lands Management Certificate",
             duration: null,
             credential: "Certificate",
             programAreaNid: 3,
             viuSearchKeywords: "First Nations, indigenous",
             nocSearchKeywords: [],
             knownNocGroups: [],
         +   programArea: {
         +     create: ProgramAreaCreateWithoutProgramsInput | ProgramAreaUncheckedCreateWithoutProgramsInput,
         +     connectOrCreate: ProgramAreaCreateOrConnectWithoutProgramsInput,
         +     connect: ProgramAreaWhereUniqueInput
         +   }
           }
         })

Argument `programArea` is missing.
Error on programNid=4123: 
Invalid `model.create()` invocation in
C:\Users\ryanr\Documents\dev\NOC-data-2025\index.js:35:17

  32 
  33 async function safeCreate(model, data, idLabel) {
  34   try {
→ 35     await model.create({
           data: {
             nid: 4123,
             title: "Biology Honours",
             duration: "Bachelor's",
             credential: "Degree",
             programAreaNid: 9,
             viuSearchKeywords: "biotechnology, biotechnologist, botany, dentistry, ecology, environmental, food sciences, Marine, marine biologist, marine biology, nutritionist, phycology, vet, veterinary, veterinarian, vetinary, vetinarian, zoology",
             nocSearchKeywords: [
               "biology"
             ],
             knownNocGroups: [
               "2121"
             ],
         +   programArea: {
         +     create: ProgramAreaCreateWithoutProgramsInput | ProgramAreaUncheckedCreateWithoutProgramsInput,
         +     connectOrCreate: ProgramAreaCreateOrConnectWithoutProgramsInput,
         +     connect: ProgramAreaWhereUniqueInput
         +   }
           }
         })

Argument `programArea` is missing.
Error on programNid=4194: 
Invalid `model.create()` invocation in
C:\Users\ryanr\Documents\dev\NOC-data-2025\index.js:35:17

  32 
  33 async function safeCreate(model, data, idLabel) {
  34   try {
→ 35     await model.create({
           data: {
             nid: 4194,
             title: "Fundamentals of Forest Harvesting Practices",
             duration: null,
             credential: "Certificate",
             programAreaNid: 4,
             viuSearchKeywords: "forestry, forester",
             nocSearchKeywords: [],
             knownNocGroups: [
               "8241",
               "7511",
               "8211",
               "8616",
               "7521"
             ],
         +   programArea: {
         +     create: ProgramAreaCreateWithoutProgramsInput | ProgramAreaUncheckedCreateWithoutProgramsInput,
         +     connectOrCreate: ProgramAreaCreateOrConnectWithoutProgramsInput,
         +     connect: ProgramAreaWhereUniqueInput
         +   }
           }
         })

Argument `programArea` is missing.
Error on programNid=3480: 
Invalid `model.create()` invocation in
C:\Users\ryanr\Documents\dev\NOC-data-2025\index.js:35:17

  32 
  33 async function safeCreate(model, data, idLabel) {
  34   try {
→ 35     await model.create({
           data: {
             nid: 3480,
             title: "Human Resources Management (BBA)",
             duration: "Bachelor's",
             credential: "Degree",
             programAreaNid: 2,
             viuSearchKeywords: null,
             nocSearchKeywords: [
               "business administration",
               "business human resources",
               "human resources"
             ],
             knownNocGroups: [],
         +   programArea: {
         +     create: ProgramAreaCreateWithoutProgramsInput | ProgramAreaUncheckedCreateWithoutProgramsInput,
         +     connectOrCreate: ProgramAreaCreateOrConnectWithoutProgramsInput,
         +     connect: ProgramAreaWhereUniqueInput
         +   }
           }
         })

Argument `programArea` is missing.
Error on programNid=4980: 
Invalid `model.create()` invocation in
C:\Users\ryanr\Documents\dev\NOC-data-2025\index.js:35:17

  32 
  33 async function safeCreate(model, data, idLabel) {
  34   try {
→ 35     await model.create({
           data: {
             nid: 4980,
             title: "Indigenous/Xwulmuxw Studies (BA)",
             duration: "Bachelor's",
             credential: "Degree",
             programAreaNid: 3,
             viuSearchKeywords: "Aboriginal, First Nations, indigenous",
             nocSearchKeywords: [],
             knownNocGroups: [],
         +   programArea: {
         +     create: ProgramAreaCreateWithoutProgramsInput | ProgramAreaUncheckedCreateWithoutProgramsInput,
         +     connectOrCreate: ProgramAreaCreateOrConnectWithoutProgramsInput,
         +     connect: ProgramAreaWhereUniqueInput
         +   }
           }
         })

Argument `programArea` is missing.
Error on programNid=7222: 
Invalid `model.create()` invocation in
C:\Users\ryanr\Documents\dev\NOC-data-2025\index.js:35:17

  32 
  33 async function safeCreate(model, data, idLabel) {
  34   try {
→ 35     await model.create({
           data: {
             nid: 7222,
             title: "Information Technology and Applied Systems – Web and Mobile Development Diploma",
             duration: null,
             credential: "Diploma",
             programAreaNid: 4,
             viuSearchKeywords: "itas, software engineering",
             nocSearchKeywords: [
               "computer science",
               "analytics",
               "artificial intelligence",
               "software engineering",
               "computer programming",
               "web design",
               "web development",
               "mobile development"
             ],
             knownNocGroups: [],
         +   programArea: {
         +     create: ProgramAreaCreateWithoutProgramsInput | ProgramAreaUncheckedCreateWithoutProgramsInput,
         +     connectOrCreate: ProgramAreaCreateOrConnectWithoutProgramsInput,
         +     connect: ProgramAreaWhereUniqueInput
         +   }
           }
         })

Argument `programArea` is missing.
Error on programNid=7125: 
Invalid `model.create()` invocation in
C:\Users\ryanr\Documents\dev\NOC-data-2025\index.js:35:17

  32 
  33 async function safeCreate(model, data, idLabel) {
  34   try {
→ 35     await model.create({
           data: {
             nid: 7125,
             title: "Bachelor of Kinesiology",
             duration: "Bachelor's",
             credential: "Degree",
             programAreaNid: 11,
             viuSearchKeywords: "athletics, biomechanics, kinesiology, medical terminology, occupational therapy, personal trainer, physiotherapy",
             nocSearchKeywords: [
               "kinesiology",
               "human kinetics",
               "sport therapy",
               "health sciences",
               "sports injury management"
             ],
             knownNocGroups: [
               "3144"
             ],
         +   programArea: {
         +     create: ProgramAreaCreateWithoutProgramsInput | ProgramAreaUncheckedCreateWithoutProgramsInput,
         +     connectOrCreate: ProgramAreaCreateOrConnectWithoutProgramsInput,
         +     connect: ProgramAreaWhereUniqueInput
         +   }
           }
         })

Argument `programArea` is missing.
Error on programNid=9115: 
Invalid `model.create()` invocation in
C:\Users\ryanr\Documents\dev\NOC-data-2025\index.js:35:17

  32 
  33 async function safeCreate(model, data, idLabel) {
  34   try {
→ 35     await model.create({
           data: {
             nid: 9115,
             title: "Psychology Honours (BSc)",
             duration: "Bachelor's",
             credential: "Degree",
             programAreaNid: 9,
             viuSearchKeywords: "counseling, counselling, psycology",
             nocSearchKeywords: [
               "psychology"
             ],
             knownNocGroups: [],
         +   programArea: {
         +     create: ProgramAreaCreateWithoutProgramsInput | ProgramAreaUncheckedCreateWithoutProgramsInput,
         +     connectOrCreate: ProgramAreaCreateOrConnectWithoutProgramsInput,
         +     connect: ProgramAreaWhereUniqueInput
         +   }
           }
         })

Argument `programArea` is missing.
Error on programNid=7095: 
Invalid `model.create()` invocation in
C:\Users\ryanr\Documents\dev\NOC-data-2025\index.js:35:17

  32 
  33 async function safeCreate(model, data, idLabel) {
  34   try {
→ 35     await model.create({
           data: {
             nid: 7095,
             title: "Integrated Engineering Technologist Diploma",
             duration: null,
             credential: "Diploma",
             programAreaNid: 9,
             viuSearchKeywords: "architecture, aerospace, aviation, civil engineering, civil technologist, engineering, engineering diploma, engineering technologist, mechanical, mechanics, tech sector",
             nocSearchKeywords: [
               "engineering technology"
             ],
             knownNocGroups: [],
         +   programArea: {
         +     create: ProgramAreaCreateWithoutProgramsInput | ProgramAreaUncheckedCreateWithoutProgramsInput,
         +     connectOrCreate: ProgramAreaCreateOrConnectWithoutProgramsInput,
         +     connect: ProgramAreaWhereUniqueInput
         +   }
           }
         })

Argument `programArea` is missing.
Error on programNid=1338: 
Invalid `model.create()` invocation in
C:\Users\ryanr\Documents\dev\NOC-data-2025\index.js:35:17

  32 
  33 async function safeCreate(model, data, idLabel) {
  34   try {
→ 35     await model.create({
           data: {
             nid: 1338,
             title: "Education Assistant and Community Support",
             duration: null,
             credential: "Certificate",
             programAreaNid: 13,
             viuSearchKeywords: "Educational Assistant",
             nocSearchKeywords: [
               "teaching assistance",
               "educational assistance",
               "social science"
             ],
             knownNocGroups: [],
         +   programArea: {
         +     create: ProgramAreaCreateWithoutProgramsInput | ProgramAreaUncheckedCreateWithoutProgramsInput,
         +     connectOrCreate: ProgramAreaCreateOrConnectWithoutProgramsInput,
         +     connect: ProgramAreaWhereUniqueInput
         +   }
           }
         })

Argument `programArea` is missing.
Error on programNid=3270: 
Invalid `model.create()` invocation in
C:\Users\ryanr\Documents\dev\NOC-data-2025\index.js:35:17

  32 
  33 async function safeCreate(model, data, idLabel) {
  34   try {
→ 35     await model.create({
           data: {
             nid: 3270,
             title: "Philosophy Honours (BA)",
             duration: "Bachelor's",
             credential: "Degree",
             programAreaNid: 3,
             viuSearchKeywords: null,
             nocSearchKeywords: [],
             knownNocGroups: [],
         +   programArea: {
         +     create: ProgramAreaCreateWithoutProgramsInput | ProgramAreaUncheckedCreateWithoutProgramsInput,
         +     connectOrCreate: ProgramAreaCreateOrConnectWithoutProgramsInput,
         +     connect: ProgramAreaWhereUniqueInput
         +   }
           }
         })

Argument `programArea` is missing.
Error on programNid=287: 
Invalid `model.create()` invocation in
C:\Users\ryanr\Documents\dev\NOC-data-2025\index.js:35:17

  32 
  33 async function safeCreate(model, data, idLabel) {
  34   try {
→ 35     await model.create({
           data: {
             nid: 287,
             title: "Culinary Management",
             duration: null,
             credential: "Diploma",
             programAreaNid: 4,
             viuSearchKeywords: "cook, food",
             nocSearchKeywords: [
               "food service administration",
               "hotel and restaurant management"
             ],
             knownNocGroups: [],
         +   programArea: {
         +     create: ProgramAreaCreateWithoutProgramsInput | ProgramAreaUncheckedCreateWithoutProgramsInput,
         +     connectOrCreate: ProgramAreaCreateOrConnectWithoutProgramsInput,
         +     connect: ProgramAreaWhereUniqueInput
         +   }
           }
         })

Argument `programArea` is missing.
Error on programNid=1341: 
Invalid `model.create()` invocation in
C:\Users\ryanr\Documents\dev\NOC-data-2025\index.js:35:17

  32 
  33 async function safeCreate(model, data, idLabel) {
  34   try {
→ 35     await model.create({
           data: {
             nid: 1341,
             title: "English Honours (BA)",
             duration: "Bachelor's",
             credential: "Degree",
             programAreaNid: 3,
             viuSearchKeywords: null,
             nocSearchKeywords: [
               "english"
             ],
             knownNocGroups: [],
         +   programArea: {
         +     create: ProgramAreaCreateWithoutProgramsInput | ProgramAreaUncheckedCreateWithoutProgramsInput,
         +     connectOrCreate: ProgramAreaCreateOrConnectWithoutProgramsInput,
         +     connect: ProgramAreaWhereUniqueInput
         +   }
           }
         })

Argument `programArea` is missing.
Error on programNid=290: 
Invalid `model.create()` invocation in
C:\Users\ryanr\Documents\dev\NOC-data-2025\index.js:35:17

  32 
  33 async function safeCreate(model, data, idLabel) {
  34   try {
→ 35     await model.create({
           data: {
             nid: 290,
             title: "Earth Science (BA)",
             duration: "Bachelor's",
             credential: "Degree",
             programAreaNid: 3,
             viuSearchKeywords: null,
             nocSearchKeywords: [],
             knownNocGroups: [
               "4161"
             ],
         +   programArea: {
         +     create: ProgramAreaCreateWithoutProgramsInput | ProgramAreaUncheckedCreateWithoutProgramsInput,
         +     connectOrCreate: ProgramAreaCreateOrConnectWithoutProgramsInput,
         +     connect: ProgramAreaWhereUniqueInput
         +   }
           }
         })

Argument `programArea` is missing.
Error on programNid=289: 
Invalid `model.create()` invocation in
C:\Users\ryanr\Documents\dev\NOC-data-2025\index.js:35:17

  32 
  33 async function safeCreate(model, data, idLabel) {
  34   try {
→ 35     await model.create({
           data: {
             nid: 289,
             title: "Bachelor of Arts (BA), Honours, Majors, and Minors",
             duration: "Bachelor's",
             credential: "Degree",
             programAreaNid: 3,
             viuSearchKeywords: "ba, bachelor of arts",
             nocSearchKeywords: [],
             knownNocGroups: [],
         +   programArea: {
         +     create: ProgramAreaCreateWithoutProgramsInput | ProgramAreaUncheckedCreateWithoutProgramsInput,
         +     connectOrCreate: ProgramAreaCreateOrConnectWithoutProgramsInput,
         +     connect: ProgramAreaWhereUniqueInput
         +   }
           }
         })

Argument `programArea` is missing.
Error on programNid=319: 
Invalid `model.create()` invocation in
C:\Users\ryanr\Documents\dev\NOC-data-2025\index.js:35:17

  32 
  33 async function safeCreate(model, data, idLabel) {
  34   try {
→ 35     await model.create({
           data: {
             nid: 319,
             title: "Languages and Culture (Romance Languages) (BA)",
             duration: "Bachelor's",
             credential: "Degree",
             programAreaNid: 3,
             viuSearchKeywords: null,
             nocSearchKeywords: [],
             knownNocGroups: [],
         +   programArea: {
         +     create: ProgramAreaCreateWithoutProgramsInput | ProgramAreaUncheckedCreateWithoutProgramsInput,
         +     connectOrCreate: ProgramAreaCreateOrConnectWithoutProgramsInput,
         +     connect: ProgramAreaWhereUniqueInput
         +   }
           }
         })

Argument `programArea` is missing.
Error on programNid=293: 
Invalid `model.create()` invocation in
C:\Users\ryanr\Documents\dev\NOC-data-2025\index.js:35:17

  32 
  33 async function safeCreate(model, data, idLabel) {
  34   try {
→ 35     await model.create({
           data: {
             nid: 293,
             title: "Master of Geographic Information Systems (GIS) Applications",
             duration: "Master's",
             credential: "Degree",
             programAreaNid: 3,
             viuSearchKeywords: "data, geomatics, information management, remote sensing",
             nocSearchKeywords: [],
             knownNocGroups: [],
         +   programArea: {
         +     create: ProgramAreaCreateWithoutProgramsInput | ProgramAreaUncheckedCreateWithoutProgramsInput,
         +     connectOrCreate: ProgramAreaCreateOrConnectWithoutProgramsInput,
         +     connect: ProgramAreaWhereUniqueInput
         +   }
           }
         })

Argument `programArea` is missing.
Error on programNid=3479: 
Invalid `model.create()` invocation in
C:\Users\ryanr\Documents\dev\NOC-data-2025\index.js:35:17

  32 
  33 async function safeCreate(model, data, idLabel) {
  34   try {
→ 35     await model.create({
           data: {
             nid: 3479,
             title: "Financial Services (BBA)",
             duration: "Bachelor's",
             credential: "Degree",
             programAreaNid: 2,
             viuSearchKeywords: null,
             nocSearchKeywords: [
               "business administration",
               "business financial services",
               "financial services"
             ],
             knownNocGroups: [],
         +   programArea: {
         +     create: ProgramAreaCreateWithoutProgramsInput | ProgramAreaUncheckedCreateWithoutProgramsInput,
         +     connectOrCreate: ProgramAreaCreateOrConnectWithoutProgramsInput,
         +     connect: ProgramAreaWhereUniqueInput
         +   }
           }
         })

Argument `programArea` is missing.
Error on programNid=3356: 
Invalid `model.create()` invocation in
C:\Users\ryanr\Documents\dev\NOC-data-2025\index.js:35:17

  32 
  33 async function safeCreate(model, data, idLabel) {
  34   try {
→ 35     await model.create({
           data: {
             nid: 3356,
             title: "Languages and Culture (Romance Languages) (BSc)",
             duration: "Bachelor's",
             credential: "Degree",
             programAreaNid: 9,
             viuSearchKeywords: null,
             nocSearchKeywords: [],
             knownNocGroups: [],
         +   programArea: {
         +     create: ProgramAreaCreateWithoutProgramsInput | ProgramAreaUncheckedCreateWithoutProgramsInput,
         +     connectOrCreate: ProgramAreaCreateOrConnectWithoutProgramsInput,
         +     connect: ProgramAreaWhereUniqueInput
         +   }
           }
         })

Argument `programArea` is missing.
Error on programNid=294: 
Invalid `model.create()` invocation in
C:\Users\ryanr\Documents\dev\NOC-data-2025\index.js:35:17

  32 
  33 async function safeCreate(model, data, idLabel) {
  34   try {
→ 35     await model.create({
           data: {
             nid: 294,
             title: "Master of Community Planning",
             duration: "Master's",
             credential: "Degree",
             programAreaNid: 3,
             viuSearchKeywords: "architecture, civil engineering, urban planning",
             nocSearchKeywords: [
               "urban and regional planning"
             ],
             knownNocGroups: [],
         +   programArea: {
         +     create: ProgramAreaCreateWithoutProgramsInput | ProgramAreaUncheckedCreateWithoutProgramsInput,
         +     connectOrCreate: ProgramAreaCreateOrConnectWithoutProgramsInput,
         +     connect: ProgramAreaWhereUniqueInput
         +   }
           }
         })

Argument `programArea` is missing.
Error on programNid=3322: 
Invalid `model.create()` invocation in
C:\Users\ryanr\Documents\dev\NOC-data-2025\index.js:35:17

  32 
  33 async function safeCreate(model, data, idLabel) {
  34   try {
→ 35     await model.create({
           data: {
             nid: 3322,
             title: "Psychology Honours (BA)",
             duration: "Bachelor's",
             credential: "Degree",
             programAreaNid: 3,
             viuSearchKeywords: "counseling, counselling, psycology",
             nocSearchKeywords: [
               "psychology"
             ],
             knownNocGroups: [],
         +   programArea: {
         +     create: ProgramAreaCreateWithoutProgramsInput | ProgramAreaUncheckedCreateWithoutProgramsInput,
         +     connectOrCreate: ProgramAreaCreateOrConnectWithoutProgramsInput,
         +     connect: ProgramAreaWhereUniqueInput
         +   }
           }
         })

Argument `programArea` is missing.
Error on programNid=3477: 
Invalid `model.create()` invocation in
C:\Users\ryanr\Documents\dev\NOC-data-2025\index.js:35:17

  32 
  33 async function safeCreate(model, data, idLabel) {
  34   try {
→ 35     await model.create({
           data: {
             nid: 3477,
             title: "Accounting (BBA)",
             duration: "Bachelor's",
             credential: "Degree",
             programAreaNid: 2,
             viuSearchKeywords: "book keeping, bookkeeping",
             nocSearchKeywords: [
               "business administration",
               "business accounting",
               "accounting"
             ],
             knownNocGroups: [],
         +   programArea: {
         +     create: ProgramAreaCreateWithoutProgramsInput | ProgramAreaUncheckedCreateWithoutProgramsInput,
         +     connectOrCreate: ProgramAreaCreateOrConnectWithoutProgramsInput,
         +     connect: ProgramAreaWhereUniqueInput
         +   }
           }
         })

Argument `programArea` is missing.
Error on programNid=313: 
Invalid `model.create()` invocation in
C:\Users\ryanr\Documents\dev\NOC-data-2025\index.js:35:17

  32 
  33 async function safeCreate(model, data, idLabel) {
  34   try {
→ 35     await model.create({
           data: {
             nid: 313,
             title: "Physical Education",
             duration: null,
             credential: "Diploma",
             programAreaNid: 11,
             viuSearchKeywords: "kinesiology, physiotherapy, occupational therapy, biomechanics, personal trainer",
             nocSearchKeywords: [
               "physical education",
               "recreation",
               "occupational therapy",
               "physiotherapy",
               "rehabilitation therapists"
             ],
             knownNocGroups: [],
         +   programArea: {
         +     create: ProgramAreaCreateWithoutProgramsInput | ProgramAreaUncheckedCreateWithoutProgramsInput,
         +     connectOrCreate: ProgramAreaCreateOrConnectWithoutProgramsInput,
         +     connect: ProgramAreaWhereUniqueInput
         +   }
           }
         })

Argument `programArea` is missing.
Error on programNid=3478: 
Invalid `model.create()` invocation in
C:\Users\ryanr\Documents\dev\NOC-data-2025\index.js:35:17

  32 
  33 async function safeCreate(model, data, idLabel) {
  34   try {
→ 35     await model.create({
           data: {
             nid: 3478,
             title: "Economics (BBA)",
             duration: "Bachelor's",
             credential: "Degree",
             programAreaNid: 2,
             viuSearchKeywords: null,
             nocSearchKeywords: [
               "business administration",
               "business economics",
               "economics"
             ],
             knownNocGroups: [],
         +   programArea: {
         +     create: ProgramAreaCreateWithoutProgramsInput | ProgramAreaUncheckedCreateWithoutProgramsInput,
         +     connectOrCreate: ProgramAreaCreateOrConnectWithoutProgramsInput,
         +     connect: ProgramAreaWhereUniqueInput
         +   }
           }
         })

Argument `programArea` is missing.
Error on programNid=3442: 
Invalid `model.create()` invocation in
C:\Users\ryanr\Documents\dev\NOC-data-2025\index.js:35:17

  32 
  33 async function safeCreate(model, data, idLabel) {
  34   try {
→ 35     await model.create({
           data: {
             nid: 3442,
             title: "Legal Studies",
             duration: null,
             credential: "Certificate",
             programAreaNid: 3,
             viuSearchKeywords: null,
             nocSearchKeywords: [],
             knownNocGroups: [],
         +   programArea: {
         +     create: ProgramAreaCreateWithoutProgramsInput | ProgramAreaUncheckedCreateWithoutProgramsInput,
         +     connectOrCreate: ProgramAreaCreateOrConnectWithoutProgramsInput,
         +     connect: ProgramAreaWhereUniqueInput
         +   }
           }
         })

Argument `programArea` is missing.
Error on programNid=3326: 
Invalid `model.create()` invocation in
C:\Users\ryanr\Documents\dev\NOC-data-2025\index.js:35:17

  32 
  33 async function safeCreate(model, data, idLabel) {
  34   try {
→ 35     await model.create({
           data: {
             nid: 3326,
             title: "Sociology Honours (BA)",
             duration: "Bachelor's",
             credential: "Degree",
             programAreaNid: 3,
             viuSearchKeywords: null,
             nocSearchKeywords: [
               "sociology"
             ],
             knownNocGroups: [],
         +   programArea: {
         +     create: ProgramAreaCreateWithoutProgramsInput | ProgramAreaUncheckedCreateWithoutProgramsInput,
         +     connectOrCreate: ProgramAreaCreateOrConnectWithoutProgramsInput,
         +     connect: ProgramAreaWhereUniqueInput
         +   }
           }
         })

Argument `programArea` is missing.
Error on programNid=1301: 
Invalid `model.create()` invocation in
C:\Users\ryanr\Documents\dev\NOC-data-2025\index.js:35:17

  32 
  33 async function safeCreate(model, data, idLabel) {
  34   try {
→ 35     await model.create({
           data: {
             nid: 1301,
             title: "Certificate in Adventure Tourism and Recreation",
             duration: null,
             credential: "Certificate",
             programAreaNid: 1,
             viuSearchKeywords: null,
             nocSearchKeywords: [],
             knownNocGroups: [
               "6531",
               "6313"
             ],
         +   programArea: {
         +     create: ProgramAreaCreateWithoutProgramsInput | ProgramAreaUncheckedCreateWithoutProgramsInput,
         +     connectOrCreate: ProgramAreaCreateOrConnectWithoutProgramsInput,
         +     connect: ProgramAreaWhereUniqueInput
         +   }
           }
         })

Argument `programArea` is missing.
Error on programNid=295: 
Invalid `model.create()` invocation in
C:\Users\ryanr\Documents\dev\NOC-data-2025\index.js:35:17

  32 
  33 async function safeCreate(model, data, idLabel) {
  34   try {
→ 35     await model.create({
           data: {
             nid: 295,
             title: "Proficiency in Language and Culture",
             duration: null,
             credential: "Certificate",
             programAreaNid: 3,
             viuSearchKeywords: null,
             nocSearchKeywords: [],
             knownNocGroups: [],
         +   programArea: {
         +     create: ProgramAreaCreateWithoutProgramsInput | ProgramAreaUncheckedCreateWithoutProgramsInput,
         +     connectOrCreate: ProgramAreaCreateOrConnectWithoutProgramsInput,
         +     connect: ProgramAreaWhereUniqueInput
         +   }
           }
         })

Argument `programArea` is missing.
Error on programNid=3318: 
Invalid `model.create()` invocation in
C:\Users\ryanr\Documents\dev\NOC-data-2025\index.js:35:17

  32 
  33 async function safeCreate(model, data, idLabel) {
  34   try {
→ 35     await model.create({
           data: {
             nid: 3318,
             title: "History Honours (BA)",
             duration: "Bachelor's",
             credential: "Degree",
             programAreaNid: 3,
             viuSearchKeywords: null,
             nocSearchKeywords: [
               "History"
             ],
             knownNocGroups: [],
         +   programArea: {
         +     create: ProgramAreaCreateWithoutProgramsInput | ProgramAreaUncheckedCreateWithoutProgramsInput,
         +     connectOrCreate: ProgramAreaCreateOrConnectWithoutProgramsInput,
         +     connect: ProgramAreaWhereUniqueInput
         +   }
           }
         })

Argument `programArea` is missing.
Error on programNid=252: 
Invalid `model.create()` invocation in
C:\Users\ryanr\Documents\dev\NOC-data-2025\index.js:35:17

  32 
  33 async function safeCreate(model, data, idLabel) {
  34   try {
→ 35     await model.create({
           data: {
             nid: 252,
             title: "Welding",
             duration: null,
             credential: "Certificate",
             programAreaNid: 4,
             viuSearchKeywords: "apprenticeship, plumbing, red seal, welder",
             nocSearchKeywords: [
               "welding"
             ],
             knownNocGroups: [],
         +   programArea: {
         +     create: ProgramAreaCreateWithoutProgramsInput | ProgramAreaUncheckedCreateWithoutProgramsInput,
         +     connectOrCreate: ProgramAreaCreateOrConnectWithoutProgramsInput,
         +     connect: ProgramAreaWhereUniqueInput
         +   }
           }
         })

Argument `programArea` is missing.
Error on programNid=161: 
Invalid `model.create()` invocation in
C:\Users\ryanr\Documents\dev\NOC-data-2025\index.js:35:17

  32 
  33 async function safeCreate(model, data, idLabel) {
  34   try {
→ 35     await model.create({
           data: {
             nid: 161,
             title: "Bachelor of Tourism Management",
             duration: "Bachelor's",
             credential: "Degree",
             programAreaNid: 1,
             viuSearchKeywords: null,
             nocSearchKeywords: [
               "hotel management"
             ],
             knownNocGroups: [
               "6313"
             ],
         +   programArea: {
         +     create: ProgramAreaCreateWithoutProgramsInput | ProgramAreaUncheckedCreateWithoutProgramsInput,
         +     connectOrCreate: ProgramAreaCreateOrConnectWithoutProgramsInput,
         +     connect: ProgramAreaWhereUniqueInput
         +   }
           }
         })

Argument `programArea` is missing.
Error on programNid=175: 
Invalid `model.create()` invocation in
C:\Users\ryanr\Documents\dev\NOC-data-2025\index.js:35:17

  32 
  33 async function safeCreate(model, data, idLabel) {
  34   try {
→ 35     await model.create({
           data: {
             nid: 175,
             title: "Carpentry",
             duration: null,
             credential: "Certificate",
             programAreaNid: 4,
             viuSearchKeywords: "apprenticeship, carpenter, construction, red seal",
             nocSearchKeywords: [],
             knownNocGroups: [],
         +   programArea: {
         +     create: ProgramAreaCreateWithoutProgramsInput | ProgramAreaUncheckedCreateWithoutProgramsInput,
         +     connectOrCreate: ProgramAreaCreateOrConnectWithoutProgramsInput,
         +     connect: ProgramAreaWhereUniqueInput
         +   }
           }
         })

Argument `programArea` is missing.
Error on programNid=189: 
Invalid `model.create()` invocation in
C:\Users\ryanr\Documents\dev\NOC-data-2025\index.js:35:17

  32 
  33 async function safeCreate(model, data, idLabel) {
  34   try {
→ 35     await model.create({
           data: {
             nid: 189,
             title: "Digital Media (BA)",
             duration: "Bachelor's",
             credential: "Degree",
             programAreaNid: 3,
             viuSearchKeywords: "photography, videography",
             nocSearchKeywords: [],
             knownNocGroups: [],
         +   programArea: {
         +     create: ProgramAreaCreateWithoutProgramsInput | ProgramAreaUncheckedCreateWithoutProgramsInput,
         +     connectOrCreate: ProgramAreaCreateOrConnectWithoutProgramsInput,
         +     connect: ProgramAreaWhereUniqueInput
         +   }
           }
         })

Argument `programArea` is missing.
Error on programNid=240: 
Invalid `model.create()` invocation in
C:\Users\ryanr\Documents\dev\NOC-data-2025\index.js:35:17

  32 
  33 async function safeCreate(model, data, idLabel) {
  34   try {
→ 35     await model.create({
           data: {
             nid: 240,
             title: "Power Engineering/Process Operator - 4th Class",
             duration: null,
             credential: "Certificate",
             programAreaNid: 4,
             viuSearchKeywords: "mechanical, mechanics",
             nocSearchKeywords: [
               "power engineering"
             ],
             knownNocGroups: [],
         +   programArea: {
         +     create: ProgramAreaCreateWithoutProgramsInput | ProgramAreaUncheckedCreateWithoutProgramsInput,
         +     connectOrCreate: ProgramAreaCreateOrConnectWithoutProgramsInput,
         +     connect: ProgramAreaWhereUniqueInput
         +   }
           }
         })

Argument `programArea` is missing.
Error on programNid=179: 
Invalid `model.create()` invocation in
C:\Users\ryanr\Documents\dev\NOC-data-2025\index.js:35:17

  32 
  33 async function safeCreate(model, data, idLabel) {
  34   try {
→ 35     await model.create({
           data: {
             nid: 179,
             title: "Culinary Arts",
             duration: null,
             credential: "Certificate",
             programAreaNid: 4,
             viuSearchKeywords: "apprenticeship, cook, food, professional cook, red seal",
             nocSearchKeywords: [],
             knownNocGroups: [],
         +   programArea: {
         +     create: ProgramAreaCreateWithoutProgramsInput | ProgramAreaUncheckedCreateWithoutProgramsInput,
         +     connectOrCreate: ProgramAreaCreateOrConnectWithoutProgramsInput,
         +     connect: ProgramAreaWhereUniqueInput
         +   }
           }
         })

Argument `programArea` is missing.
Error on programNid=194: 
Invalid `model.create()` invocation in
C:\Users\ryanr\Documents\dev\NOC-data-2025\index.js:35:17

  32 
  33 async function safeCreate(model, data, idLabel) {
  34   try {
→ 35     await model.create({
           data: {
             nid: 194,
             title: "First Nations Housing Manager",
             duration: null,
             credential: "Certificate",
             programAreaNid: 4,
             viuSearchKeywords: "Aboriginal, Continuing Education, Continuing Studies, indigenous",
             nocSearchKeywords: [],
             knownNocGroups: [],
         +   programArea: {
         +     create: ProgramAreaCreateWithoutProgramsInput | ProgramAreaUncheckedCreateWithoutProgramsInput,
         +     connectOrCreate: ProgramAreaCreateOrConnectWithoutProgramsInput,
         +     connect: ProgramAreaWhereUniqueInput
         +   }
           }
         })

Argument `programArea` is missing.
Error on programNid=204: 
Invalid `model.create()` invocation in
C:\Users\ryanr\Documents\dev\NOC-data-2025\index.js:35:17

  32 
  33 async function safeCreate(model, data, idLabel) {
  34   try {
→ 35     await model.create({
           data: {
             nid: 204,
             title: "Heavy Equipment Operator",
             duration: null,
             credential: "Certificate",
             programAreaNid: 4,
             viuSearchKeywords: null,
             nocSearchKeywords: [],
             knownNocGroups: [],
         +   programArea: {
         +     create: ProgramAreaCreateWithoutProgramsInput | ProgramAreaUncheckedCreateWithoutProgramsInput,
         +     connectOrCreate: ProgramAreaCreateOrConnectWithoutProgramsInput,
         +     connect: ProgramAreaWhereUniqueInput
         +   }
           }
         })

Argument `programArea` is missing.
Error on programNid=205: 
Invalid `model.create()` invocation in
C:\Users\ryanr\Documents\dev\NOC-data-2025\index.js:35:17

  32 
  33 async function safeCreate(model, data, idLabel) {
  34   try {
→ 35     await model.create({
           data: {
             nid: 205,
             title: "Hairstylist Foundation",
             duration: null,
             credential: "Certificate",
             programAreaNid: 4,
             viuSearchKeywords: null,
             nocSearchKeywords: [],
             knownNocGroups: [],
         +   programArea: {
         +     create: ProgramAreaCreateWithoutProgramsInput | ProgramAreaUncheckedCreateWithoutProgramsInput,
         +     connectOrCreate: ProgramAreaCreateOrConnectWithoutProgramsInput,
         +     connect: ProgramAreaWhereUniqueInput
         +   }
           }
         })

Argument `programArea` is missing.
Error on programNid=210: 
Invalid `model.create()` invocation in
C:\Users\ryanr\Documents\dev\NOC-data-2025\index.js:35:17

  32 
  33 async function safeCreate(model, data, idLabel) {
  34   try {
→ 35     await model.create({
           data: {
             nid: 210,
             title: "Horticultural Technician Foundation",
             duration: null,
             credential: "Certificate",
             programAreaNid: 4,
             viuSearchKeywords: "agriculture, agricultural",
             nocSearchKeywords: [],
             knownNocGroups: [],
         +   programArea: {
         +     create: ProgramAreaCreateWithoutProgramsInput | ProgramAreaUncheckedCreateWithoutProgramsInput,
         +     connectOrCreate: ProgramAreaCreateOrConnectWithoutProgramsInput,
         +     connect: ProgramAreaWhereUniqueInput
         +   }
           }
         })

Argument `programArea` is missing.
Error on programNid=216: 
Invalid `model.create()` invocation in
C:\Users\ryanr\Documents\dev\NOC-data-2025\index.js:35:17

  32 
  33 async function safeCreate(model, data, idLabel) {
  34   try {
→ 35     await model.create({
           data: {
             nid: 216,
             title: "Heavy Mechanical Trades Foundation",
             duration: null,
             credential: "Certificate",
             programAreaNid: 4,
             viuSearchKeywords: "heavy duty, apprenticeship, red seal",
             nocSearchKeywords: [],
             knownNocGroups: [],
         +   programArea: {
         +     create: ProgramAreaCreateWithoutProgramsInput | ProgramAreaUncheckedCreateWithoutProgramsInput,
         +     connectOrCreate: ProgramAreaCreateOrConnectWithoutProgramsInput,
         +     connect: ProgramAreaWhereUniqueInput
         +   }
           }
         })

Argument `programArea` is missing.
Error on programNid=260: 
Invalid `model.create()` invocation in
C:\Users\ryanr\Documents\dev\NOC-data-2025\index.js:35:17

  32 
  33 async function safeCreate(model, data, idLabel) {
  34   try {
→ 35     await model.create({
           data: {
             nid: 260,
             title: "Professional Baking and Pastry Arts",
             duration: null,
             credential: "Certificate",
             programAreaNid: 4,
             viuSearchKeywords: "baker, apprenticeship, red seal",
             nocSearchKeywords: [
               "baking",
               "bakers"
             ],
             knownNocGroups: [],
         +   programArea: {
         +     create: ProgramAreaCreateWithoutProgramsInput | ProgramAreaUncheckedCreateWithoutProgramsInput,
         +     connectOrCreate: ProgramAreaCreateOrConnectWithoutProgramsInput,
         +     connect: ProgramAreaWhereUniqueInput
         +   }
           }
         })

Argument `programArea` is missing.
Error on programNid=221: 
Invalid `model.create()` invocation in
C:\Users\ryanr\Documents\dev\NOC-data-2025\index.js:35:17

  32 
  33 async function safeCreate(model, data, idLabel) {
  34   try {
→ 35     await model.create({
           data: {
             nid: 221,
             title: "Jazz Studies",
             duration: null,
             credential: "Diploma",
             programAreaNid: 6,
             viuSearchKeywords: null,
             nocSearchKeywords: [
               "Musical training"
             ],
             knownNocGroups: [],
         +   programArea: {
         +     create: ProgramAreaCreateWithoutProgramsInput | ProgramAreaUncheckedCreateWithoutProgramsInput,
         +     connectOrCreate: ProgramAreaCreateOrConnectWithoutProgramsInput,
         +     connect: ProgramAreaWhereUniqueInput
         +   }
           }
         })

Argument `programArea` is missing.
Error on programNid=183: 
Invalid `model.create()` invocation in
C:\Users\ryanr\Documents\dev\NOC-data-2025\index.js:35:17

  32 
  33 async function safeCreate(model, data, idLabel) {
  34   try {
→ 35     await model.create({
           data: {
             nid: 183,
             title: "Electrician",
             duration: null,
             credential: "Certificate",
             programAreaNid: 4,
             viuSearchKeywords: "electrician, plumbing, red seal, apprenticeship",
             nocSearchKeywords: [],
             knownNocGroups: [],
         +   programArea: {
         +     create: ProgramAreaCreateWithoutProgramsInput | ProgramAreaUncheckedCreateWithoutProgramsInput,
         +     connectOrCreate: ProgramAreaCreateOrConnectWithoutProgramsInput,
         +     connect: ProgramAreaWhereUniqueInput
         +   }
           }
         })

Argument `programArea` is missing.
Error on programNid=249: 
Invalid `model.create()` invocation in
C:\Users\ryanr\Documents\dev\NOC-data-2025\index.js:35:17

  32 
  33 async function safeCreate(model, data, idLabel) {
  34   try {
→ 35     await model.create({
           data: {
             nid: 249,
             title: "Theatre",
             duration: null,
             credential: "Diploma",
             programAreaNid: 6,
             viuSearchKeywords: "actor, actress, acting",
             nocSearchKeywords: [
               "Acting programs"
             ],
             knownNocGroups: [],
         +   programArea: {
         +     create: ProgramAreaCreateWithoutProgramsInput | ProgramAreaUncheckedCreateWithoutProgramsInput,
         +     connectOrCreate: ProgramAreaCreateOrConnectWithoutProgramsInput,
         +     connect: ProgramAreaWhereUniqueInput
         +   }
           }
         })

Argument `programArea` is missing.
Error on programNid=230: 
Invalid `model.create()` invocation in
C:\Users\ryanr\Documents\dev\NOC-data-2025\index.js:35:17

  32 
  33 async function safeCreate(model, data, idLabel) {
  34   try {
→ 35     await model.create({
           data: {
             nid: 230,
             title: "Marine and Motorcycle Mechanical Technician",
             duration: null,
             credential: "Certificate",
             programAreaNid: 4,
             viuSearchKeywords: null,
             nocSearchKeywords: [],
             knownNocGroups: [],
         +   programArea: {
         +     create: ProgramAreaCreateWithoutProgramsInput | ProgramAreaUncheckedCreateWithoutProgramsInput,
         +     connectOrCreate: ProgramAreaCreateOrConnectWithoutProgramsInput,
         +     connect: ProgramAreaWhereUniqueInput
         +   }
           }
         })

Argument `programArea` is missing.
Error on programNid=147: 
Invalid `model.create()` invocation in
C:\Users\ryanr\Documents\dev\NOC-data-2025\index.js:35:17

  32 
  33 async function safeCreate(model, data, idLabel) {
  34   try {
→ 35     await model.create({
           data: {
             nid: 147,
             title: "Automotive Service Technician",
             duration: null,
             credential: "Certificate",
             programAreaNid: 4,
             viuSearchKeywords: "apprenticeship, car, glass technician, mechanic, mechanics, red seal",
             nocSearchKeywords: [],
             knownNocGroups: [],
         +   programArea: {
         +     create: ProgramAreaCreateWithoutProgramsInput | ProgramAreaUncheckedCreateWithoutProgramsInput,
         +     connectOrCreate: ProgramAreaCreateOrConnectWithoutProgramsInput,
         +     connect: ProgramAreaWhereUniqueInput
         +   }
           }
         })

Argument `programArea` is missing.
Error on programNid=153: 
Invalid `model.create()` invocation in
C:\Users\ryanr\Documents\dev\NOC-data-2025\index.js:35:17

  32 
  33 async function safeCreate(model, data, idLabel) {
  34   try {
→ 35     await model.create({
           data: {
             nid: 153,
             title: "Aboriginal Construction",
             duration: null,
             credential: "Certificate",
             programAreaNid: 4,
             viuSearchKeywords: "First Nations, indigenous",
             nocSearchKeywords: [],
             knownNocGroups: [],
         +   programArea: {
         +     create: ProgramAreaCreateWithoutProgramsInput | ProgramAreaUncheckedCreateWithoutProgramsInput,
         +     connectOrCreate: ProgramAreaCreateOrConnectWithoutProgramsInput,
         +     connect: ProgramAreaWhereUniqueInput
         +   }
           }
         })

Argument `programArea` is missing.
Error on programNid=197: 
Invalid `model.create()` invocation in
C:\Users\ryanr\Documents\dev\NOC-data-2025\index.js:35:17

  32 
  33 async function safeCreate(model, data, idLabel) {
  34   try {
→ 35     await model.create({
           data: {
             nid: 197,
             title: "Criminology",
             duration: null,
             credential: "Diploma",
             programAreaNid: 3,
             viuSearchKeywords: "criminal justice, law enforcement, police",
             nocSearchKeywords: [
               "law and security"
             ],
             knownNocGroups: [],
         +   programArea: {
         +     create: ProgramAreaCreateWithoutProgramsInput | ProgramAreaUncheckedCreateWithoutProgramsInput,
         +     connectOrCreate: ProgramAreaCreateOrConnectWithoutProgramsInput,
         +     connect: ProgramAreaWhereUniqueInput
         +   }
           }
         })

Argument `programArea` is missing.
Error on programNid=253: 
Invalid `model.create()` invocation in
C:\Users\ryanr\Documents\dev\NOC-data-2025\index.js:35:17

  32 
  33 async function safeCreate(model, data, idLabel) {
  34   try {
→ 35     await model.create({
           data: {
             nid: 253,
             title: "Refrigeration Air-Conditioning Mechanic",
             duration: null,
             credential: "Certificate",
             programAreaNid: 4,
             viuSearchKeywords: "apprenticeship, plumbing, red seal",
             nocSearchKeywords: [],
             knownNocGroups: [],
         +   programArea: {
         +     create: ProgramAreaCreateWithoutProgramsInput | ProgramAreaUncheckedCreateWithoutProgramsInput,
         +     connectOrCreate: ProgramAreaCreateOrConnectWithoutProgramsInput,
         +     connect: ProgramAreaWhereUniqueInput
         +   }
           }
         })

Argument `programArea` is missing.
Error on programNid=203: 
Invalid `model.create()` invocation in
C:\Users\ryanr\Documents\dev\NOC-data-2025\index.js:35:17

  32 
  33 async function safeCreate(model, data, idLabel) {
  34   try {
→ 35     await model.create({
           data: {
             nid: 203,
             title: "Fisheries and Aquaculture Technology",
             duration: null,
             credential: "Diploma",
             programAreaNid: 9,
             viuSearchKeywords: null,
             nocSearchKeywords: [
               "aquaculture",
               "fisheries"
             ],
             knownNocGroups: [],
         +   programArea: {
         +     create: ProgramAreaCreateWithoutProgramsInput | ProgramAreaUncheckedCreateWithoutProgramsInput,
         +     connectOrCreate: ProgramAreaCreateOrConnectWithoutProgramsInput,
         +     connect: ProgramAreaWhereUniqueInput
         +   }
           }
         })

Argument `programArea` is missing.
Error on programNid=225: 
Invalid `model.create()` invocation in
C:\Users\ryanr\Documents\dev\NOC-data-2025\index.js:35:17

  32 
  33 async function safeCreate(model, data, idLabel) {
  34   try {
→ 35     await model.create({
           data: {
             nid: 225,
             title: "Mathematics (BSc)",
             duration: "Bachelor's",
             credential: "Degree",
             programAreaNid: 9,
             viuSearchKeywords: null,
             nocSearchKeywords: [
               "math",
               "mathematics"
             ],
             knownNocGroups: [],
         +   programArea: {
         +     create: ProgramAreaCreateWithoutProgramsInput | ProgramAreaUncheckedCreateWithoutProgramsInput,
         +     connectOrCreate: ProgramAreaCreateOrConnectWithoutProgramsInput,
         +     connect: ProgramAreaWhereUniqueInput
         +   }
           }
         })

Argument `programArea` is missing.
Error on programNid=243: 
Invalid `model.create()` invocation in
C:\Users\ryanr\Documents\dev\NOC-data-2025\index.js:35:17

  32 
  33 async function safeCreate(model, data, idLabel) {
  34   try {
→ 35     await model.create({
           data: {
             nid: 243,
             title: "Resource Management Officer Technology",
             duration: null,
             credential: "Diploma",
             programAreaNid: 9,
             viuSearchKeywords: "conservationist, environmental",
             nocSearchKeywords: [],
             knownNocGroups: [],
         +   programArea: {
         +     create: ProgramAreaCreateWithoutProgramsInput | ProgramAreaUncheckedCreateWithoutProgramsInput,
         +     connectOrCreate: ProgramAreaCreateOrConnectWithoutProgramsInput,
         +     connect: ProgramAreaWhereUniqueInput
         +   }
           }
         })

Argument `programArea` is missing.
Error on programNid=166: 
Invalid `model.create()` invocation in
C:\Users\ryanr\Documents\dev\NOC-data-2025\index.js:35:17

  32 
  33 async function safeCreate(model, data, idLabel) {
  34   try {
→ 35     await model.create({
           data: {
             nid: 166,
             title: "Computer Science (BSc)",
             duration: "Bachelor's",
             credential: "Degree",
             programAreaNid: 9,
             viuSearchKeywords: "analytics, artificial intelligence, computer engineering, computers, cyber, cybersecurity, data, information, information technology, security, software engineering",
             nocSearchKeywords: [
               "computer science",
               "analytics",
               "artificial intelligence",
               "software engineering"
             ],
             knownNocGroups: [],
         +   programArea: {
         +     create: ProgramAreaCreateWithoutProgramsInput | ProgramAreaUncheckedCreateWithoutProgramsInput,
         +     connectOrCreate: ProgramAreaCreateOrConnectWithoutProgramsInput,
         +     connect: ProgramAreaWhereUniqueInput
         +   }
           }
         })

Argument `programArea` is missing.
Error on programNid=173: 
Invalid `model.create()` invocation in
C:\Users\ryanr\Documents\dev\NOC-data-2025\index.js:35:17

  32 
  33 async function safeCreate(model, data, idLabel) {
  34   try {
→ 35     await model.create({
           data: {
             nid: 173,
             title: "Computer Science (BA)",
             duration: "Bachelor's",
             credential: "Degree",
             programAreaNid: 3,
             viuSearchKeywords: "analytics, artificial intelligence, computers, cyber, cybersecurity, data, information, information technology, security, software engineering",
             nocSearchKeywords: [
               "computer science",
               "analytics",
               "artificial intelligence",
               "software engineering"
             ],
             knownNocGroups: [],
         +   programArea: {
         +     create: ProgramAreaCreateWithoutProgramsInput | ProgramAreaUncheckedCreateWithoutProgramsInput,
         +     connectOrCreate: ProgramAreaCreateOrConnectWithoutProgramsInput,
         +     connect: ProgramAreaWhereUniqueInput
         +   }
           }
         })

Argument `programArea` is missing.
Error on programNid=223: 
Invalid `model.create()` invocation in
C:\Users\ryanr\Documents\dev\NOC-data-2025\index.js:35:17

  32 
  33 async function safeCreate(model, data, idLabel) {
  34   try {
→ 35     await model.create({
           data: {
             nid: 223,
             title: "Mathematics (BA)",
             duration: "Bachelor's",
             credential: "Degree",
             programAreaNid: 3,
             viuSearchKeywords: null,
             nocSearchKeywords: [],
             knownNocGroups: [],
         +   programArea: {
         +     create: ProgramAreaCreateWithoutProgramsInput | ProgramAreaUncheckedCreateWithoutProgramsInput,
         +     connectOrCreate: ProgramAreaCreateOrConnectWithoutProgramsInput,
         +     connect: ProgramAreaWhereUniqueInput
         +   }
           }
         })

Argument `programArea` is missing.
Error on programNid=236: 
Invalid `model.create()` invocation in
C:\Users\ryanr\Documents\dev\NOC-data-2025\index.js:35:17

  32 
  33 async function safeCreate(model, data, idLabel) {
  34   try {
→ 35     await model.create({
           data: {
             nid: 236,
             title: "Media Studies (BA)",
             duration: "Bachelor's",
             credential: "Degree",
             programAreaNid: 3,
             viuSearchKeywords: null,
             nocSearchKeywords: [],
             knownNocGroups: [],
         +   programArea: {
         +     create: ProgramAreaCreateWithoutProgramsInput | ProgramAreaUncheckedCreateWithoutProgramsInput,
         +     connectOrCreate: ProgramAreaCreateOrConnectWithoutProgramsInput,
         +     connect: ProgramAreaWhereUniqueInput
         +   }
           }
         })

Argument `programArea` is missing.
Error on programNid=162: 
Invalid `model.create()` invocation in
C:\Users\ryanr\Documents\dev\NOC-data-2025\index.js:35:17

  32 
  33 async function safeCreate(model, data, idLabel) {
  34   try {
→ 35     await model.create({
           data: {
             nid: 162,
             title: "Chemistry (BSc)",
             duration: "Bachelor's",
             credential: "Degree",
             programAreaNid: 9,
             viuSearchKeywords: "bachelor of medicine, biochemistry, chemical engineering, dentistry, environmental, food sciences, medical, medicine, nutritionist, pharmacist, pharmacology, pharmacy, pharmaceuticals",
             nocSearchKeywords: [
               "chemistry"
             ],
             knownNocGroups: [],
         +   programArea: {
         +     create: ProgramAreaCreateWithoutProgramsInput | ProgramAreaUncheckedCreateWithoutProgramsInput,
         +     connectOrCreate: ProgramAreaCreateOrConnectWithoutProgramsInput,
         +     connect: ProgramAreaWhereUniqueInput
         +   }
           }
         })

Argument `programArea` is missing.
Error on programNid=215: 
Invalid `model.create()` invocation in
C:\Users\ryanr\Documents\dev\NOC-data-2025\index.js:35:17

  32 
  33 async function safeCreate(model, data, idLabel) {
  34   try {
→ 35     await model.create({
           data: {
             nid: 215,
             title: "Forest Resources Technology",
             duration: null,
             credential: "Diploma",
             programAreaNid: 9,
             viuSearchKeywords: null,
             nocSearchKeywords: [],
             knownNocGroups: [],
         +   programArea: {
         +     create: ProgramAreaCreateWithoutProgramsInput | ProgramAreaUncheckedCreateWithoutProgramsInput,
         +     connectOrCreate: ProgramAreaCreateOrConnectWithoutProgramsInput,
         +     connect: ProgramAreaWhereUniqueInput
         +   }
           }
         })

Argument `programArea` is missing.
Error on programNid=228: 
Invalid `model.create()` invocation in
C:\Users\ryanr\Documents\dev\NOC-data-2025\index.js:35:17

  32 
  33 async function safeCreate(model, data, idLabel) {
  34   try {
→ 35     await model.create({
           data: {
             nid: 228,
             title: "Information Technology and Applied Systems – Systems Administration and Networking Diploma",
             duration: null,
             credential: "Diploma",
             programAreaNid: 4,
             viuSearchKeywords: "itas",
             nocSearchKeywords: [],
             knownNocGroups: [],
         +   programArea: {
         +     create: ProgramAreaCreateWithoutProgramsInput | ProgramAreaUncheckedCreateWithoutProgramsInput,
         +     connectOrCreate: ProgramAreaCreateOrConnectWithoutProgramsInput,
         +     connect: ProgramAreaWhereUniqueInput
         +   }
           }
         })

Argument `programArea` is missing.
Error on programNid=168: 
Invalid `model.create()` invocation in
C:\Users\ryanr\Documents\dev\NOC-data-2025\index.js:35:17

  32 
  33 async function safeCreate(model, data, idLabel) {
  34   try {
→ 35     await model.create({
           data: {
             nid: 168,
             title: "Computer Science",
             duration: null,
             credential: "Diploma",
             programAreaNid: 9,
             viuSearchKeywords: "analytics, artificial intelligence, computer engineering, computers, cyber, cybersecurity, data, information, information technology, security, software engineering",
             nocSearchKeywords: [
               "computer science",
               "analytics",
               "artificial intelligence",
               "software engineering"
             ],
             knownNocGroups: [],
         +   programArea: {
         +     create: ProgramAreaCreateWithoutProgramsInput | ProgramAreaUncheckedCreateWithoutProgramsInput,
         +     connectOrCreate: ProgramAreaCreateOrConnectWithoutProgramsInput,
         +     connect: ProgramAreaWhereUniqueInput
         +   }
           }
         })

Argument `programArea` is missing.
Error on programNid=247: 
Invalid `model.create()` invocation in
C:\Users\ryanr\Documents\dev\NOC-data-2025\index.js:35:17

  32 
  33 async function safeCreate(model, data, idLabel) {
  34   try {
→ 35     await model.create({
           data: {
             nid: 247,
             title: "Psychology (BSc)",
             duration: "Bachelor's",
             credential: "Degree",
             programAreaNid: 9,
             viuSearchKeywords: "counseling, counselling, psycology",
             nocSearchKeywords: [
               "psycology"
             ],
             knownNocGroups: [],
         +   programArea: {
         +     create: ProgramAreaCreateWithoutProgramsInput | ProgramAreaUncheckedCreateWithoutProgramsInput,
         +     connectOrCreate: ProgramAreaCreateOrConnectWithoutProgramsInput,
         +     connect: ProgramAreaWhereUniqueInput
         +   }
           }
         })

Argument `programArea` is missing.
Error on programNid=165: 
Invalid `model.create()` invocation in
C:\Users\ryanr\Documents\dev\NOC-data-2025\index.js:35:17

  32 
  33 async function safeCreate(model, data, idLabel) {
  34   try {
→ 35     await model.create({
           data: {
             nid: 165,
             title: "Biology (BSc)",
             duration: "Bachelor's",
             credential: "Degree",
             programAreaNid: 9,
             viuSearchKeywords: "bachelor of medicine, biotechnology, biotechnologist, botany, dentistry, ecology, environmental, food sciences, Marine, marine biologist, marine biology, medical, medicine, nutritionist, pharmacist, pharmacology, pharmacy, pharmaceuticals, phycology, vet, veterinary, veterinarian, vetinary, vetinarian, zoology",
             nocSearchKeywords: [],
             knownNocGroups: [],
         +   programArea: {
         +     create: ProgramAreaCreateWithoutProgramsInput | ProgramAreaUncheckedCreateWithoutProgramsInput,
         +     connectOrCreate: ProgramAreaCreateOrConnectWithoutProgramsInput,
         +     connect: ProgramAreaWhereUniqueInput
         +   }
           }
         })

Argument `programArea` is missing.
Error on programNid=178: 
Invalid `model.create()` invocation in
C:\Users\ryanr\Documents\dev\NOC-data-2025\index.js:35:17

  32 
  33 async function safeCreate(model, data, idLabel) {
  34   try {
→ 35     await model.create({
           data: {
             nid: 178,
             title: "Bachelor of Natural Resource Protection",
             duration: "Bachelor's",
             credential: "Degree",
             programAreaNid: 9,
             viuSearchKeywords: "environmental",
             nocSearchKeywords: [],
             knownNocGroups: [],
         +   programArea: {
         +     create: ProgramAreaCreateWithoutProgramsInput | ProgramAreaUncheckedCreateWithoutProgramsInput,
         +     connectOrCreate: ProgramAreaCreateOrConnectWithoutProgramsInput,
         +     connect: ProgramAreaWhereUniqueInput
         +   }
           }
         })

Argument `programArea` is missing.
Error on programNid=163: 
Invalid `model.create()` invocation in
C:\Users\ryanr\Documents\dev\NOC-data-2025\index.js:35:17

  32 
  33 async function safeCreate(model, data, idLabel) {
  34   try {
→ 35     await model.create({
           data: {
             nid: 163,
             title: "Bachelor of Science in Fisheries and Aquaculture",
             duration: "Bachelor's",
             credential: "Degree",
             programAreaNid: 9,
             viuSearchKeywords: null,
             nocSearchKeywords: [
               "fisheries",
               "aquaculture",
               "fishing"
             ],
             knownNocGroups: [],
         +   programArea: {
         +     create: ProgramAreaCreateWithoutProgramsInput | ProgramAreaUncheckedCreateWithoutProgramsInput,
         +     connectOrCreate: ProgramAreaCreateOrConnectWithoutProgramsInput,
         +     connect: ProgramAreaWhereUniqueInput
         +   }
           }
         })

Argument `programArea` is missing.
Error on programNid=211: 
Invalid `model.create()` invocation in
C:\Users\ryanr\Documents\dev\NOC-data-2025\index.js:35:17

  32 
  33 async function safeCreate(model, data, idLabel) {
  34   try {
→ 35     await model.create({
           data: {
             nid: 211,
             title: "Geoscience (BSc)",
             duration: "Bachelor's",
             credential: "Degree",
             programAreaNid: 9,
             viuSearchKeywords: null,
             nocSearchKeywords: [
               "geoscience",
               "geology"
             ],
             knownNocGroups: [],
         +   programArea: {
         +     create: ProgramAreaCreateWithoutProgramsInput | ProgramAreaUncheckedCreateWithoutProgramsInput,
         +     connectOrCreate: ProgramAreaCreateOrConnectWithoutProgramsInput,
         +     connect: ProgramAreaWhereUniqueInput
         +   }
           }
         })

Argument `programArea` is missing.
Error on programNid=209: 
Invalid `model.create()` invocation in
C:\Users\ryanr\Documents\dev\NOC-data-2025\index.js:35:17

  32 
  33 async function safeCreate(model, data, idLabel) {
  34   try {
→ 35     await model.create({
           data: {
             nid: 209,
             title: "Geography (BSc)",
             duration: "Bachelor's",
             credential: "Degree",
             programAreaNid: 9,
             viuSearchKeywords: "civil engineering, urban planning",
             nocSearchKeywords: [
               "geographic",
               "geography"
             ],
             knownNocGroups: [],
         +   programArea: {
         +     create: ProgramAreaCreateWithoutProgramsInput | ProgramAreaUncheckedCreateWithoutProgramsInput,
         +     connectOrCreate: ProgramAreaCreateOrConnectWithoutProgramsInput,
         +     connect: ProgramAreaWhereUniqueInput
         +   }
           }
         })

Argument `programArea` is missing.
Error on programNid=164: 
Invalid `model.create()` invocation in
C:\Users\ryanr\Documents\dev\NOC-data-2025\index.js:35:17

  32 
  33 async function safeCreate(model, data, idLabel) {
  34   try {
→ 35     await model.create({
           data: {
             nid: 164,
             title: "Bachelor of Science (BSc), Honours, Majors, Minors, and Transfer",
             duration: "Bachelor's",
             credential: "Degree",
             programAreaNid: 9,
             viuSearchKeywords: "environmental, medical, medicine, pharmaceuticals, pharmacology, pharmacy, science, bach, bachelor of science, bachelor",
             nocSearchKeywords: [],
             knownNocGroups: [],
         +   programArea: {
         +     create: ProgramAreaCreateWithoutProgramsInput | ProgramAreaUncheckedCreateWithoutProgramsInput,
         +     connectOrCreate: ProgramAreaCreateOrConnectWithoutProgramsInput,
         +     connect: ProgramAreaWhereUniqueInput
         +   }
           }
         })

Argument `programArea` is missing.
Error on programNid=171: 
Invalid `model.create()` invocation in
C:\Users\ryanr\Documents\dev\NOC-data-2025\index.js:35:17

  32 
  33 async function safeCreate(model, data, idLabel) {
  34   try {
→ 35     await model.create({
           data: {
             nid: 171,
             title: "Chemistry (BA)",
             duration: "Bachelor's",
             credential: "Degree",
             programAreaNid: 3,
             viuSearchKeywords: "biochemistry, environmental, food sciences, medical, medicine, nutritionist, pharmacist, pharmacology, pharmacy, pharmaceuticals",
             nocSearchKeywords: [],
             knownNocGroups: [],
         +   programArea: {
         +     create: ProgramAreaCreateWithoutProgramsInput | ProgramAreaUncheckedCreateWithoutProgramsInput,
         +     connectOrCreate: ProgramAreaCreateOrConnectWithoutProgramsInput,
         +     connect: ProgramAreaWhereUniqueInput
         +   }
           }
         })

Argument `programArea` is missing.
Error on programNid=182: 
Invalid `model.create()` invocation in
C:\Users\ryanr\Documents\dev\NOC-data-2025\index.js:35:17

  32 
  33 async function safeCreate(model, data, idLabel) {
  34   try {
→ 35     await model.create({
           data: {
             nid: 182,
             title: "Earth Science (BSc)",
             duration: "Bachelor's",
             credential: "Degree",
             programAreaNid: 9,
             viuSearchKeywords: null,
             nocSearchKeywords: [
               "earth science",
               "geology",
               "oceanography",
               "meterology"
             ],
             knownNocGroups: [],
         +   programArea: {
         +     create: ProgramAreaCreateWithoutProgramsInput | ProgramAreaUncheckedCreateWithoutProgramsInput,
         +     connectOrCreate: ProgramAreaCreateOrConnectWithoutProgramsInput,
         +     connect: ProgramAreaWhereUniqueInput
         +   }
           }
         })

Argument `programArea` is missing.
Error on programNid=176: 
Invalid `model.create()` invocation in
C:\Users\ryanr\Documents\dev\NOC-data-2025\index.js:35:17

  32 
  33 async function safeCreate(model, data, idLabel) {
  34   try {
→ 35     await model.create({
           data: {
             nid: 176,
             title: "Business (BA)",
             duration: "Bachelor's",
             credential: "Degree",
             programAreaNid: 3,
             viuSearchKeywords: "analytics, buisness, commerce",
             nocSearchKeywords: [],
             knownNocGroups: [],
         +   programArea: {
         +     create: ProgramAreaCreateWithoutProgramsInput | ProgramAreaUncheckedCreateWithoutProgramsInput,
         +     connectOrCreate: ProgramAreaCreateOrConnectWithoutProgramsInput,
         +     connect: ProgramAreaWhereUniqueInput
         +   }
           }
         })

Argument `programArea` is missing.
Error on programNid=181: 
Invalid `model.create()` invocation in
C:\Users\ryanr\Documents\dev\NOC-data-2025\index.js:35:17

  32 
  33 async function safeCreate(model, data, idLabel) {
  34   try {
→ 35     await model.create({
           data: {
             nid: 181,
             title: "Early Childhood Education and Care",
             duration: null,
             credential: "Diploma",
             programAreaNid: 13,
             viuSearchKeywords: null,
             nocSearchKeywords: [],
             knownNocGroups: [],
         +   programArea: {
         +     create: ProgramAreaCreateWithoutProgramsInput | ProgramAreaUncheckedCreateWithoutProgramsInput,
         +     connectOrCreate: ProgramAreaCreateOrConnectWithoutProgramsInput,
         +     connect: ProgramAreaWhereUniqueInput
         +   }
           }
         })

Argument `programArea` is missing.
Error on programNid=187: 
Invalid `model.create()` invocation in
C:\Users\ryanr\Documents\dev\NOC-data-2025\index.js:35:17

  32 
  33 async function safeCreate(model, data, idLabel) {
  34   try {
→ 35     await model.create({
           data: {
             nid: 187,
             title: "English (BA)",
             duration: "Bachelor's",
             credential: "Degree",
             programAreaNid: 3,
             viuSearchKeywords: "english, en",
             nocSearchKeywords: [],
             knownNocGroups: [],
         +   programArea: {
         +     create: ProgramAreaCreateWithoutProgramsInput | ProgramAreaUncheckedCreateWithoutProgramsInput,
         +     connectOrCreate: ProgramAreaCreateOrConnectWithoutProgramsInput,
         +     connect: ProgramAreaWhereUniqueInput
         +   }
           }
         })

Argument `programArea` is missing.
Error on programNid=254: 
Invalid `model.create()` invocation in
C:\Users\ryanr\Documents\dev\NOC-data-2025\index.js:35:17

  32 
  33 async function safeCreate(model, data, idLabel) {
  34   try {
→ 35     await model.create({
           data: {
             nid: 254,
             title: "Social Services",
             duration: null,
             credential: "Diploma",
             programAreaNid: 13,
             viuSearchKeywords: null,
             nocSearchKeywords: [],
             knownNocGroups: [],
         +   programArea: {
         +     create: ProgramAreaCreateWithoutProgramsInput | ProgramAreaUncheckedCreateWithoutProgramsInput,
         +     connectOrCreate: ProgramAreaCreateOrConnectWithoutProgramsInput,
         +     connect: ProgramAreaWhereUniqueInput
         +   }
           }
         })

Argument `programArea` is missing.
Error on programNid=140: 
Invalid `model.create()` invocation in
C:\Users\ryanr\Documents\dev\NOC-data-2025\index.js:35:17

  32 
  33 async function safeCreate(model, data, idLabel) {
  34   try {
→ 35     await model.create({
           data: {
             nid: 140,
             title: "Anthropology (BA)",
             duration: "Bachelor's",
             credential: "Degree",
             programAreaNid: 3,
             viuSearchKeywords: null,
             nocSearchKeywords: [],
             knownNocGroups: [],
         +   programArea: {
         +     create: ProgramAreaCreateWithoutProgramsInput | ProgramAreaUncheckedCreateWithoutProgramsInput,
         +     connectOrCreate: ProgramAreaCreateOrConnectWithoutProgramsInput,
         +     connect: ProgramAreaWhereUniqueInput
         +   }
           }
         })

Argument `programArea` is missing.
Error on programNid=258: 
Invalid `model.create()` invocation in
C:\Users\ryanr\Documents\dev\NOC-data-2025\index.js:35:17

  32 
  33 async function safeCreate(model, data, idLabel) {
  34   try {
→ 35     await model.create({
           data: {
             nid: 258,
             title: "Psychology (BA)",
             duration: "Bachelor's",
             credential: "Degree",
             programAreaNid: 3,
             viuSearchKeywords: "counseling, counselling, psycology",
             nocSearchKeywords: [],
             knownNocGroups: [],
         +   programArea: {
         +     create: ProgramAreaCreateWithoutProgramsInput | ProgramAreaUncheckedCreateWithoutProgramsInput,
         +     connectOrCreate: ProgramAreaCreateOrConnectWithoutProgramsInput,
         +     connect: ProgramAreaWhereUniqueInput
         +   }
           }
         })

Argument `programArea` is missing.
Error on programNid=195: 
Invalid `model.create()` invocation in
C:\Users\ryanr\Documents\dev\NOC-data-2025\index.js:35:17

  32 
  33 async function safeCreate(model, data, idLabel) {
  34   try {
→ 35     await model.create({
           data: {
             nid: 195,
             title: "Creative Writing and Journalism (BA)",
             duration: "Bachelor's",
             credential: "Degree",
             programAreaNid: 3,
             viuSearchKeywords: "communications",
             nocSearchKeywords: [],
             knownNocGroups: [],
         +   programArea: {
         +     create: ProgramAreaCreateWithoutProgramsInput | ProgramAreaUncheckedCreateWithoutProgramsInput,
         +     connectOrCreate: ProgramAreaCreateOrConnectWithoutProgramsInput,
         +     connect: ProgramAreaWhereUniqueInput
         +   }
           }
         })

Argument `programArea` is missing.
Error on programNid=188: 
Invalid `model.create()` invocation in
C:\Users\ryanr\Documents\dev\NOC-data-2025\index.js:35:17

  32 
  33 async function safeCreate(model, data, idLabel) {
  34   try {
→ 35     await model.create({
           data: {
             nid: 188,
             title: "Digital Media Studies (BA)",
             duration: "Bachelor's",
             credential: "Degree",
             programAreaNid: 3,
             viuSearchKeywords: null,
             nocSearchKeywords: [],
             knownNocGroups: [],
         +   programArea: {
         +     create: ProgramAreaCreateWithoutProgramsInput | ProgramAreaUncheckedCreateWithoutProgramsInput,
         +     connectOrCreate: ProgramAreaCreateOrConnectWithoutProgramsInput,
         +     connect: ProgramAreaWhereUniqueInput
         +   }
           }
         })

Argument `programArea` is missing.
Error on programNid=185: 
Invalid `model.create()` invocation in
C:\Users\ryanr\Documents\dev\NOC-data-2025\index.js:35:17

  32 
  33 async function safeCreate(model, data, idLabel) {
  34   try {
→ 35     await model.create({
           data: {
             nid: 185,
             title: "Criminology (BA)",
             duration: "Bachelor's",
             credential: "Degree",
             programAreaNid: 3,
             viuSearchKeywords: "criminal justice, law enforcement, police",
             nocSearchKeywords: [],
             knownNocGroups: [],
         +   programArea: {
         +     create: ProgramAreaCreateWithoutProgramsInput | ProgramAreaUncheckedCreateWithoutProgramsInput,
         +     connectOrCreate: ProgramAreaCreateOrConnectWithoutProgramsInput,
         +     connect: ProgramAreaWhereUniqueInput
         +   }
           }
         })

Argument `programArea` is missing.
Error on programNid=199: 
Invalid `model.create()` invocation in
C:\Users\ryanr\Documents\dev\NOC-data-2025\index.js:35:17

  32 
  33 async function safeCreate(model, data, idLabel) {
  34   try {
→ 35     await model.create({
           data: {
             nid: 199,
             title: "Global Studies (BA)",
             duration: "Bachelor's",
             credential: "Degree",
             programAreaNid: 3,
             viuSearchKeywords: "climate change, international relations, sustainable, sustainability",
             nocSearchKeywords: [],
             knownNocGroups: [],
         +   programArea: {
         +     create: ProgramAreaCreateWithoutProgramsInput | ProgramAreaUncheckedCreateWithoutProgramsInput,
         +     connectOrCreate: ProgramAreaCreateOrConnectWithoutProgramsInput,
         +     connect: ProgramAreaWhereUniqueInput
         +   }
           }
         })

Argument `programArea` is missing.
Error on programNid=214: 
Invalid `model.create()` invocation in
C:\Users\ryanr\Documents\dev\NOC-data-2025\index.js:35:17

  32 
  33 async function safeCreate(model, data, idLabel) {
  34   try {
→ 35     await model.create({
           data: {
             nid: 214,
             title: "Geography (BA)",
             duration: "Bachelor's",
             credential: "Degree",
             programAreaNid: 3,
             viuSearchKeywords: "urban planning",
             nocSearchKeywords: [],
             knownNocGroups: [],
         +   programArea: {
         +     create: ProgramAreaCreateWithoutProgramsInput | ProgramAreaUncheckedCreateWithoutProgramsInput,
         +     connectOrCreate: ProgramAreaCreateOrConnectWithoutProgramsInput,
         +     connect: ProgramAreaWhereUniqueInput
         +   }
           }
         })

Argument `programArea` is missing.
Error on programNid=186: 
Invalid `model.create()` invocation in
C:\Users\ryanr\Documents\dev\NOC-data-2025\index.js:35:17

  32 
  33 async function safeCreate(model, data, idLabel) {
  34   try {
→ 35     await model.create({
           data: {
             nid: 186,
             title: "Economics (BA)",
             duration: "Bachelor's",
             credential: "Degree",
             programAreaNid: 3,
             viuSearchKeywords: null,
             nocSearchKeywords: [],
             knownNocGroups: [],
         +   programArea: {
         +     create: ProgramAreaCreateWithoutProgramsInput | ProgramAreaUncheckedCreateWithoutProgramsInput,
         +     connectOrCreate: ProgramAreaCreateOrConnectWithoutProgramsInput,
         +     connect: ProgramAreaWhereUniqueInput
         +   }
           }
         })

Argument `programArea` is missing.
Error on programNid=213: 
Invalid `model.create()` invocation in
C:\Users\ryanr\Documents\dev\NOC-data-2025\index.js:35:17

  32 
  33 async function safeCreate(model, data, idLabel) {
  34   try {
→ 35     await model.create({
           data: {
             nid: 213,
             title: "History (BA)",
             duration: "Bachelor's",
             credential: "Degree",
             programAreaNid: 3,
             viuSearchKeywords: null,
             nocSearchKeywords: [],
             knownNocGroups: [],
         +   programArea: {
         +     create: ProgramAreaCreateWithoutProgramsInput | ProgramAreaUncheckedCreateWithoutProgramsInput,
         +     connectOrCreate: ProgramAreaCreateOrConnectWithoutProgramsInput,
         +     connect: ProgramAreaWhereUniqueInput
         +   }
           }
         })

Argument `programArea` is missing.
Error on programNid=220: 
Invalid `model.create()` invocation in
C:\Users\ryanr\Documents\dev\NOC-data-2025\index.js:35:17

  32 
  33 async function safeCreate(model, data, idLabel) {
  34   try {
→ 35     await model.create({
           data: {
             nid: 220,
             title: "Liberal Studies (BA)",
             duration: "Bachelor's",
             credential: "Degree",
             programAreaNid: 3,
             viuSearchKeywords: null,
             nocSearchKeywords: [],
             knownNocGroups: [],
         +   programArea: {
         +     create: ProgramAreaCreateWithoutProgramsInput | ProgramAreaUncheckedCreateWithoutProgramsInput,
         +     connectOrCreate: ProgramAreaCreateOrConnectWithoutProgramsInput,
         +     connect: ProgramAreaWhereUniqueInput
         +   }
           }
         })

Argument `programArea` is missing.
Error on programNid=229: 
Invalid `model.create()` invocation in
C:\Users\ryanr\Documents\dev\NOC-data-2025\index.js:35:17

  32 
  33 async function safeCreate(model, data, idLabel) {
  34   try {
→ 35     await model.create({
           data: {
             nid: 229,
             title: "Political Studies (BA)",
             duration: "Bachelor's",
             credential: "Degree",
             programAreaNid: 3,
             viuSearchKeywords: "international relations, political science",
             nocSearchKeywords: [],
             knownNocGroups: [],
         +   programArea: {
         +     create: ProgramAreaCreateWithoutProgramsInput | ProgramAreaUncheckedCreateWithoutProgramsInput,
         +     connectOrCreate: ProgramAreaCreateOrConnectWithoutProgramsInput,
         +     connect: ProgramAreaWhereUniqueInput
         +   }
           }
         })

Argument `programArea` is missing.
Error on programNid=233: 
Invalid `model.create()` invocation in
C:\Users\ryanr\Documents\dev\NOC-data-2025\index.js:35:17

  32 
  33 async function safeCreate(model, data, idLabel) {
  34   try {
→ 35     await model.create({
           data: {
             nid: 233,
             title: "Kinesiology (BA)",
             duration: "Bachelor's",
             credential: "Degree",
             programAreaNid: 11,
             viuSearchKeywords: "athletics, biomechanics, kinesiology, medical terminology, nutrition, occupational therapy, personal trainer, physiotherapy",
             nocSearchKeywords: [],
             knownNocGroups: [],
         +   programArea: {
         +     create: ProgramAreaCreateWithoutProgramsInput | ProgramAreaUncheckedCreateWithoutProgramsInput,
         +     connectOrCreate: ProgramAreaCreateOrConnectWithoutProgramsInput,
         +     connect: ProgramAreaWhereUniqueInput
         +   }
           }
         })

Argument `programArea` is missing.
Error on programNid=246: 
Invalid `model.create()` invocation in
C:\Users\ryanr\Documents\dev\NOC-data-2025\index.js:35:17

  32 
  33 async function safeCreate(model, data, idLabel) {
  34   try {
→ 35     await model.create({
           data: {
             nid: 246,
             title: "Studies in Women and Gender (BA)",
             duration: "Bachelor's",
             credential: "Degree",
             programAreaNid: 3,
             viuSearchKeywords: null,
             nocSearchKeywords: [],
             knownNocGroups: [],
         +   programArea: {
         +     create: ProgramAreaCreateWithoutProgramsInput | ProgramAreaUncheckedCreateWithoutProgramsInput,
         +     connectOrCreate: ProgramAreaCreateOrConnectWithoutProgramsInput,
         +     connect: ProgramAreaWhereUniqueInput
         +   }
           }
         })

Argument `programArea` is missing.
Error on programNid=226: 
Invalid `model.create()` invocation in
C:\Users\ryanr\Documents\dev\NOC-data-2025\index.js:35:17

  32 
  33 async function safeCreate(model, data, idLabel) {
  34   try {
→ 35     await model.create({
           data: {
             nid: 226,
             title: "Philosophy (BA)",
             duration: "Bachelor's",
             credential: "Degree",
             programAreaNid: 3,
             viuSearchKeywords: null,
             nocSearchKeywords: [],
             knownNocGroups: [],
         +   programArea: {
         +     create: ProgramAreaCreateWithoutProgramsInput | ProgramAreaUncheckedCreateWithoutProgramsInput,
         +     connectOrCreate: ProgramAreaCreateOrConnectWithoutProgramsInput,
         +     connect: ProgramAreaWhereUniqueInput
         +   }
           }
         })

Argument `programArea` is missing.
Error on programNid=160: 
Invalid `model.create()` invocation in
C:\Users\ryanr\Documents\dev\NOC-data-2025\index.js:35:17

  32 
  33 async function safeCreate(model, data, idLabel) {
  34   try {
→ 35     await model.create({
           data: {
             nid: 160,
             title: "Biology (BA)",
             duration: "Bachelor's",
             credential: "Degree",
             programAreaNid: 3,
             viuSearchKeywords: "botany, ecology, environmental, food sciences, Marine, marine biologist, environment, marine biology, nutritionist, phycology, vet, veterinary, veterinarian, vetinary, vetinarian, zoology",
             nocSearchKeywords: [],
             knownNocGroups: [],
         +   programArea: {
         +     create: ProgramAreaCreateWithoutProgramsInput | ProgramAreaUncheckedCreateWithoutProgramsInput,
         +     connectOrCreate: ProgramAreaCreateOrConnectWithoutProgramsInput,
         +     connect: ProgramAreaWhereUniqueInput
         +   }
           }
         })

Argument `programArea` is missing.
Error on programNid=250: 
Invalid `model.create()` invocation in
C:\Users\ryanr\Documents\dev\NOC-data-2025\index.js:35:17

  32 
  33 async function safeCreate(model, data, idLabel) {
  34   try {
→ 35     await model.create({
           data: {
             nid: 250,
             title: "Sociology (BA)",
             duration: "Bachelor's",
             credential: "Degree",
             programAreaNid: 3,
             viuSearchKeywords: null,
             nocSearchKeywords: [],
             knownNocGroups: [],
         +   programArea: {
         +     create: ProgramAreaCreateWithoutProgramsInput | ProgramAreaUncheckedCreateWithoutProgramsInput,
         +     connectOrCreate: ProgramAreaCreateOrConnectWithoutProgramsInput,
         +     connect: ProgramAreaWhereUniqueInput
         +   }
           }
         })

Argument `programArea` is missing.
Error on programNid=172: 
Invalid `model.create()` invocation in
C:\Users\ryanr\Documents\dev\NOC-data-2025\index.js:35:17

  32 
  33 async function safeCreate(model, data, idLabel) {
  34   try {
→ 35     await model.create({
           data: {
             nid: 172,
             title: "Child and Youth Care Diploma",
             duration: null,
             credential: "Diploma",
             programAreaNid: 13,
             viuSearchKeywords: null,
             nocSearchKeywords: [],
             knownNocGroups: [],
         +   programArea: {
         +     create: ProgramAreaCreateWithoutProgramsInput | ProgramAreaUncheckedCreateWithoutProgramsInput,
         +     connectOrCreate: ProgramAreaCreateOrConnectWithoutProgramsInput,
         +     connect: ProgramAreaWhereUniqueInput
         +   }
           }
         })

Argument `programArea` is missing.
Error on programNid=150: 
Invalid `model.create()` invocation in
C:\Users\ryanr\Documents\dev\NOC-data-2025\index.js:35:17

  32 
  33 async function safeCreate(model, data, idLabel) {
  34   try {
→ 35     await model.create({
           data: {
             nid: 150,
             title: "Child and Youth Care (BA)",
             duration: "Bachelor's",
             credential: "Degree",
             programAreaNid: 13,
             viuSearchKeywords: null,
             nocSearchKeywords: [],
             knownNocGroups: [],
         +   programArea: {
         +     create: ProgramAreaCreateWithoutProgramsInput | ProgramAreaUncheckedCreateWithoutProgramsInput,
         +     connectOrCreate: ProgramAreaCreateOrConnectWithoutProgramsInput,
         +     connect: ProgramAreaWhereUniqueInput
         +   }
           }
         })

Argument `programArea` is missing.
Error on programNid=169: 
Invalid `model.create()` invocation in
C:\Users\ryanr\Documents\dev\NOC-data-2025\index.js:35:17

  32 
  33 async function safeCreate(model, data, idLabel) {
  34   try {
→ 35     await model.create({
           data: {
             nid: 169,
             title: "Certificate in Business Management",
             duration: null,
             credential: "Certificate",
             programAreaNid: 2,
             viuSearchKeywords: "analytics, commerce",
             nocSearchKeywords: [],
             knownNocGroups: [],
         +   programArea: {
         +     create: ProgramAreaCreateWithoutProgramsInput | ProgramAreaUncheckedCreateWithoutProgramsInput,
         +     connectOrCreate: ProgramAreaCreateOrConnectWithoutProgramsInput,
         +     connect: ProgramAreaWhereUniqueInput
         +   }
           }
         })

Argument `programArea` is missing.
Error on programNid=158: 
Invalid `model.create()` invocation in
C:\Users\ryanr\Documents\dev\NOC-data-2025\index.js:35:17

  32 
  33 async function safeCreate(model, data, idLabel) {
  34   try {
→ 35     await model.create({
           data: {
             nid: 158,
             title: "Aboriginal University Bridging",
             duration: null,
             credential: "Certificate",
             programAreaNid: 7,
             viuSearchKeywords: "First Nations, indigenous",
             nocSearchKeywords: [],
             knownNocGroups: [],
         +   programArea: {
         +     create: ProgramAreaCreateWithoutProgramsInput | ProgramAreaUncheckedCreateWithoutProgramsInput,
         +     connectOrCreate: ProgramAreaCreateOrConnectWithoutProgramsInput,
         +     connect: ProgramAreaWhereUniqueInput
         +   }
           }
         })

Argument `programArea` is missing.
Error on programNid=193: 
Invalid `model.create()` invocation in
C:\Users\ryanr\Documents\dev\NOC-data-2025\index.js:35:17

  32 
  33 async function safeCreate(model, data, idLabel) {
  34   try {
→ 35     await model.create({
           data: {
             nid: 193,
             title: "Event Management Certificate",
             duration: null,
             credential: "Certificate",
             programAreaNid: 1,
             viuSearchKeywords: "Continuing Education, Continuing Studies",
             nocSearchKeywords: [],
             knownNocGroups: [],
         +   programArea: {
         +     create: ProgramAreaCreateWithoutProgramsInput | ProgramAreaUncheckedCreateWithoutProgramsInput,
         +     connectOrCreate: ProgramAreaCreateOrConnectWithoutProgramsInput,
         +     connect: ProgramAreaWhereUniqueInput
         +   }
           }
         })

Argument `programArea` is missing.
Error on programNid=259: 
Invalid `model.create()` invocation in
C:\Users\ryanr\Documents\dev\NOC-data-2025\index.js:35:17

  32 
  33 async function safeCreate(model, data, idLabel) {
  34   try {
→ 35     await model.create({
           data: {
             nid: 259,
             title: "Practical Nursing",
             duration: null,
             credential: "Diploma",
             programAreaNid: 10,
             viuSearchKeywords: "lpn, public health",
             nocSearchKeywords: [],
             knownNocGroups: [],
         +   programArea: {
         +     create: ProgramAreaCreateWithoutProgramsInput | ProgramAreaUncheckedCreateWithoutProgramsInput,
         +     connectOrCreate: ProgramAreaCreateOrConnectWithoutProgramsInput,
         +     connect: ProgramAreaWhereUniqueInput
         +   }
           }
         })

Argument `programArea` is missing.
Error on programNid=255: 
Invalid `model.create()` invocation in
C:\Users\ryanr\Documents\dev\NOC-data-2025\index.js:35:17

  32 
  33 async function safeCreate(model, data, idLabel) {
  34   try {
→ 35     await model.create({
           data: {
             nid: 255,
             title: "Wine Business",
             duration: null,
             credential: "Certificate",
             programAreaNid: 1,
             viuSearchKeywords: "agriculture, agricultural",
             nocSearchKeywords: [],
             knownNocGroups: [],
         +   programArea: {
         +     create: ProgramAreaCreateWithoutProgramsInput | ProgramAreaUncheckedCreateWithoutProgramsInput,
         +     connectOrCreate: ProgramAreaCreateOrConnectWithoutProgramsInput,
         +     connect: ProgramAreaWhereUniqueInput
         +   }
           }
         })

Argument `programArea` is missing.
Error on programNid=155: 
Invalid `model.create()` invocation in
C:\Users\ryanr\Documents\dev\NOC-data-2025\index.js:35:17

  32 
  33 async function safeCreate(model, data, idLabel) {
  34   try {
→ 35     await model.create({
           data: {
             nid: 155,
             title: "Arts One - First Nations",
             duration: null,
             credential: "Certificate",
             programAreaNid: 5,
             viuSearchKeywords: "Aboriginal, indigenous",
             nocSearchKeywords: [],
             knownNocGroups: [],
         +   programArea: {
         +     create: ProgramAreaCreateWithoutProgramsInput | ProgramAreaUncheckedCreateWithoutProgramsInput,
         +     connectOrCreate: ProgramAreaCreateOrConnectWithoutProgramsInput,
         +     connect: ProgramAreaWhereUniqueInput
         +   }
           }
         })

Argument `programArea` is missing.
Error on programNid=159: 
Invalid `model.create()` invocation in
C:\Users\ryanr\Documents\dev\NOC-data-2025\index.js:35:17

  32 
  33 async function safeCreate(model, data, idLabel) {
  34   try {
→ 35     await model.create({
           data: {
             nid: 159,
             title: "Bachelor of Social Work",
             duration: "Bachelor's",
             credential: "Degree",
             programAreaNid: 13,
             viuSearchKeywords: "counseling, counselling",
             nocSearchKeywords: [],
             knownNocGroups: [],
         +   programArea: {
         +     create: ProgramAreaCreateWithoutProgramsInput | ProgramAreaUncheckedCreateWithoutProgramsInput,
         +     connectOrCreate: ProgramAreaCreateOrConnectWithoutProgramsInput,
         +     connect: ProgramAreaWhereUniqueInput
         +   }
           }
         })

Argument `programArea` is missing.
Error on programNid=227: 
Invalid `model.create()` invocation in
C:\Users\ryanr\Documents\dev\NOC-data-2025\index.js:35:17

  32 
  33 async function safeCreate(model, data, idLabel) {
  34   try {
→ 35     await model.create({
           data: {
             nid: 227,
             title: "Management Skills for Supervisors",
             duration: null,
             credential: "Certificate",
             programAreaNid: 2,
             viuSearchKeywords: "Continuing Education, Continuing Studies",
             nocSearchKeywords: [],
             knownNocGroups: [],
         +   programArea: {
         +     create: ProgramAreaCreateWithoutProgramsInput | ProgramAreaUncheckedCreateWithoutProgramsInput,
         +     connectOrCreate: ProgramAreaCreateOrConnectWithoutProgramsInput,
         +     connect: ProgramAreaWhereUniqueInput
         +   }
           }
         })

Argument `programArea` is missing.
Error on programNid=238: 
Invalid `model.create()` invocation in
C:\Users\ryanr\Documents\dev\NOC-data-2025\index.js:35:17

  32 
  33 async function safeCreate(model, data, idLabel) {
  34   try {
→ 35     await model.create({
           data: {
             nid: 238,
             title: "Master of Education in Educational Leadership",
             duration: "Master's",
             credential: "Degree",
             programAreaNid: 11,
             viuSearchKeywords: null,
             nocSearchKeywords: [],
             knownNocGroups: [],
         +   programArea: {
         +     create: ProgramAreaCreateWithoutProgramsInput | ProgramAreaUncheckedCreateWithoutProgramsInput,
         +     connectOrCreate: ProgramAreaCreateOrConnectWithoutProgramsInput,
         +     connect: ProgramAreaWhereUniqueInput
         +   }
           }
         })

Argument `programArea` is missing.
Error on programNid=157: 
Invalid `model.create()` invocation in
C:\Users\ryanr\Documents\dev\NOC-data-2025\index.js:35:17

  32 
  33 async function safeCreate(model, data, idLabel) {
  34   try {
→ 35     await model.create({
           data: {
             nid: 157,
             title: "Bachelor of Education",
             duration: "Bachelor's",
             credential: "Degree",
             programAreaNid: 11,
             viuSearchKeywords: "teacher, education",
             nocSearchKeywords: [],
             knownNocGroups: [],
         +   programArea: {
         +     create: ProgramAreaCreateWithoutProgramsInput | ProgramAreaUncheckedCreateWithoutProgramsInput,
         +     connectOrCreate: ProgramAreaCreateOrConnectWithoutProgramsInput,
         +     connect: ProgramAreaWhereUniqueInput
         +   }
           }
         })

Argument `programArea` is missing.
Error on programNid=151: 
Invalid `model.create()` invocation in
C:\Users\ryanr\Documents\dev\NOC-data-2025\index.js:35:17

  32 
  33 async function safeCreate(model, data, idLabel) {
  34   try {
→ 35     await model.create({
           data: {
             nid: 151,
             title: "Bachelor of Education - Post Baccalaureate",
             duration: "Bachelor's",
             credential: "Degree",
             programAreaNid: 11,
             viuSearchKeywords: "education, teacher",
             nocSearchKeywords: [],
             knownNocGroups: [],
         +   programArea: {
         +     create: ProgramAreaCreateWithoutProgramsInput | ProgramAreaUncheckedCreateWithoutProgramsInput,
         +     connectOrCreate: ProgramAreaCreateOrConnectWithoutProgramsInput,
         +     connect: ProgramAreaWhereUniqueInput
         +   }
           }
         })

Argument `programArea` is missing.
Error on programNid=222: 
Invalid `model.create()` invocation in
C:\Users\ryanr\Documents\dev\NOC-data-2025\index.js:35:17

  32 
  33 async function safeCreate(model, data, idLabel) {
  34   try {
→ 35     await model.create({
           data: {
             nid: 222,
             title: "Master of Education in Special Education",
             duration: "Master's",
             credential: "Degree",
             programAreaNid: 11,
             viuSearchKeywords: null,
             nocSearchKeywords: [],
             knownNocGroups: [],
         +   programArea: {
         +     create: ProgramAreaCreateWithoutProgramsInput | ProgramAreaUncheckedCreateWithoutProgramsInput,
         +     connectOrCreate: ProgramAreaCreateOrConnectWithoutProgramsInput,
         +     connect: ProgramAreaWhereUniqueInput
         +   }
           }
         })

Argument `programArea` is missing.
Error on programNid=152: 
Invalid `model.create()` invocation in
C:\Users\ryanr\Documents\dev\NOC-data-2025\index.js:35:17

  32 
  33 async function safeCreate(model, data, idLabel) {
  34   try {
→ 35     await model.create({
           data: {
             nid: 152,
             title: "Office Administration",
             duration: null,
             credential: "Certificate",
             programAreaNid: 4,
             viuSearchKeywords: "accounting, book keeping, bookkeeping, financial assistant, legal assistant, office admin, office training, payroll assistant, receptionist, secretary, secretarial, office administration, paralegal",
             nocSearchKeywords: [],
             knownNocGroups: [],
         +   programArea: {
         +     create: ProgramAreaCreateWithoutProgramsInput | ProgramAreaUncheckedCreateWithoutProgramsInput,
         +     connectOrCreate: ProgramAreaCreateOrConnectWithoutProgramsInput,
         +     connect: ProgramAreaWhereUniqueInput
         +   }
           }
         })

Argument `programArea` is missing.
Error on programNid=217: 
Invalid `model.create()` invocation in
C:\Users\ryanr\Documents\dev\NOC-data-2025\index.js:35:17

  32 
  33 async function safeCreate(model, data, idLabel) {
  34   try {
→ 35     await model.create({
           data: {
             nid: 217,
             title: "Health Care Assistant",
             duration: null,
             credential: "Certificate",
             programAreaNid: 10,
             viuSearchKeywords: null,
             nocSearchKeywords: [],
             knownNocGroups: [],
         +   programArea: {
         +     create: ProgramAreaCreateWithoutProgramsInput | ProgramAreaUncheckedCreateWithoutProgramsInput,
         +     connectOrCreate: ProgramAreaCreateOrConnectWithoutProgramsInput,
         +     connect: ProgramAreaWhereUniqueInput
         +   }
           }
         })

Argument `programArea` is missing.
Error on programNid=190: 
Invalid `model.create()` invocation in
C:\Users\ryanr\Documents\dev\NOC-data-2025\index.js:35:17

  32 
  33 async function safeCreate(model, data, idLabel) {
  34   try {
→ 35     await model.create({
           data: {
             nid: 190,
             title: "Dental Assistant",
             duration: null,
             credential: "Certificate",
             programAreaNid: 10,
             viuSearchKeywords: "dentistry",
             nocSearchKeywords: [],
             knownNocGroups: [],
         +   programArea: {
         +     create: ProgramAreaCreateWithoutProgramsInput | ProgramAreaUncheckedCreateWithoutProgramsInput,
         +     connectOrCreate: ProgramAreaCreateOrConnectWithoutProgramsInput,
         +     connect: ProgramAreaWhereUniqueInput
         +   }
           }
         })

Argument `programArea` is missing.
Error on programNid=167: 
Invalid `model.create()` invocation in
C:\Users\ryanr\Documents\dev\NOC-data-2025\index.js:35:17

  32 
  33 async function safeCreate(model, data, idLabel) {
  34   try {
→ 35     await model.create({
           data: {
             nid: 167,
             title: "Community Mental Health Worker",
             duration: null,
             credential: "Certificate",
             programAreaNid: 10,
             viuSearchKeywords: "Continuing Education, Continuing Studies, public health",
             nocSearchKeywords: [],
             knownNocGroups: [],
         +   programArea: {
         +     create: ProgramAreaCreateWithoutProgramsInput | ProgramAreaUncheckedCreateWithoutProgramsInput,
         +     connectOrCreate: ProgramAreaCreateOrConnectWithoutProgramsInput,
         +     connect: ProgramAreaWhereUniqueInput
         +   }
           }
         })

Argument `programArea` is missing.
Error on programNid=146: 
Invalid `model.create()` invocation in
C:\Users\ryanr\Documents\dev\NOC-data-2025\index.js:35:17

  32 
  33 async function safeCreate(model, data, idLabel) {
  34   try {
→ 35     await model.create({
           data: {
             nid: 146,
             title: "Activity Assistant",
             duration: null,
             credential: "Certificate",
             programAreaNid: 10,
             viuSearchKeywords: "Continuing Education, Continuing Studies",
             nocSearchKeywords: [],
             knownNocGroups: [],
         +   programArea: {
         +     create: ProgramAreaCreateWithoutProgramsInput | ProgramAreaUncheckedCreateWithoutProgramsInput,
         +     connectOrCreate: ProgramAreaCreateOrConnectWithoutProgramsInput,
         +     connect: ProgramAreaWhereUniqueInput
         +   }
           }
         })

Argument `programArea` is missing.
Error on programNid=174: 
Invalid `model.create()` invocation in
C:\Users\ryanr\Documents\dev\NOC-data-2025\index.js:35:17

  32 
  33 async function safeCreate(model, data, idLabel) {
  34   try {
→ 35     await model.create({
           data: {
             nid: 174,
             title: "Child and Youth Care First Nations Diploma",
             duration: null,
             credential: "Diploma",
             programAreaNid: 5,
             viuSearchKeywords: "indigenous, Aboriginal",
             nocSearchKeywords: [],
             knownNocGroups: [],
         +   programArea: {
         +     create: ProgramAreaCreateWithoutProgramsInput | ProgramAreaUncheckedCreateWithoutProgramsInput,
         +     connectOrCreate: ProgramAreaCreateOrConnectWithoutProgramsInput,
         +     connect: ProgramAreaWhereUniqueInput
         +   }
           }
         })

Argument `programArea` is missing.
Error on programNid=143: 
Invalid `model.create()` invocation in
C:\Users\ryanr\Documents\dev\NOC-data-2025\index.js:35:17

  32 
  33 async function safeCreate(model, data, idLabel) {
  34   try {
→ 35     await model.create({
           data: {
             nid: 143,
             title: "Bachelor of Hospitality Management",
             duration: "Bachelor's",
             credential: "Degree",
             programAreaNid: 1,
             viuSearchKeywords: "Hotel Management",
             nocSearchKeywords: [],
             knownNocGroups: [],
         +   programArea: {
         +     create: ProgramAreaCreateWithoutProgramsInput | ProgramAreaUncheckedCreateWithoutProgramsInput,
         +     connectOrCreate: ProgramAreaCreateOrConnectWithoutProgramsInput,
         +     connect: ProgramAreaWhereUniqueInput
         +   }
           }
         })

Argument `programArea` is missing.
Error on programNid=256: 
Invalid `model.create()` invocation in
C:\Users\ryanr\Documents\dev\NOC-data-2025\index.js:35:17

  32 
  33 async function safeCreate(model, data, idLabel) {
  34   try {
→ 35     await model.create({
           data: {
             nid: 256,
             title: "Visual Art",
             duration: null,
             credential: "Diploma",
             programAreaNid: 6,
             viuSearchKeywords: "animator, animation",
             nocSearchKeywords: [],
             knownNocGroups: [],
         +   programArea: {
         +     create: ProgramAreaCreateWithoutProgramsInput | ProgramAreaUncheckedCreateWithoutProgramsInput,
         +     connectOrCreate: ProgramAreaCreateOrConnectWithoutProgramsInput,
         +     connect: ProgramAreaWhereUniqueInput
         +   }
           }
         })

Argument `programArea` is missing.
Error on programNid=261: 
Invalid `model.create()` invocation in
C:\Users\ryanr\Documents\dev\NOC-data-2025\index.js:35:17

  32 
  33 async function safeCreate(model, data, idLabel) {
  34   try {
→ 35     await model.create({
           data: {
             nid: 261,
             title: "Tourism Studies",
             duration: null,
             credential: "Diploma",
             programAreaNid: 1,
             viuSearchKeywords: null,
             nocSearchKeywords: [],
             knownNocGroups: [],
         +   programArea: {
         +     create: ProgramAreaCreateWithoutProgramsInput | ProgramAreaUncheckedCreateWithoutProgramsInput,
         +     connectOrCreate: ProgramAreaCreateOrConnectWithoutProgramsInput,
         +     connect: ProgramAreaWhereUniqueInput
         +   }
           }
         })

Argument `programArea` is missing.
Error on programNid=177: 
Invalid `model.create()` invocation in
C:\Users\ryanr\Documents\dev\NOC-data-2025\index.js:35:17

  32 
  33 async function safeCreate(model, data, idLabel) {
  34   try {
→ 35     await model.create({
           data: {
             nid: 177,
             title: "Business Fundamentals for Indigenous Communities",
             duration: null,
             credential: "Certificate",
             programAreaNid: 2,
             viuSearchKeywords: "analytics, buisness, commerce, First Nations, indigenous",
             nocSearchKeywords: [],
             knownNocGroups: [],
         +   programArea: {
         +     create: ProgramAreaCreateWithoutProgramsInput | ProgramAreaUncheckedCreateWithoutProgramsInput,
         +     connectOrCreate: ProgramAreaCreateOrConnectWithoutProgramsInput,
         +     connect: ProgramAreaWhereUniqueInput
         +   }
           }
         })

Argument `programArea` is missing.
Error on programNid=237: 
Invalid `model.create()` invocation in
C:\Users\ryanr\Documents\dev\NOC-data-2025\index.js:35:17

  32 
  33 async function safeCreate(model, data, idLabel) {
  34   try {
→ 35     await model.create({
           data: {
             nid: 237,
             title: "Hospitality Management Diploma",
             duration: null,
             credential: "Diploma",
             programAreaNid: 1,
             viuSearchKeywords: "Hotel Management",
             nocSearchKeywords: [],
             knownNocGroups: [],
         +   programArea: {
         +     create: ProgramAreaCreateWithoutProgramsInput | ProgramAreaUncheckedCreateWithoutProgramsInput,
         +     connectOrCreate: ProgramAreaCreateOrConnectWithoutProgramsInput,
         +     connect: ProgramAreaWhereUniqueInput
         +   }
           }
         })

Argument `programArea` is missing.
Error on programNid=139: 
Invalid `model.create()` invocation in
C:\Users\ryanr\Documents\dev\NOC-data-2025\index.js:35:17

  32 
  33 async function safeCreate(model, data, idLabel) {
  34   try {
→ 35     await model.create({
           data: {
             nid: 139,
             title: "Bachelor of Music in Jazz Studies",
             duration: "Bachelor's",
             credential: "Degree",
             programAreaNid: 6,
             viuSearchKeywords: "piano",
             nocSearchKeywords: [],
             knownNocGroups: [],
         +   programArea: {
         +     create: ProgramAreaCreateWithoutProgramsInput | ProgramAreaUncheckedCreateWithoutProgramsInput,
         +     connectOrCreate: ProgramAreaCreateOrConnectWithoutProgramsInput,
         +     connect: ProgramAreaWhereUniqueInput
         +   }
           }
         })

Argument `programArea` is missing.
Error on programNid=198: 
Invalid `model.create()` invocation in
C:\Users\ryanr\Documents\dev\NOC-data-2025\index.js:35:17

  32 
  33 async function safeCreate(model, data, idLabel) {
  34   try {
→ 35     await model.create({
           data: {
             nid: 198,
             title: "Dental Hygiene",
             duration: null,
             credential: "Diploma",
             programAreaNid: 10,
             viuSearchKeywords: "dentistry",
             nocSearchKeywords: [],
             knownNocGroups: [],
         +   programArea: {
         +     create: ProgramAreaCreateWithoutProgramsInput | ProgramAreaUncheckedCreateWithoutProgramsInput,
         +     connectOrCreate: ProgramAreaCreateOrConnectWithoutProgramsInput,
         +     connect: ProgramAreaWhereUniqueInput
         +   }
           }
         })

Argument `programArea` is missing.
Error on programNid=248: 
Invalid `model.create()` invocation in
C:\Users\ryanr\Documents\dev\NOC-data-2025\index.js:35:17

  32 
  33 async function safeCreate(model, data, idLabel) {
  34   try {
→ 35     await model.create({
           data: {
             nid: 248,
             title: "Recreation and Sport Management",
             duration: null,
             credential: "Diploma",
             programAreaNid: 1,
             viuSearchKeywords: "athletics",
             nocSearchKeywords: [],
             knownNocGroups: [],
         +   programArea: {
         +     create: ProgramAreaCreateWithoutProgramsInput | ProgramAreaUncheckedCreateWithoutProgramsInput,
         +     connectOrCreate: ProgramAreaCreateOrConnectWithoutProgramsInput,
         +     connect: ProgramAreaWhereUniqueInput
         +   }
           }
         })

Argument `programArea` is missing.
Error on programNid=231: 
Invalid `model.create()` invocation in
C:\Users\ryanr\Documents\dev\NOC-data-2025\index.js:35:17

  32 
  33 async function safeCreate(model, data, idLabel) {
  34   try {
→ 35     await model.create({
           data: {
             nid: 231,
             title: "Master of Arts in Sustainable Leisure Management",
             duration: "Master's",
             credential: "Degree",
             programAreaNid: 1,
             viuSearchKeywords: "travel",
             nocSearchKeywords: [],
             knownNocGroups: [],
         +   programArea: {
         +     create: ProgramAreaCreateWithoutProgramsInput | ProgramAreaUncheckedCreateWithoutProgramsInput,
         +     connectOrCreate: ProgramAreaCreateOrConnectWithoutProgramsInput,
         +     connect: ProgramAreaWhereUniqueInput
         +   }
           }
         })

Argument `programArea` is missing.
Error on programNid=196: 
Invalid `model.create()` invocation in
C:\Users\ryanr\Documents\dev\NOC-data-2025\index.js:35:17

  32 
  33 async function safeCreate(model, data, idLabel) {
  34   try {
→ 35     await model.create({
           data: {
             nid: 196,
             title: "Business Administration",
             duration: null,
             credential: "Diploma",
             programAreaNid: 2,
             viuSearchKeywords: "analytics, buisness, commerce, supply chain",
             nocSearchKeywords: [],
             knownNocGroups: [],
         +   programArea: {
         +     create: ProgramAreaCreateWithoutProgramsInput | ProgramAreaUncheckedCreateWithoutProgramsInput,
         +     connectOrCreate: ProgramAreaCreateOrConnectWithoutProgramsInput,
         +     connect: ProgramAreaWhereUniqueInput
         +   }
           }
         })

Argument `programArea` is missing.
Error on programNid=242: 
Invalid `model.create()` invocation in
C:\Users\ryanr\Documents\dev\NOC-data-2025\index.js:35:17

  32 
  33 async function safeCreate(model, data, idLabel) {
  34   try {
→ 35     await model.create({
           data: {
             nid: 242,
             title: "Workplace Essential Skills and Training",
             duration: null,
             credential: "Certificate",
             programAreaNid: 7,
             viuSearchKeywords: null,
             nocSearchKeywords: [],
             knownNocGroups: [],
         +   programArea: {
         +     create: ProgramAreaCreateWithoutProgramsInput | ProgramAreaUncheckedCreateWithoutProgramsInput,
         +     connectOrCreate: ProgramAreaCreateOrConnectWithoutProgramsInput,
         +     connect: ProgramAreaWhereUniqueInput
         +   }
           }
         })

Argument `programArea` is missing.
Error on programNid=207: 
Invalid `model.create()` invocation in
C:\Users\ryanr\Documents\dev\NOC-data-2025\index.js:35:17

  32 
  33 async function safeCreate(model, data, idLabel) {
  34   try {
→ 35     await model.create({
           data: {
             nid: 207,
             title: "Foundations for Success",
             duration: null,
             credential: "Certificate",
             programAreaNid: 7,
             viuSearchKeywords: "presentation skills training",
             nocSearchKeywords: [],
             knownNocGroups: [],
         +   programArea: {
         +     create: ProgramAreaCreateWithoutProgramsInput | ProgramAreaUncheckedCreateWithoutProgramsInput,
         +     connectOrCreate: ProgramAreaCreateOrConnectWithoutProgramsInput,
         +     connect: ProgramAreaWhereUniqueInput
         +   }
           }
         })

Argument `programArea` is missing.
Error on programNid=212: 
Invalid `model.create()` invocation in
C:\Users\ryanr\Documents\dev\NOC-data-2025\index.js:35:17

  32 
  33 async function safeCreate(model, data, idLabel) {
  34   try {
→ 35     await model.create({
           data: {
             nid: 212,
             title: "Bachelor of Design in Graphic Design",
             duration: "Bachelor's",
             credential: "Degree",
             programAreaNid: 6,
             viuSearchKeywords: "animator, animation, design, graphic design, photography",
             nocSearchKeywords: [],
             knownNocGroups: [],
         +   programArea: {
         +     create: ProgramAreaCreateWithoutProgramsInput | ProgramAreaUncheckedCreateWithoutProgramsInput,
         +     connectOrCreate: ProgramAreaCreateOrConnectWithoutProgramsInput,
         +     connect: ProgramAreaWhereUniqueInput
         +   }
           }
         })

Argument `programArea` is missing.
Error on programNid=251: 
Invalid `model.create()` invocation in
C:\Users\ryanr\Documents\dev\NOC-data-2025\index.js:35:17

  32 
  33 async function safeCreate(model, data, idLabel) {
  34   try {
→ 35     await model.create({
           data: {
             nid: 251,
             title: "Visual Art (BA)",
             duration: "Bachelor's",
             credential: "Degree",
             programAreaNid: 6,
             viuSearchKeywords: "animator, animation",
             nocSearchKeywords: [],
             knownNocGroups: [],
         +   programArea: {
         +     create: ProgramAreaCreateWithoutProgramsInput | ProgramAreaUncheckedCreateWithoutProgramsInput,
         +     connectOrCreate: ProgramAreaCreateOrConnectWithoutProgramsInput,
         +     connect: ProgramAreaWhereUniqueInput
         +   }
           }
         })

Argument `programArea` is missing.
Error on programNid=170: 
Invalid `model.create()` invocation in
C:\Users\ryanr\Documents\dev\NOC-data-2025\index.js:35:17

  32 
  33 async function safeCreate(model, data, idLabel) {
  34   try {
→ 35     await model.create({
           data: {
             nid: 170,
             title: "Bachelor of Science in Nursing",
             duration: "Bachelor's",
             credential: "Degree",
             programAreaNid: 10,
             viuSearchKeywords: "public health",
             nocSearchKeywords: [],
             knownNocGroups: [],
         +   programArea: {
         +     create: ProgramAreaCreateWithoutProgramsInput | ProgramAreaUncheckedCreateWithoutProgramsInput,
         +     connectOrCreate: ProgramAreaCreateOrConnectWithoutProgramsInput,
         +     connect: ProgramAreaWhereUniqueInput
         +   }
           }
         })

Argument `programArea` is missing.
Error on programNid=149: 
Invalid `model.create()` invocation in
C:\Users\ryanr\Documents\dev\NOC-data-2025\index.js:35:17

  32 
  33 async function safeCreate(model, data, idLabel) {
  34   try {
→ 35     await model.create({
           data: {
             nid: 149,
             title: "Bachelor of Interior Design",
             duration: "Bachelor's",
             credential: "Degree",
             programAreaNid: 6,
             viuSearchKeywords: "architecture",
             nocSearchKeywords: [],
             knownNocGroups: [],
         +   programArea: {
         +     create: ProgramAreaCreateWithoutProgramsInput | ProgramAreaUncheckedCreateWithoutProgramsInput,
         +     connectOrCreate: ProgramAreaCreateOrConnectWithoutProgramsInput,
         +     connect: ProgramAreaWhereUniqueInput
         +   }
           }
         })

Argument `programArea` is missing.
Error on programNid=208: 
Invalid `model.create()` invocation in
C:\Users\ryanr\Documents\dev\NOC-data-2025\index.js:35:17

  32 
  33 async function safeCreate(model, data, idLabel) {
  34   try {
→ 35     await model.create({
           data: {
             nid: 208,
             title: "Adult Basic Education",
             duration: null,
             credential: "Certificate",
             programAreaNid: 7,
             viuSearchKeywords: "ABE, Upgrading, Adult Graduation Diploma, Highschool courses, high school courses",
             nocSearchKeywords: [],
             knownNocGroups: [],
         +   programArea: {
         +     create: ProgramAreaCreateWithoutProgramsInput | ProgramAreaUncheckedCreateWithoutProgramsInput,
         +     connectOrCreate: ProgramAreaCreateOrConnectWithoutProgramsInput,
         +     connect: ProgramAreaWhereUniqueInput
         +   }
           }
         })

Argument `programArea` is missing.
Error on programNid=235: 
Invalid `model.create()` invocation in
C:\Users\ryanr\Documents\dev\NOC-data-2025\index.js:35:17

  32 
  33 async function safeCreate(model, data, idLabel) {
  34   try {
→ 35     await model.create({
           data: {
             nid: 235,
             title: "Master of Business Administration (MBA)",
             duration: "Master's",
             credential: "Degree",
             programAreaNid: 2,
             viuSearchKeywords: "analytics, buisness, commerce, masters in finance, supply chain",
             nocSearchKeywords: [],
             knownNocGroups: [],
         +   programArea: {
         +     create: ProgramAreaCreateWithoutProgramsInput | ProgramAreaUncheckedCreateWithoutProgramsInput,
         +     connectOrCreate: ProgramAreaCreateOrConnectWithoutProgramsInput,
         +     connect: ProgramAreaWhereUniqueInput
         +   }
           }
         })

Argument `programArea` is missing.
